******************************************************************************
                  TI ARM Linker PC v20.2.7                     
******************************************************************************
>> Linked Thu Feb  6 20:48:19 2025

OUTPUT FILE NAME:   <MissileProject.out>
ENTRY POINT SYMBOL: "_c_int00_noargs"  address: 0000123d


MEMORY CONFIGURATION

         name            origin    length      used     unused   attr    fill
----------------------  --------  ---------  --------  --------  ----  --------
  MAIN                  00000000   00200000  00001344  001fecbc  R  X
  INFO                  00200000   00008000  00000000  00008000  R  X
  SRAM_CODE             01000000   00040000  00000204  0003fdfc  RW X
  SRAM_DATA             20000000   00040000  00000204  0003fdfc  RW  


SEGMENT ALLOCATION MAP

run origin  load origin   length   init length attrs members
----------  ----------- ---------- ----------- ----- -------
00000000    00000000    00001348   00001348    r-x
  00000000    00000000    000000e8   000000e8    r-- .intvecs
  000000e8    000000e8    000011ac   000011ac    r-x .text
  00001298    00001298    00000098   00000098    r-- .const
  00001330    00001330    00000018   00000018    r-- .cinit
20000000    20000000    00000004   00000000    rw-
  20000000    20000000    00000004   00000000    rw- .data
2003fe00    2003fe00    00000200   00000000    rw-
  2003fe00    2003fe00    00000200   00000000    rw- .stack


SECTION ALLOCATION MAP

 output                                  attributes/
section   page    origin      length       input sections
--------  ----  ----------  ----------   ----------------
.intvecs   0    00000000    000000e8     
                  00000000    000000e8     startup_msp432p4111_ccs.obj (.intvecs:retain)

.text      0    000000e8    000011ac     
                  000000e8    00000350     system_msp432p4111.obj (.text)
                  00000438    000002ec     rtsv7M4_T_le_v4SPD16_eabi.lib : s_atan.c.obj (.text:atan)
                  00000724    000002d8     main.obj (.text)
                  000009fc    000001e4     rtsv7M4_T_le_v4SPD16_eabi.lib : e_atan2.c.obj (.text:atan2)
                  00000be0    000001b6                                   : fd_add_t2.asm.obj (.text)
                  00000d96    00000136                                   : fd_div_t2.asm.obj (.text)
                  00000ecc    000000fc                                   : fd_mul_t2.asm.obj (.text)
                  00000fc8    0000009c                                   : memcpy_t2.asm.obj (.text)
                  00001064    00000086                                   : fd_cmp_t2.asm.obj (.text:__aeabi_cdrcmple)
                  000010ea    0000006e                                   : fd_tos_t2.asm.obj (.text)
                  00001158    00000068                                   : copy_decompress_lzss.c.obj (.text:decompress:lzss:__TI_decompress_lzss)
                  000011c0    00000044                                   : autoinit.c.obj (.text:__TI_auto_init_nobinit_nopinit:__TI_auto_init_nobinit_nopinit)
                  00001204    00000038                                   : fs_tod_t2.asm.obj (.text)
                  0000123c    00000034                                   : boot_cortex_m.c.obj (.text:_c_int00_noargs:_c_int00_noargs)
                  00001270    0000000e                                   : copy_decompress_none.c.obj (.text:decompress:none:__TI_decompress_none)
                  0000127e    0000000e     startup_msp432p4111_ccs.obj (.text)
                  0000128c    00000004     rtsv7M4_T_le_v4SPD16_eabi.lib : pre_init.c.obj (.text:_system_pre_init)
                  00001290    00000004                                   : exit.c.obj (.text:abort:abort)

.const     0    00001298    00000098     
                  00001298    00000098     rtsv7M4_T_le_v4SPD16_eabi.lib : s_atan.c.obj (.const:$O1$$)

.cinit     0    00001330    00000018     
                  00001330    00000008     (.cinit..data.load) [load image, compression = lzss]
                  00001338    00000008     (__TI_handler_table)
                  00001340    00000008     (__TI_cinit_table)

.init_array 
*          0    00000000    00000000     UNINITIALIZED

.binit     0    00000000    00000000     

.data      0    20000000    00000004     UNINITIALIZED
                  20000000    00000004     system_msp432p4111.obj (.data)

.stack     0    2003fe00    00000200     UNINITIALIZED
                  2003fe00    00000004     rtsv7M4_T_le_v4SPD16_eabi.lib : boot_cortex_m.c.obj (.stack)
                  2003fe04    000001fc     --HOLE--

__llvm_prf_cnts 
*          0    20000000    00000000     UNINITIALIZED

MODULE SUMMARY

       Module                        code   ro data   rw data
       ------                        ----   -------   -------
    .\
       system_msp432p4111.obj        848    0         8      
       main.obj                      728    0         0      
       startup_msp432p4111_ccs.obj   14     232       0      
    +--+-----------------------------+------+---------+---------+
       Total:                        1590   232       8      
                                                             
    C:\ti\ccs1260\ccs\tools\compiler\ti-cgt-arm_20.2.7.LTS\lib\rtsv7M4_T_le_v4SPD16_eabi.lib
       s_atan.c.obj                  748    152       0      
       e_atan2.c.obj                 484    0         0      
       fd_add_t2.asm.obj             438    0         0      
       fd_div_t2.asm.obj             310    0         0      
       fd_mul_t2.asm.obj             252    0         0      
       memcpy_t2.asm.obj             156    0         0      
       fd_cmp_t2.asm.obj             134    0         0      
       fd_tos_t2.asm.obj             110    0         0      
       copy_decompress_lzss.c.obj    104    0         0      
       autoinit.c.obj                68     0         0      
       fs_tod_t2.asm.obj             56     0         0      
       boot_cortex_m.c.obj           52     0         0      
       copy_decompress_none.c.obj    14     0         0      
       exit.c.obj                    4      0         0      
       pre_init.c.obj                4      0         0      
    +--+-----------------------------+------+---------+---------+
       Total:                        2934   152       0      
                                                             
       Stack:                        0      0         1024   
       Linker Generated:             0      24        0      
    +--+-----------------------------+------+---------+---------+
       Grand Total:                  4524   408       1032   


LINKER GENERATED COPY TABLES

__TI_cinit_table @ 00001340 records: 1, size/record: 8, table size: 8
	.data: load addr=00001330, load size=00000008 bytes, run addr=20000000, run size=00000004 bytes, compression=lzss


LINKER GENERATED HANDLER TABLE

__TI_handler_table @ 00001338 records: 2, size/record: 4, table size: 8
	index: 0, handler: __TI_decompress_lzss
	index: 1, handler: __TI_decompress_none


GLOBAL SYMBOLS: SORTED ALPHABETICALLY BY Name 

address   name                          
-------   ----                          
0000128b  ADC14_IRQHandler              
0000128b  AES256_IRQHandler             
0000128b  BusFault_Handler              
00001291  C$$EXIT                       
0000128b  COMP_E0_IRQHandler            
0000128b  COMP_E1_IRQHandler            
0000128b  CS_IRQHandler                 
00000725  ConfigureServo                
0000128b  DMA_ERR_IRQHandler            
0000128b  DMA_INT0_IRQHandler           
0000128b  DMA_INT1_IRQHandler           
0000128b  DMA_INT2_IRQHandler           
0000128b  DMA_INT3_IRQHandler           
0000128b  DebugMon_Handler              
0000128b  Default_Handler               
0000128b  EUSCIA0_IRQHandler            
0000128b  EUSCIA1_IRQHandler            
0000128b  EUSCIA2_IRQHandler            
0000128b  EUSCIA3_IRQHandler            
0000128b  EUSCIB0_IRQHandler            
0000128b  EUSCIB1_IRQHandler            
0000128b  EUSCIB2_IRQHandler            
0000128b  EUSCIB3_IRQHandler            
0000128b  FLCTL_A_IRQHandler            
0000128b  FPU_IRQHandler                
0000128b  HardFault_Handler             
0000128b  LCD_F_IRQHandler              
0000128b  MemManage_Handler             
0000128b  NMI_Handler                   
0000128b  PCM_IRQHandler                
0000128b  PORT1_IRQHandler              
0000128b  PORT2_IRQHandler              
0000128b  PORT3_IRQHandler              
0000128b  PORT4_IRQHandler              
0000128b  PORT5_IRQHandler              
0000128b  PORT6_IRQHandler              
0000128b  PSS_IRQHandler                
0000128b  PendSV_Handler                
0000128b  RTC_C_IRQHandler              
0000127f  Reset_Handler                 
0000128b  SVC_Handler                   
0000128b  SysTick_Handler               
20000000  SystemCoreClock               
000000e9  SystemCoreClockUpdate         
00000361  SystemInit                    
0000128b  T32_INT1_IRQHandler           
0000128b  T32_INT2_IRQHandler           
0000128b  T32_INTC_IRQHandler           
0000128b  TA0_0_IRQHandler              
0000128b  TA0_N_IRQHandler              
0000128b  TA1_0_IRQHandler              
0000128b  TA1_N_IRQHandler              
0000128b  TA2_0_IRQHandler              
0000128b  TA2_N_IRQHandler              
0000128b  TA3_0_IRQHandler              
0000128b  TA3_N_IRQHandler              
0000128b  UsageFault_Handler            
4000480c  WDTCTL_SYM                    
0000128b  WDT_A_IRQHandler              
20040000  __STACK_END                   
00000200  __STACK_SIZE                  
00001340  __TI_CINIT_Base               
00001348  __TI_CINIT_Limit              
00001338  __TI_Handler_Table_Base       
00001340  __TI_Handler_Table_Limit      
000011c1  __TI_auto_init_nobinit_nopinit
00001159  __TI_decompress_lzss          
00001271  __TI_decompress_none          
ffffffff  __TI_pprof_out_hndl           
ffffffff  __TI_prof_data_size           
ffffffff  __TI_prof_data_start          
00000000  __TI_static_base__            
00001065  __aeabi_cdrcmple              
000010eb  __aeabi_d2f                   
00000beb  __aeabi_dadd                  
00000d97  __aeabi_ddiv                  
00000ecd  __aeabi_dmul                  
00000be1  __aeabi_dsub                  
00001205  __aeabi_f2d                   
00000fc9  __aeabi_memcpy                
00000fc9  __aeabi_memcpy4               
00000fc9  __aeabi_memcpy8               
ffffffff  __binit__                     
ffffffff  __c_args__                    
UNDEFED   __mpu_init                    
2003fe00  __stack                       
20000000  __start___llvm_prf_cnts       
20000000  __stop___llvm_prf_cnts        
0000123d  _c_int00_noargs               
UNDEFED   _system_post_cinit            
0000128d  _system_pre_init              
00001291  abort                         
00000439  atan                          
000009fd  atan2                         
000009fd  atan2l                        
00000439  atanl                         
ffffffff  binit                         
000007ad  calculateAngle                
00000000  interruptVectors              
00000953  main                          
00000fc9  memcpy                        
000008c5  setFinAngles                  
000007f3  setServoAngle                 


GLOBAL SYMBOLS: SORTED BY Symbol Address 

address   name                          
-------   ----                          
00000000  __TI_static_base__            
00000000  interruptVectors              
000000e9  SystemCoreClockUpdate         
00000200  __STACK_SIZE                  
00000361  SystemInit                    
00000439  atan                          
00000439  atanl                         
00000725  ConfigureServo                
000007ad  calculateAngle                
000007f3  setServoAngle                 
000008c5  setFinAngles                  
00000953  main                          
000009fd  atan2                         
000009fd  atan2l                        
00000be1  __aeabi_dsub                  
00000beb  __aeabi_dadd                  
00000d97  __aeabi_ddiv                  
00000ecd  __aeabi_dmul                  
00000fc9  __aeabi_memcpy                
00000fc9  __aeabi_memcpy4               
00000fc9  __aeabi_memcpy8               
00000fc9  memcpy                        
00001065  __aeabi_cdrcmple              
000010eb  __aeabi_d2f                   
00001159  __TI_decompress_lzss          
000011c1  __TI_auto_init_nobinit_nopinit
00001205  __aeabi_f2d                   
0000123d  _c_int00_noargs               
00001271  __TI_decompress_none          
0000127f  Reset_Handler                 
0000128b  ADC14_IRQHandler              
0000128b  AES256_IRQHandler             
0000128b  BusFault_Handler              
0000128b  COMP_E0_IRQHandler            
0000128b  COMP_E1_IRQHandler            
0000128b  CS_IRQHandler                 
0000128b  DMA_ERR_IRQHandler            
0000128b  DMA_INT0_IRQHandler           
0000128b  DMA_INT1_IRQHandler           
0000128b  DMA_INT2_IRQHandler           
0000128b  DMA_INT3_IRQHandler           
0000128b  DebugMon_Handler              
0000128b  Default_Handler               
0000128b  EUSCIA0_IRQHandler            
0000128b  EUSCIA1_IRQHandler            
0000128b  EUSCIA2_IRQHandler            
0000128b  EUSCIA3_IRQHandler            
0000128b  EUSCIB0_IRQHandler            
0000128b  EUSCIB1_IRQHandler            
0000128b  EUSCIB2_IRQHandler            
0000128b  EUSCIB3_IRQHandler            
0000128b  FLCTL_A_IRQHandler            
0000128b  FPU_IRQHandler                
0000128b  HardFault_Handler             
0000128b  LCD_F_IRQHandler              
0000128b  MemManage_Handler             
0000128b  NMI_Handler                   
0000128b  PCM_IRQHandler                
0000128b  PORT1_IRQHandler              
0000128b  PORT2_IRQHandler              
0000128b  PORT3_IRQHandler              
0000128b  PORT4_IRQHandler              
0000128b  PORT5_IRQHandler              
0000128b  PORT6_IRQHandler              
0000128b  PSS_IRQHandler                
0000128b  PendSV_Handler                
0000128b  RTC_C_IRQHandler              
0000128b  SVC_Handler                   
0000128b  SysTick_Handler               
0000128b  T32_INT1_IRQHandler           
0000128b  T32_INT2_IRQHandler           
0000128b  T32_INTC_IRQHandler           
0000128b  TA0_0_IRQHandler              
0000128b  TA0_N_IRQHandler              
0000128b  TA1_0_IRQHandler              
0000128b  TA1_N_IRQHandler              
0000128b  TA2_0_IRQHandler              
0000128b  TA2_N_IRQHandler              
0000128b  TA3_0_IRQHandler              
0000128b  TA3_N_IRQHandler              
0000128b  UsageFault_Handler            
0000128b  WDT_A_IRQHandler              
0000128d  _system_pre_init              
00001291  C$$EXIT                       
00001291  abort                         
00001338  __TI_Handler_Table_Base       
00001340  __TI_CINIT_Base               
00001340  __TI_Handler_Table_Limit      
00001348  __TI_CINIT_Limit              
20000000  SystemCoreClock               
20000000  __start___llvm_prf_cnts       
20000000  __stop___llvm_prf_cnts        
2003fe00  __stack                       
20040000  __STACK_END                   
4000480c  WDTCTL_SYM                    
ffffffff  __TI_pprof_out_hndl           
ffffffff  __TI_prof_data_size           
ffffffff  __TI_prof_data_start          
ffffffff  __binit__                     
ffffffff  __c_args__                    
ffffffff  binit                         
UNDEFED   __mpu_init                    
UNDEFED   _system_post_cinit            

[103 symbols]
