<?xml version="1.0" encoding="ISO-8859-1" ?>
<link_info>
   <banner>TI ARM Linker PC v20.2.7.LTS</banner>
   <copyright>Copyright (c) 1996-2018 Texas Instruments Incorporated</copyright>
   <link_time>0x67be38f3</link_time>
   <link_errors>0x0</link_errors>
   <output_file>Missile Final project.out</output_file>
   <entry_point>
      <name>_c_int00_noargs</name>
      <address>0x3f51</address>
   </entry_point>
   <input_file_list>
      <input_file id="fl-2">
         <path>.\</path>
         <kind>object</kind>
         <file>csHFXT.obj</file>
         <name>csHFXT.obj</name>
      </input_file>
      <input_file id="fl-3">
         <path>.\</path>
         <kind>object</kind>
         <file>mainMissileCodeJTCBRM.obj</file>
         <name>mainMissileCodeJTCBRM.obj</name>
      </input_file>
      <input_file id="fl-4">
         <path>.\</path>
         <kind>object</kind>
         <file>startup_msp432p4111_ccs.obj</file>
         <name>startup_msp432p4111_ccs.obj</name>
      </input_file>
      <input_file id="fl-5">
         <path>.\</path>
         <kind>object</kind>
         <file>stepper.obj</file>
         <name>stepper.obj</name>
      </input_file>
      <input_file id="fl-6">
         <path>.\</path>
         <kind>object</kind>
         <file>system_msp432p4111.obj</file>
         <name>system_msp432p4111.obj</name>
      </input_file>
      <input_file id="fl-a">
         <kind>object</kind>
         <file>&lt;internal&gt;</file>
         <name>&lt;internal&gt;</name>
      </input_file>
      <input_file id="fl-c0">
         <path>C:\ti\ccs1260\ccs\tools\compiler\ti-cgt-arm_20.2.7.LTS\lib\</path>
         <kind>archive</kind>
         <file>rtsv7M4_T_le_v4SPD16_eabi.lib</file>
         <name>e_atan2.c.obj</name>
      </input_file>
      <input_file id="fl-c1">
         <path>C:\ti\ccs1260\ccs\tools\compiler\ti-cgt-arm_20.2.7.LTS\lib\</path>
         <kind>archive</kind>
         <file>rtsv7M4_T_le_v4SPD16_eabi.lib</file>
         <name>e_pow.c.obj</name>
      </input_file>
      <input_file id="fl-c2">
         <path>C:\ti\ccs1260\ccs\tools\compiler\ti-cgt-arm_20.2.7.LTS\lib\</path>
         <kind>archive</kind>
         <file>rtsv7M4_T_le_v4SPD16_eabi.lib</file>
         <name>e_sqrt.c.obj</name>
      </input_file>
      <input_file id="fl-c3">
         <path>C:\ti\ccs1260\ccs\tools\compiler\ti-cgt-arm_20.2.7.LTS\lib\</path>
         <kind>archive</kind>
         <file>rtsv7M4_T_le_v4SPD16_eabi.lib</file>
         <name>s_atan.c.obj</name>
      </input_file>
      <input_file id="fl-c4">
         <path>C:\ti\ccs1260\ccs\tools\compiler\ti-cgt-arm_20.2.7.LTS\lib\</path>
         <kind>archive</kind>
         <file>rtsv7M4_T_le_v4SPD16_eabi.lib</file>
         <name>s_cos.c.obj</name>
      </input_file>
      <input_file id="fl-c5">
         <path>C:\ti\ccs1260\ccs\tools\compiler\ti-cgt-arm_20.2.7.LTS\lib\</path>
         <kind>archive</kind>
         <file>rtsv7M4_T_le_v4SPD16_eabi.lib</file>
         <name>s_scalbn.c.obj</name>
      </input_file>
      <input_file id="fl-c6">
         <path>C:\ti\ccs1260\ccs\tools\compiler\ti-cgt-arm_20.2.7.LTS\lib\</path>
         <kind>archive</kind>
         <file>rtsv7M4_T_le_v4SPD16_eabi.lib</file>
         <name>s_sin.c.obj</name>
      </input_file>
      <input_file id="fl-c7">
         <path>C:\ti\ccs1260\ccs\tools\compiler\ti-cgt-arm_20.2.7.LTS\lib\</path>
         <kind>archive</kind>
         <file>rtsv7M4_T_le_v4SPD16_eabi.lib</file>
         <name>fd_add_t2.asm.obj</name>
      </input_file>
      <input_file id="fl-c8">
         <path>C:\ti\ccs1260\ccs\tools\compiler\ti-cgt-arm_20.2.7.LTS\lib\</path>
         <kind>archive</kind>
         <file>rtsv7M4_T_le_v4SPD16_eabi.lib</file>
         <name>fd_cmp_t2.asm.obj</name>
      </input_file>
      <input_file id="fl-c9">
         <path>C:\ti\ccs1260\ccs\tools\compiler\ti-cgt-arm_20.2.7.LTS\lib\</path>
         <kind>archive</kind>
         <file>rtsv7M4_T_le_v4SPD16_eabi.lib</file>
         <name>fd_div_t2.asm.obj</name>
      </input_file>
      <input_file id="fl-ca">
         <path>C:\ti\ccs1260\ccs\tools\compiler\ti-cgt-arm_20.2.7.LTS\lib\</path>
         <kind>archive</kind>
         <file>rtsv7M4_T_le_v4SPD16_eabi.lib</file>
         <name>fd_mul_t2.asm.obj</name>
      </input_file>
      <input_file id="fl-cb">
         <path>C:\ti\ccs1260\ccs\tools\compiler\ti-cgt-arm_20.2.7.LTS\lib\</path>
         <kind>archive</kind>
         <file>rtsv7M4_T_le_v4SPD16_eabi.lib</file>
         <name>fd_toi_t2.asm.obj</name>
      </input_file>
      <input_file id="fl-cc">
         <path>C:\ti\ccs1260\ccs\tools\compiler\ti-cgt-arm_20.2.7.LTS\lib\</path>
         <kind>archive</kind>
         <file>rtsv7M4_T_le_v4SPD16_eabi.lib</file>
         <name>fd_tos_t2.asm.obj</name>
      </input_file>
      <input_file id="fl-cd">
         <path>C:\ti\ccs1260\ccs\tools\compiler\ti-cgt-arm_20.2.7.LTS\lib\</path>
         <kind>archive</kind>
         <file>rtsv7M4_T_le_v4SPD16_eabi.lib</file>
         <name>fs_tod_t2.asm.obj</name>
      </input_file>
      <input_file id="fl-ce">
         <path>C:\ti\ccs1260\ccs\tools\compiler\ti-cgt-arm_20.2.7.LTS\lib\</path>
         <kind>archive</kind>
         <file>rtsv7M4_T_le_v4SPD16_eabi.lib</file>
         <name>i_tofd_t2.asm.obj</name>
      </input_file>
      <input_file id="fl-cf">
         <path>C:\ti\ccs1260\ccs\tools\compiler\ti-cgt-arm_20.2.7.LTS\lib\</path>
         <kind>archive</kind>
         <file>rtsv7M4_T_le_v4SPD16_eabi.lib</file>
         <name>u_tofd_t2.asm.obj</name>
      </input_file>
      <input_file id="fl-d0">
         <path>C:\ti\ccs1260\ccs\tools\compiler\ti-cgt-arm_20.2.7.LTS\lib\</path>
         <kind>archive</kind>
         <file>rtsv7M4_T_le_v4SPD16_eabi.lib</file>
         <name>copy_zero_init.c.obj</name>
      </input_file>
      <input_file id="fl-d1">
         <path>C:\ti\ccs1260\ccs\tools\compiler\ti-cgt-arm_20.2.7.LTS\lib\</path>
         <kind>archive</kind>
         <file>rtsv7M4_T_le_v4SPD16_eabi.lib</file>
         <name>copy_decompress_none.c.obj</name>
      </input_file>
      <input_file id="fl-d2">
         <path>C:\ti\ccs1260\ccs\tools\compiler\ti-cgt-arm_20.2.7.LTS\lib\</path>
         <kind>archive</kind>
         <file>rtsv7M4_T_le_v4SPD16_eabi.lib</file>
         <name>copy_decompress_lzss.c.obj</name>
      </input_file>
      <input_file id="fl-d3">
         <path>C:\ti\ccs1260\ccs\tools\compiler\ti-cgt-arm_20.2.7.LTS\lib\</path>
         <kind>archive</kind>
         <file>rtsv7M4_T_le_v4SPD16_eabi.lib</file>
         <name>strcmp.c.obj</name>
      </input_file>
      <input_file id="fl-d4">
         <path>C:\ti\ccs1260\ccs\tools\compiler\ti-cgt-arm_20.2.7.LTS\lib\</path>
         <kind>archive</kind>
         <file>rtsv7M4_T_le_v4SPD16_eabi.lib</file>
         <name>k_rem_pio2.c.obj</name>
      </input_file>
      <input_file id="fl-d5">
         <path>C:\ti\ccs1260\ccs\tools\compiler\ti-cgt-arm_20.2.7.LTS\lib\</path>
         <kind>archive</kind>
         <file>rtsv7M4_T_le_v4SPD16_eabi.lib</file>
         <name>boot_cortex_m.c.obj</name>
      </input_file>
      <input_file id="fl-d6">
         <path>C:\ti\ccs1260\ccs\tools\compiler\ti-cgt-arm_20.2.7.LTS\lib\</path>
         <kind>archive</kind>
         <file>rtsv7M4_T_le_v4SPD16_eabi.lib</file>
         <name>errno.c.obj</name>
      </input_file>
      <input_file id="fl-d7">
         <path>C:\ti\ccs1260\ccs\tools\compiler\ti-cgt-arm_20.2.7.LTS\lib\</path>
         <kind>archive</kind>
         <file>rtsv7M4_T_le_v4SPD16_eabi.lib</file>
         <name>s_copysign.c.obj</name>
      </input_file>
      <input_file id="fl-d8">
         <path>C:\ti\ccs1260\ccs\tools\compiler\ti-cgt-arm_20.2.7.LTS\lib\</path>
         <kind>archive</kind>
         <file>rtsv7M4_T_le_v4SPD16_eabi.lib</file>
         <name>k_cos.c.obj</name>
      </input_file>
      <input_file id="fl-d9">
         <path>C:\ti\ccs1260\ccs\tools\compiler\ti-cgt-arm_20.2.7.LTS\lib\</path>
         <kind>archive</kind>
         <file>rtsv7M4_T_le_v4SPD16_eabi.lib</file>
         <name>k_sin.c.obj</name>
      </input_file>
      <input_file id="fl-da">
         <path>C:\ti\ccs1260\ccs\tools\compiler\ti-cgt-arm_20.2.7.LTS\lib\</path>
         <kind>archive</kind>
         <file>rtsv7M4_T_le_v4SPD16_eabi.lib</file>
         <name>s_floor.c.obj</name>
      </input_file>
      <input_file id="fl-db">
         <path>C:\ti\ccs1260\ccs\tools\compiler\ti-cgt-arm_20.2.7.LTS\lib\</path>
         <kind>archive</kind>
         <file>rtsv7M4_T_le_v4SPD16_eabi.lib</file>
         <name>memcpy_t2.asm.obj</name>
      </input_file>
      <input_file id="fl-dc">
         <path>C:\ti\ccs1260\ccs\tools\compiler\ti-cgt-arm_20.2.7.LTS\lib\</path>
         <kind>archive</kind>
         <file>rtsv7M4_T_le_v4SPD16_eabi.lib</file>
         <name>memset_t2.asm.obj</name>
      </input_file>
      <input_file id="fl-dd">
         <path>C:\ti\ccs1260\ccs\tools\compiler\ti-cgt-arm_20.2.7.LTS\lib\</path>
         <kind>archive</kind>
         <file>rtsv7M4_T_le_v4SPD16_eabi.lib</file>
         <name>autoinit.c.obj</name>
      </input_file>
      <input_file id="fl-de">
         <path>C:\ti\ccs1260\ccs\tools\compiler\ti-cgt-arm_20.2.7.LTS\lib\</path>
         <kind>archive</kind>
         <file>rtsv7M4_T_le_v4SPD16_eabi.lib</file>
         <name>pre_init.c.obj</name>
      </input_file>
      <input_file id="fl-df">
         <path>C:\ti\ccs1260\ccs\tools\compiler\ti-cgt-arm_20.2.7.LTS\lib\</path>
         <kind>archive</kind>
         <file>rtsv7M4_T_le_v4SPD16_eabi.lib</file>
         <name>cpy_tbl.c.obj</name>
      </input_file>
      <input_file id="fl-e0">
         <path>C:\ti\ccs1260\ccs\tools\compiler\ti-cgt-arm_20.2.7.LTS\lib\</path>
         <kind>archive</kind>
         <file>rtsv7M4_T_le_v4SPD16_eabi.lib</file>
         <name>exit.c.obj</name>
      </input_file>
      <input_file id="fl-e1">
         <path>C:\ti\ccs1260\ccs\tools\compiler\ti-cgt-arm_20.2.7.LTS\lib\</path>
         <kind>archive</kind>
         <file>rtsv7M4_T_le_v4SPD16_eabi.lib</file>
         <name>_lock.c.obj</name>
      </input_file>
      <input_file id="fl-e2">
         <path>C:\ti\ccs1260\ccs\tools\compiler\ti-cgt-arm_20.2.7.LTS\lib\</path>
         <kind>archive</kind>
         <file>rtsv7M4_T_le_v4SPD16_eabi.lib</file>
         <name>args_main.c.obj</name>
      </input_file>
   </input_file_list>
   <object_component_list>
      <object_component id="oc-26">
         <name>.intvecs:retain</name>
         <load_address>0x0</load_address>
         <run_address>0x0</run_address>
         <size>0xe8</size>
         <input_file_ref idref="fl-4"/>
      </object_component>
      <object_component id="oc-73">
         <name>.text</name>
         <load_address>0xe8</load_address>
         <run_address>0xe8</run_address>
         <size>0xa24</size>
         <input_file_ref idref="fl-3"/>
      </object_component>
      <object_component id="oc-de">
         <name>.text:pow</name>
         <load_address>0xb0c</load_address>
         <run_address>0xb0c</run_address>
         <size>0x9d0</size>
         <input_file_ref idref="fl-c1"/>
      </object_component>
      <object_component id="oc-1ad">
         <name>.text:__kernel_rem_pio2</name>
         <load_address>0x14dc</load_address>
         <run_address>0x14dc</run_address>
         <size>0x738</size>
         <input_file_ref idref="fl-d4"/>
      </object_component>
      <object_component id="oc-ea">
         <name>.text:sin</name>
         <load_address>0x1c14</load_address>
         <run_address>0x1c14</run_address>
         <size>0x5e0</size>
         <input_file_ref idref="fl-c6"/>
      </object_component>
      <object_component id="oc-e4">
         <name>.text:cos</name>
         <load_address>0x21f4</load_address>
         <run_address>0x21f4</run_address>
         <size>0x5dc</size>
         <input_file_ref idref="fl-c4"/>
      </object_component>
      <object_component id="oc-ab">
         <name>.text</name>
         <load_address>0x27d0</load_address>
         <run_address>0x27d0</run_address>
         <size>0x350</size>
         <input_file_ref idref="fl-6"/>
      </object_component>
      <object_component id="oc-16c">
         <name>.text:atan</name>
         <load_address>0x2b20</load_address>
         <run_address>0x2b20</run_address>
         <size>0x2ec</size>
         <input_file_ref idref="fl-c3"/>
      </object_component>
      <object_component id="oc-bb">
         <name>.text:atan2</name>
         <load_address>0x2e0c</load_address>
         <run_address>0x2e0c</run_address>
         <size>0x1e4</size>
         <input_file_ref idref="fl-c0"/>
      </object_component>
      <object_component id="oc-d0">
         <name>.text</name>
         <load_address>0x2ff0</load_address>
         <run_address>0x2ff0</run_address>
         <size>0x1b6</size>
         <input_file_ref idref="fl-c7"/>
      </object_component>
      <object_component id="oc-1b3">
         <name>.text:__kernel_sin</name>
         <load_address>0x31a8</load_address>
         <run_address>0x31a8</run_address>
         <size>0x174</size>
         <input_file_ref idref="fl-d9"/>
      </object_component>
      <object_component id="oc-1a7">
         <name>.text:__kernel_cos</name>
         <load_address>0x331c</load_address>
         <run_address>0x331c</run_address>
         <size>0x170</size>
         <input_file_ref idref="fl-d8"/>
      </object_component>
      <object_component id="oc-180">
         <name>.text:sqrt</name>
         <load_address>0x348c</load_address>
         <run_address>0x348c</run_address>
         <size>0x158</size>
         <input_file_ref idref="fl-c2"/>
      </object_component>
      <object_component id="oc-c6">
         <name>.text</name>
         <load_address>0x35e4</load_address>
         <run_address>0x35e4</run_address>
         <size>0x136</size>
         <input_file_ref idref="fl-c9"/>
      </object_component>
      <object_component id="oc-199">
         <name>.text:scalbn</name>
         <load_address>0x371c</load_address>
         <run_address>0x371c</run_address>
         <size>0x110</size>
         <input_file_ref idref="fl-c5"/>
      </object_component>
      <object_component id="oc-6d">
         <name>.text</name>
         <load_address>0x382c</load_address>
         <run_address>0x382c</run_address>
         <size>0x104</size>
         <input_file_ref idref="fl-5"/>
      </object_component>
      <object_component id="oc-c1">
         <name>.text</name>
         <load_address>0x3930</load_address>
         <run_address>0x3930</run_address>
         <size>0xfc</size>
         <input_file_ref idref="fl-ca"/>
      </object_component>
      <object_component id="oc-21f">
         <name>.text:floor</name>
         <load_address>0x3a2c</load_address>
         <run_address>0x3a2c</run_address>
         <size>0xf8</size>
         <input_file_ref idref="fl-da"/>
      </object_component>
      <object_component id="oc-d8">
         <name>.text</name>
         <load_address>0x3b24</load_address>
         <run_address>0x3b24</run_address>
         <size>0xe8</size>
         <input_file_ref idref="fl-2"/>
      </object_component>
      <object_component id="oc-37">
         <name>.text</name>
         <load_address>0x3c0c</load_address>
         <run_address>0x3c0c</run_address>
         <size>0x9c</size>
         <input_file_ref idref="fl-db"/>
      </object_component>
      <object_component id="oc-194">
         <name>.text:__aeabi_cdcmple</name>
         <load_address>0x3ca8</load_address>
         <run_address>0x3ca8</run_address>
         <size>0x86</size>
         <input_file_ref idref="fl-c8"/>
      </object_component>
      <object_component id="oc-f5">
         <name>.text:__aeabi_cdrcmple</name>
         <load_address>0x3d2e</load_address>
         <run_address>0x3d2e</run_address>
         <size>0x86</size>
         <input_file_ref idref="fl-c8"/>
      </object_component>
      <object_component id="oc-cb">
         <name>.text</name>
         <load_address>0x3db4</load_address>
         <run_address>0x3db4</run_address>
         <size>0x6e</size>
         <input_file_ref idref="fl-cc"/>
      </object_component>
      <object_component id="oc-17">
         <name>.text:decompress:lzss:__TI_decompress_lzss</name>
         <load_address>0x3e22</load_address>
         <run_address>0x3e22</run_address>
         <size>0x68</size>
         <input_file_ref idref="fl-d2"/>
      </object_component>
      <object_component id="oc-1a2">
         <name>.text</name>
         <load_address>0x3e8a</load_address>
         <run_address>0x3e8a</run_address>
         <size>0x48</size>
         <input_file_ref idref="fl-cb"/>
      </object_component>
      <object_component id="oc-133">
         <name>.text:__TI_auto_init_nobinit_nopinit:__TI_auto_init_nobinit_nopinit</name>
         <load_address>0x3ed4</load_address>
         <run_address>0x3ed4</run_address>
         <size>0x44</size>
         <input_file_ref idref="fl-dd"/>
      </object_component>
      <object_component id="oc-b6">
         <name>.text</name>
         <load_address>0x3f18</load_address>
         <run_address>0x3f18</run_address>
         <size>0x38</size>
         <input_file_ref idref="fl-cd"/>
      </object_component>
      <object_component id="oc-55">
         <name>.text:_c_int00_noargs:_c_int00_noargs</name>
         <load_address>0x3f50</load_address>
         <run_address>0x3f50</run_address>
         <size>0x34</size>
         <input_file_ref idref="fl-d5"/>
      </object_component>
      <object_component id="oc-18c">
         <name>.text</name>
         <load_address>0x3f84</load_address>
         <run_address>0x3f84</run_address>
         <size>0x2e</size>
         <input_file_ref idref="fl-ce"/>
      </object_component>
      <object_component id="oc-f0">
         <name>.text</name>
         <load_address>0x3fb2</load_address>
         <run_address>0x3fb2</run_address>
         <size>0x20</size>
         <input_file_ref idref="fl-cf"/>
      </object_component>
      <object_component id="oc-43">
         <name>.text:decompress:ZI:__TI_zero_init_nomemset:__TI_zero_init_nomemset</name>
         <load_address>0x3fd2</load_address>
         <run_address>0x3fd2</run_address>
         <size>0x1c</size>
         <input_file_ref idref="fl-d0"/>
      </object_component>
      <object_component id="oc-20d">
         <name>.text:copysign</name>
         <load_address>0x3fee</load_address>
         <run_address>0x3fee</run_address>
         <size>0x1a</size>
         <input_file_ref idref="fl-d7"/>
      </object_component>
      <object_component id="oc-fa">
         <name>.text:strcmp</name>
         <load_address>0x4008</load_address>
         <run_address>0x4008</run_address>
         <size>0x18</size>
         <input_file_ref idref="fl-d3"/>
      </object_component>
      <object_component id="oc-1d">
         <name>.text:decompress:none:__TI_decompress_none</name>
         <load_address>0x4020</load_address>
         <run_address>0x4020</run_address>
         <size>0xe</size>
         <input_file_ref idref="fl-d1"/>
      </object_component>
      <object_component id="oc-67">
         <name>.text</name>
         <load_address>0x402e</load_address>
         <run_address>0x402e</run_address>
         <size>0xe</size>
         <input_file_ref idref="fl-4"/>
      </object_component>
      <object_component id="oc-186">
         <name>.text:__aeabi_errno_addr</name>
         <load_address>0x403c</load_address>
         <run_address>0x403c</run_address>
         <size>0x8</size>
         <input_file_ref idref="fl-d6"/>
      </object_component>
      <object_component id="oc-99">
         <name>.text:_system_pre_init</name>
         <load_address>0x4044</load_address>
         <run_address>0x4044</run_address>
         <size>0x4</size>
         <input_file_ref idref="fl-de"/>
      </object_component>
      <object_component id="oc-127">
         <name>.text:abort:abort</name>
         <load_address>0x4048</load_address>
         <run_address>0x4048</run_address>
         <size>0x4</size>
         <input_file_ref idref="fl-e0"/>
      </object_component>
      <object_component id="oc-225">
         <name>.const:$O1$$</name>
         <load_address>0x4050</load_address>
         <run_address>0x4050</run_address>
         <size>0x158</size>
         <input_file_ref idref="fl-d4"/>
      </object_component>
      <object_component id="oc-1f7">
         <name>.const:$O1$$</name>
         <load_address>0x41a8</load_address>
         <run_address>0x41a8</run_address>
         <size>0x98</size>
         <input_file_ref idref="fl-c3"/>
      </object_component>
      <object_component id="oc-191">
         <name>.const:$O1$$</name>
         <load_address>0x4240</load_address>
         <run_address>0x4240</run_address>
         <size>0x30</size>
         <input_file_ref idref="fl-c1"/>
      </object_component>
      <object_component id="oc-2bb">
         <name>.cinit..data.load</name>
         <load_address>0x4270</load_address>
         <run_address>0x4270</run_address>
         <size>0x15</size>
      </object_component>
      <object_component id="oc-2b9">
         <name>__TI_handler_table</name>
         <load_address>0x4288</load_address>
         <run_address>0x4288</run_address>
         <size>0xc</size>
      </object_component>
      <object_component id="oc-2bc">
         <name>.cinit..bss.load</name>
         <load_address>0x4298</load_address>
         <run_address>0x4298</run_address>
         <size>0x8</size>
      </object_component>
      <object_component id="oc-2ba">
         <name>__TI_cinit_table</name>
         <load_address>0x42a0</load_address>
         <run_address>0x42a0</run_address>
         <size>0x10</size>
      </object_component>
      <object_component id="oc-28d">
         <name>.binit</name>
         <load_address>0x0</load_address>
         <run_address>0x0</run_address>
         <size>0x0</size>
      </object_component>
      <object_component id="oc-100">
         <name>.data</name>
         <load_address>0x20000000</load_address>
         <run_address>0x20000000</run_address>
         <size>0x7</size>
         <input_file_ref idref="fl-3"/>
      </object_component>
      <object_component id="oc-b2">
         <name>.data</name>
         <load_address>0x20000008</load_address>
         <run_address>0x20000008</run_address>
         <size>0x7</size>
         <input_file_ref idref="fl-5"/>
      </object_component>
      <object_component id="oc-165">
         <name>.data</name>
         <load_address>0x20000014</load_address>
         <run_address>0x20000014</run_address>
         <size>0x4</size>
         <input_file_ref idref="fl-6"/>
      </object_component>
      <object_component id="oc-204">
         <name>.data</name>
         <load_address>0x20000010</load_address>
         <run_address>0x20000010</run_address>
         <size>0x4</size>
         <input_file_ref idref="fl-d6"/>
      </object_component>
      <object_component id="oc-d5">
         <name>.bss</name>
         <uninitialized>true</uninitialized>
         <run_address>0x20000020</run_address>
         <size>0x2</size>
         <input_file_ref idref="fl-3"/>
      </object_component>
      <object_component id="oc-103">
         <name>.bss:buffer$1</name>
         <uninitialized>true</uninitialized>
         <run_address>0x20000018</run_address>
         <size>0x8</size>
         <input_file_ref idref="fl-3"/>
      </object_component>
      <object_component id="oc-29">
         <name>.stack</name>
         <uninitialized>true</uninitialized>
         <run_address>0x2003fe00</run_address>
         <size>0x4</size>
         <input_file_ref idref="fl-d5"/>
      </object_component>
      <object_component id="oc-2be">
         <name>.stack</name>
         <uninitialized>true</uninitialized>
         <run_address>0x2003fe00</run_address>
         <size>0x0</size>
      </object_component>
      <object_component id="oc-1d4">
         <name>.debug_info</name>
         <load_address>0x0</load_address>
         <run_address>0x0</run_address>
         <size>0x56c</size>
         <input_file_ref idref="fl-2"/>
      </object_component>
      <object_component id="oc-d9">
         <name>.debug_info</name>
         <load_address>0x56c</load_address>
         <run_address>0x56c</run_address>
         <size>0x15d</size>
         <input_file_ref idref="fl-2"/>
      </object_component>
      <object_component id="oc-235">
         <name>.debug_info</name>
         <load_address>0x6c9</load_address>
         <run_address>0x6c9</run_address>
         <size>0x3c27</size>
         <input_file_ref idref="fl-2"/>
      </object_component>
      <object_component id="oc-112">
         <name>.debug_info</name>
         <load_address>0x42f0</load_address>
         <run_address>0x42f0</run_address>
         <size>0x26b</size>
         <input_file_ref idref="fl-2"/>
      </object_component>
      <object_component id="oc-1cf">
         <name>.debug_info</name>
         <load_address>0x455b</load_address>
         <run_address>0x455b</run_address>
         <size>0x1055</size>
         <input_file_ref idref="fl-2"/>
      </object_component>
      <object_component id="oc-32">
         <name>.debug_info</name>
         <load_address>0x55b0</load_address>
         <run_address>0x55b0</run_address>
         <size>0x84</size>
         <input_file_ref idref="fl-2"/>
      </object_component>
      <object_component id="oc-1c3">
         <name>.debug_info</name>
         <load_address>0x5634</load_address>
         <run_address>0x5634</run_address>
         <size>0x2a4</size>
         <input_file_ref idref="fl-2"/>
      </object_component>
      <object_component id="oc-10a">
         <name>.debug_info</name>
         <load_address>0x58d8</load_address>
         <run_address>0x58d8</run_address>
         <size>0xbb</size>
         <input_file_ref idref="fl-2"/>
      </object_component>
      <object_component id="oc-10f">
         <name>.debug_info</name>
         <load_address>0x5993</load_address>
         <run_address>0x5993</run_address>
         <size>0x6c8</size>
         <input_file_ref idref="fl-3"/>
      </object_component>
      <object_component id="oc-d6">
         <name>.debug_info</name>
         <load_address>0x605b</load_address>
         <run_address>0x605b</run_address>
         <size>0xf3</size>
         <input_file_ref idref="fl-3"/>
      </object_component>
      <object_component id="oc-101">
         <name>.debug_info</name>
         <load_address>0x614e</load_address>
         <run_address>0x614e</run_address>
         <size>0x148</size>
         <input_file_ref idref="fl-3"/>
      </object_component>
      <object_component id="oc-74">
         <name>.debug_info</name>
         <load_address>0x6296</load_address>
         <run_address>0x6296</run_address>
         <size>0xe75</size>
         <input_file_ref idref="fl-3"/>
      </object_component>
      <object_component id="oc-1ca">
         <name>.debug_info</name>
         <load_address>0x710b</load_address>
         <run_address>0x710b</run_address>
         <size>0x3c27</size>
         <input_file_ref idref="fl-3"/>
      </object_component>
      <object_component id="oc-105">
         <name>.debug_info</name>
         <load_address>0xad32</load_address>
         <run_address>0xad32</run_address>
         <size>0x8b</size>
         <input_file_ref idref="fl-3"/>
      </object_component>
      <object_component id="oc-7b">
         <name>.debug_info</name>
         <load_address>0xadbd</load_address>
         <run_address>0xadbd</run_address>
         <size>0x2d2</size>
         <input_file_ref idref="fl-4"/>
      </object_component>
      <object_component id="oc-27">
         <name>.debug_info</name>
         <load_address>0xb08f</load_address>
         <run_address>0xb08f</run_address>
         <size>0xfe</size>
         <input_file_ref idref="fl-4"/>
      </object_component>
      <object_component id="oc-68">
         <name>.debug_info</name>
         <load_address>0xb18d</load_address>
         <run_address>0xb18d</run_address>
         <size>0x1c5</size>
         <input_file_ref idref="fl-4"/>
      </object_component>
      <object_component id="oc-b3">
         <name>.debug_info</name>
         <load_address>0xb352</load_address>
         <run_address>0xb352</run_address>
         <size>0xfd</size>
         <input_file_ref idref="fl-5"/>
      </object_component>
      <object_component id="oc-6f">
         <name>.debug_info</name>
         <load_address>0xb44f</load_address>
         <run_address>0xb44f</run_address>
         <size>0x2c1</size>
         <input_file_ref idref="fl-5"/>
      </object_component>
      <object_component id="oc-166">
         <name>.debug_info</name>
         <load_address>0xb710</load_address>
         <run_address>0xb710</run_address>
         <size>0xf7</size>
         <input_file_ref idref="fl-6"/>
      </object_component>
      <object_component id="oc-ac">
         <name>.debug_info</name>
         <load_address>0xb807</load_address>
         <run_address>0xb807</run_address>
         <size>0x269</size>
         <input_file_ref idref="fl-6"/>
      </object_component>
      <object_component id="oc-173">
         <name>.debug_info</name>
         <load_address>0xba70</load_address>
         <run_address>0xba70</run_address>
         <size>0x2a9</size>
         <input_file_ref idref="fl-c0"/>
      </object_component>
      <object_component id="oc-bf">
         <name>.debug_info</name>
         <load_address>0xbd19</load_address>
         <run_address>0xbd19</run_address>
         <size>0x247</size>
         <input_file_ref idref="fl-c0"/>
      </object_component>
      <object_component id="oc-1fd">
         <name>.debug_info</name>
         <load_address>0xbf60</load_address>
         <run_address>0xbf60</run_address>
         <size>0x46</size>
         <input_file_ref idref="fl-c0"/>
      </object_component>
      <object_component id="oc-174">
         <name>.debug_info</name>
         <load_address>0xbfa6</load_address>
         <run_address>0xbfa6</run_address>
         <size>0x39</size>
         <input_file_ref idref="fl-c0"/>
      </object_component>
      <object_component id="oc-1a0">
         <name>.debug_info</name>
         <load_address>0xbfdf</load_address>
         <run_address>0xbfdf</run_address>
         <size>0x35e</size>
         <input_file_ref idref="fl-c1"/>
      </object_component>
      <object_component id="oc-192">
         <name>.debug_info</name>
         <load_address>0xc33d</load_address>
         <run_address>0xc33d</run_address>
         <size>0x128</size>
         <input_file_ref idref="fl-c1"/>
      </object_component>
      <object_component id="oc-e2">
         <name>.debug_info</name>
         <load_address>0xc465</load_address>
         <run_address>0xc465</run_address>
         <size>0xbf2</size>
         <input_file_ref idref="fl-c1"/>
      </object_component>
      <object_component id="oc-203">
         <name>.debug_info</name>
         <load_address>0xd057</load_address>
         <run_address>0xd057</run_address>
         <size>0x2c5</size>
         <input_file_ref idref="fl-c2"/>
      </object_component>
      <object_component id="oc-184">
         <name>.debug_info</name>
         <load_address>0xd31c</load_address>
         <run_address>0xd31c</run_address>
         <size>0x24e</size>
         <input_file_ref idref="fl-c2"/>
      </object_component>
      <object_component id="oc-25d">
         <name>.debug_info</name>
         <load_address>0xd56a</load_address>
         <run_address>0xd56a</run_address>
         <size>0x2f2</size>
         <input_file_ref idref="fl-c3"/>
      </object_component>
      <object_component id="oc-1f8">
         <name>.debug_info</name>
         <load_address>0xd85c</load_address>
         <run_address>0xd85c</run_address>
         <size>0x131</size>
         <input_file_ref idref="fl-c3"/>
      </object_component>
      <object_component id="oc-170">
         <name>.debug_info</name>
         <load_address>0xd98d</load_address>
         <run_address>0xd98d</run_address>
         <size>0x4ac</size>
         <input_file_ref idref="fl-c3"/>
      </object_component>
      <object_component id="oc-1ba">
         <name>.debug_info</name>
         <load_address>0xde39</load_address>
         <run_address>0xde39</run_address>
         <size>0x361</size>
         <input_file_ref idref="fl-c4"/>
      </object_component>
      <object_component id="oc-e8">
         <name>.debug_info</name>
         <load_address>0xe19a</load_address>
         <run_address>0xe19a</run_address>
         <size>0x79b</size>
         <input_file_ref idref="fl-c4"/>
      </object_component>
      <object_component id="oc-214">
         <name>.debug_info</name>
         <load_address>0xe935</load_address>
         <run_address>0xe935</run_address>
         <size>0x2f8</size>
         <input_file_ref idref="fl-c5"/>
      </object_component>
      <object_component id="oc-19d">
         <name>.debug_info</name>
         <load_address>0xec2d</load_address>
         <run_address>0xec2d</run_address>
         <size>0x225</size>
         <input_file_ref idref="fl-c5"/>
      </object_component>
      <object_component id="oc-268">
         <name>.debug_info</name>
         <load_address>0xee52</load_address>
         <run_address>0xee52</run_address>
         <size>0x39</size>
         <input_file_ref idref="fl-c5"/>
      </object_component>
      <object_component id="oc-215">
         <name>.debug_info</name>
         <load_address>0xee8b</load_address>
         <run_address>0xee8b</run_address>
         <size>0x2c</size>
         <input_file_ref idref="fl-c5"/>
      </object_component>
      <object_component id="oc-1bc">
         <name>.debug_info</name>
         <load_address>0xeeb7</load_address>
         <run_address>0xeeb7</run_address>
         <size>0x361</size>
         <input_file_ref idref="fl-c6"/>
      </object_component>
      <object_component id="oc-ec">
         <name>.debug_info</name>
         <load_address>0xf218</load_address>
         <run_address>0xf218</run_address>
         <size>0x7ae</size>
         <input_file_ref idref="fl-c6"/>
      </object_component>
      <object_component id="oc-d3">
         <name>.debug_info</name>
         <load_address>0xf9c6</load_address>
         <run_address>0xf9c6</run_address>
         <size>0x14c</size>
         <input_file_ref idref="fl-c7"/>
      </object_component>
      <object_component id="oc-197">
         <name>.debug_info</name>
         <load_address>0xfb12</load_address>
         <run_address>0xfb12</run_address>
         <size>0x128</size>
         <input_file_ref idref="fl-c8"/>
      </object_component>
      <object_component id="oc-f8">
         <name>.debug_info</name>
         <load_address>0xfc3a</load_address>
         <run_address>0xfc3a</run_address>
         <size>0x12a</size>
         <input_file_ref idref="fl-c8"/>
      </object_component>
      <object_component id="oc-c9">
         <name>.debug_info</name>
         <load_address>0xfd64</load_address>
         <run_address>0xfd64</run_address>
         <size>0x13a</size>
         <input_file_ref idref="fl-c9"/>
      </object_component>
      <object_component id="oc-c4">
         <name>.debug_info</name>
         <load_address>0xfe9e</load_address>
         <run_address>0xfe9e</run_address>
         <size>0x13a</size>
         <input_file_ref idref="fl-ca"/>
      </object_component>
      <object_component id="oc-1a3">
         <name>.debug_info</name>
         <load_address>0xffd8</load_address>
         <run_address>0xffd8</run_address>
         <size>0x12e</size>
         <input_file_ref idref="fl-cb"/>
      </object_component>
      <object_component id="oc-cc">
         <name>.debug_info</name>
         <load_address>0x10106</load_address>
         <run_address>0x10106</run_address>
         <size>0x13e</size>
         <input_file_ref idref="fl-cc"/>
      </object_component>
      <object_component id="oc-b9">
         <name>.debug_info</name>
         <load_address>0x10244</load_address>
         <run_address>0x10244</run_address>
         <size>0x12c</size>
         <input_file_ref idref="fl-cd"/>
      </object_component>
      <object_component id="oc-18e">
         <name>.debug_info</name>
         <load_address>0x10370</load_address>
         <run_address>0x10370</run_address>
         <size>0x12c</size>
         <input_file_ref idref="fl-ce"/>
      </object_component>
      <object_component id="oc-f1">
         <name>.debug_info</name>
         <load_address>0x1049c</load_address>
         <run_address>0x1049c</run_address>
         <size>0x12e</size>
         <input_file_ref idref="fl-cf"/>
      </object_component>
      <object_component id="oc-92">
         <name>.debug_info</name>
         <load_address>0x105ca</load_address>
         <run_address>0x105ca</run_address>
         <size>0x2d4</size>
         <input_file_ref idref="fl-d0"/>
      </object_component>
      <object_component id="oc-46">
         <name>.debug_info</name>
         <load_address>0x1089e</load_address>
         <run_address>0x1089e</run_address>
         <size>0x1d2</size>
         <input_file_ref idref="fl-d0"/>
      </object_component>
      <object_component id="oc-8d">
         <name>.debug_info</name>
         <load_address>0x10a70</load_address>
         <run_address>0x10a70</run_address>
         <size>0x46</size>
         <input_file_ref idref="fl-d0"/>
      </object_component>
      <object_component id="oc-11e">
         <name>.debug_info</name>
         <load_address>0x10ab6</load_address>
         <run_address>0x10ab6</run_address>
         <size>0x2c</size>
         <input_file_ref idref="fl-d0"/>
      </object_component>
      <object_component id="oc-42">
         <name>.debug_info</name>
         <load_address>0x10ae2</load_address>
         <run_address>0x10ae2</run_address>
         <size>0x2a8</size>
         <input_file_ref idref="fl-d1"/>
      </object_component>
      <object_component id="oc-1e">
         <name>.debug_info</name>
         <load_address>0x10d8a</load_address>
         <run_address>0x10d8a</run_address>
         <size>0x1ea</size>
         <input_file_ref idref="fl-d1"/>
      </object_component>
      <object_component id="oc-3d">
         <name>.debug_info</name>
         <load_address>0x10f74</load_address>
         <run_address>0x10f74</run_address>
         <size>0x46</size>
         <input_file_ref idref="fl-d1"/>
      </object_component>
      <object_component id="oc-85">
         <name>.debug_info</name>
         <load_address>0x10fba</load_address>
         <run_address>0x10fba</run_address>
         <size>0x2c</size>
         <input_file_ref idref="fl-d1"/>
      </object_component>
      <object_component id="oc-83">
         <name>.debug_info</name>
         <load_address>0x10fe6</load_address>
         <run_address>0x10fe6</run_address>
         <size>0x29e</size>
         <input_file_ref idref="fl-d2"/>
      </object_component>
      <object_component id="oc-19">
         <name>.debug_info</name>
         <load_address>0x11284</load_address>
         <run_address>0x11284</run_address>
         <size>0x250</size>
         <input_file_ref idref="fl-d2"/>
      </object_component>
      <object_component id="oc-2d">
         <name>.debug_info</name>
         <load_address>0x114d4</load_address>
         <run_address>0x114d4</run_address>
         <size>0x60</size>
         <input_file_ref idref="fl-d2"/>
      </object_component>
      <object_component id="oc-117">
         <name>.debug_info</name>
         <load_address>0x11534</load_address>
         <run_address>0x11534</run_address>
         <size>0x46</size>
         <input_file_ref idref="fl-d2"/>
      </object_component>
      <object_component id="oc-7e">
         <name>.debug_info</name>
         <load_address>0x1157a</load_address>
         <run_address>0x1157a</run_address>
         <size>0x39</size>
         <input_file_ref idref="fl-d2"/>
      </object_component>
      <object_component id="oc-1c0">
         <name>.debug_info</name>
         <load_address>0x115b3</load_address>
         <run_address>0x115b3</run_address>
         <size>0x28a</size>
         <input_file_ref idref="fl-d3"/>
      </object_component>
      <object_component id="oc-fc">
         <name>.debug_info</name>
         <load_address>0x1183d</load_address>
         <run_address>0x1183d</run_address>
         <size>0x273</size>
         <input_file_ref idref="fl-d3"/>
      </object_component>
      <object_component id="oc-229">
         <name>.debug_info</name>
         <load_address>0x11ab0</load_address>
         <run_address>0x11ab0</run_address>
         <size>0x3aa</size>
         <input_file_ref idref="fl-d4"/>
      </object_component>
      <object_component id="oc-226">
         <name>.debug_info</name>
         <load_address>0x11e5a</load_address>
         <run_address>0x11e5a</run_address>
         <size>0x13a</size>
         <input_file_ref idref="fl-d4"/>
      </object_component>
      <object_component id="oc-1ae">
         <name>.debug_info</name>
         <load_address>0x11f94</load_address>
         <run_address>0x11f94</run_address>
         <size>0x72f</size>
         <input_file_ref idref="fl-d4"/>
      </object_component>
      <object_component id="oc-2a">
         <name>.debug_info</name>
         <load_address>0x126c3</load_address>
         <run_address>0x126c3</run_address>
         <size>0x10b</size>
         <input_file_ref idref="fl-d5"/>
      </object_component>
      <object_component id="oc-56">
         <name>.debug_info</name>
         <load_address>0x127ce</load_address>
         <run_address>0x127ce</run_address>
         <size>0x1a9</size>
         <input_file_ref idref="fl-d5"/>
      </object_component>
      <object_component id="oc-208">
         <name>.debug_info</name>
         <load_address>0x12977</load_address>
         <run_address>0x12977</run_address>
         <size>0x289</size>
         <input_file_ref idref="fl-d6"/>
      </object_component>
      <object_component id="oc-205">
         <name>.debug_info</name>
         <load_address>0x12c00</load_address>
         <run_address>0x12c00</run_address>
         <size>0x10e</size>
         <input_file_ref idref="fl-d6"/>
      </object_component>
      <object_component id="oc-189">
         <name>.debug_info</name>
         <load_address>0x12d0e</load_address>
         <run_address>0x12d0e</run_address>
         <size>0x14e</size>
         <input_file_ref idref="fl-d6"/>
      </object_component>
      <object_component id="oc-211">
         <name>.debug_info</name>
         <load_address>0x12e5c</load_address>
         <run_address>0x12e5c</run_address>
         <size>0x161</size>
         <input_file_ref idref="fl-d7"/>
      </object_component>
      <object_component id="oc-21e">
         <name>.debug_info</name>
         <load_address>0x12fbd</load_address>
         <run_address>0x12fbd</run_address>
         <size>0x288</size>
         <input_file_ref idref="fl-d8"/>
      </object_component>
      <object_component id="oc-1ab">
         <name>.debug_info</name>
         <load_address>0x13245</load_address>
         <run_address>0x13245</run_address>
         <size>0x327</size>
         <input_file_ref idref="fl-d8"/>
      </object_component>
      <object_component id="oc-22c">
         <name>.debug_info</name>
         <load_address>0x1356c</load_address>
         <run_address>0x1356c</run_address>
         <size>0x28d</size>
         <input_file_ref idref="fl-d9"/>
      </object_component>
      <object_component id="oc-1b5">
         <name>.debug_info</name>
         <load_address>0x137f9</load_address>
         <run_address>0x137f9</run_address>
         <size>0x380</size>
         <input_file_ref idref="fl-d9"/>
      </object_component>
      <object_component id="oc-270">
         <name>.debug_info</name>
         <load_address>0x13b79</load_address>
         <run_address>0x13b79</run_address>
         <size>0x28a</size>
         <input_file_ref idref="fl-da"/>
      </object_component>
      <object_component id="oc-220">
         <name>.debug_info</name>
         <load_address>0x13e03</load_address>
         <run_address>0x13e03</run_address>
         <size>0x22a</size>
         <input_file_ref idref="fl-da"/>
      </object_component>
      <object_component id="oc-3a">
         <name>.debug_info</name>
         <load_address>0x1402d</load_address>
         <run_address>0x1402d</run_address>
         <size>0x119</size>
         <input_file_ref idref="fl-db"/>
      </object_component>
      <object_component id="oc-1e0">
         <name>.debug_info</name>
         <load_address>0x14146</load_address>
         <run_address>0x14146</run_address>
         <size>0x4b3</size>
         <input_file_ref idref="fl-dd"/>
      </object_component>
      <object_component id="oc-134">
         <name>.debug_info</name>
         <load_address>0x145f9</load_address>
         <run_address>0x145f9</run_address>
         <size>0x1a6</size>
         <input_file_ref idref="fl-dd"/>
      </object_component>
      <object_component id="oc-24a">
         <name>.debug_info</name>
         <load_address>0x1479f</load_address>
         <run_address>0x1479f</run_address>
         <size>0x39</size>
         <input_file_ref idref="fl-dd"/>
      </object_component>
      <object_component id="oc-27a">
         <name>.debug_info</name>
         <load_address>0x147d8</load_address>
         <run_address>0x147d8</run_address>
         <size>0x39</size>
         <input_file_ref idref="fl-dd"/>
      </object_component>
      <object_component id="oc-24f">
         <name>.debug_info</name>
         <load_address>0x14811</load_address>
         <run_address>0x14811</run_address>
         <size>0x39</size>
         <input_file_ref idref="fl-dd"/>
      </object_component>
      <object_component id="oc-254">
         <name>.debug_info</name>
         <load_address>0x1484a</load_address>
         <run_address>0x1484a</run_address>
         <size>0xcd</size>
         <input_file_ref idref="fl-dd"/>
      </object_component>
      <object_component id="oc-9a">
         <name>.debug_info</name>
         <load_address>0x14917</load_address>
         <run_address>0x14917</run_address>
         <size>0x153</size>
         <input_file_ref idref="fl-de"/>
      </object_component>
      <object_component id="oc-129">
         <name>.debug_info</name>
         <load_address>0x14a6a</load_address>
         <run_address>0x14a6a</run_address>
         <size>0x122</size>
         <input_file_ref idref="fl-e0"/>
      </object_component>
      <object_component id="oc-2bf">
         <name>.debug_info</name>
         <load_address>0x14b8c</load_address>
         <run_address>0x14b8c</run_address>
         <size>0xaa</size>
      </object_component>
      <object_component id="oc-234">
         <name>.debug_line</name>
         <load_address>0x0</load_address>
         <run_address>0x0</run_address>
         <size>0x20</size>
         <input_file_ref idref="fl-2"/>
      </object_component>
      <object_component id="oc-dd">
         <name>.debug_line</name>
         <load_address>0x20</load_address>
         <run_address>0x20</run_address>
         <size>0x7a</size>
         <input_file_ref idref="fl-2"/>
      </object_component>
      <object_component id="oc-238">
         <name>.debug_line</name>
         <load_address>0x9a</load_address>
         <run_address>0x9a</run_address>
         <size>0x58</size>
         <input_file_ref idref="fl-2"/>
      </object_component>
      <object_component id="oc-115">
         <name>.debug_line</name>
         <load_address>0xf2</load_address>
         <run_address>0xf2</run_address>
         <size>0x6f</size>
         <input_file_ref idref="fl-2"/>
      </object_component>
      <object_component id="oc-1d2">
         <name>.debug_line</name>
         <load_address>0x161</load_address>
         <run_address>0x161</run_address>
         <size>0x5b</size>
         <input_file_ref idref="fl-2"/>
      </object_component>
      <object_component id="oc-35">
         <name>.debug_line</name>
         <load_address>0x1bc</load_address>
         <run_address>0x1bc</run_address>
         <size>0x20</size>
         <input_file_ref idref="fl-2"/>
      </object_component>
      <object_component id="oc-1c6">
         <name>.debug_line</name>
         <load_address>0x1dc</load_address>
         <run_address>0x1dc</run_address>
         <size>0x73</size>
         <input_file_ref idref="fl-2"/>
      </object_component>
      <object_component id="oc-10d">
         <name>.debug_line</name>
         <load_address>0x24f</load_address>
         <run_address>0x24f</run_address>
         <size>0x70</size>
         <input_file_ref idref="fl-2"/>
      </object_component>
      <object_component id="oc-1c9">
         <name>.debug_line</name>
         <load_address>0x2bf</load_address>
         <run_address>0x2bf</run_address>
         <size>0xa6</size>
         <input_file_ref idref="fl-3"/>
      </object_component>
      <object_component id="oc-17e">
         <name>.debug_line</name>
         <load_address>0x365</load_address>
         <run_address>0x365</run_address>
         <size>0x3e</size>
         <input_file_ref idref="fl-3"/>
      </object_component>
      <object_component id="oc-1c2">
         <name>.debug_line</name>
         <load_address>0x3a3</load_address>
         <run_address>0x3a3</run_address>
         <size>0x3e</size>
         <input_file_ref idref="fl-3"/>
      </object_component>
      <object_component id="oc-77">
         <name>.debug_line</name>
         <load_address>0x3e1</load_address>
         <run_address>0x3e1</run_address>
         <size>0x390</size>
         <input_file_ref idref="fl-3"/>
      </object_component>
      <object_component id="oc-1cd">
         <name>.debug_line</name>
         <load_address>0x771</load_address>
         <run_address>0x771</run_address>
         <size>0x58</size>
         <input_file_ref idref="fl-3"/>
      </object_component>
      <object_component id="oc-108">
         <name>.debug_line</name>
         <load_address>0x7c9</load_address>
         <run_address>0x7c9</run_address>
         <size>0x20</size>
         <input_file_ref idref="fl-3"/>
      </object_component>
      <object_component id="oc-111">
         <name>.debug_line</name>
         <load_address>0x7e9</load_address>
         <run_address>0x7e9</run_address>
         <size>0x40</size>
         <input_file_ref idref="fl-4"/>
      </object_component>
      <object_component id="oc-7a">
         <name>.debug_line</name>
         <load_address>0x829</load_address>
         <run_address>0x829</run_address>
         <size>0x40</size>
         <input_file_ref idref="fl-4"/>
      </object_component>
      <object_component id="oc-6c">
         <name>.debug_line</name>
         <load_address>0x869</load_address>
         <run_address>0x869</run_address>
         <size>0x71</size>
         <input_file_ref idref="fl-4"/>
      </object_component>
      <object_component id="oc-16a">
         <name>.debug_line</name>
         <load_address>0x8da</load_address>
         <run_address>0x8da</run_address>
         <size>0x30</size>
         <input_file_ref idref="fl-5"/>
      </object_component>
      <object_component id="oc-6e">
         <name>.debug_line</name>
         <load_address>0x90a</load_address>
         <run_address>0x90a</run_address>
         <size>0xc1</size>
         <input_file_ref idref="fl-5"/>
      </object_component>
      <object_component id="oc-1f6">
         <name>.debug_line</name>
         <load_address>0x9cb</load_address>
         <run_address>0x9cb</run_address>
         <size>0x3b</size>
         <input_file_ref idref="fl-6"/>
      </object_component>
      <object_component id="oc-af">
         <name>.debug_line</name>
         <load_address>0xa06</load_address>
         <run_address>0xa06</run_address>
         <size>0x140</size>
         <input_file_ref idref="fl-6"/>
      </object_component>
      <object_component id="oc-1fc">
         <name>.debug_line</name>
         <load_address>0xb46</load_address>
         <run_address>0xb46</run_address>
         <size>0x2a</size>
         <input_file_ref idref="fl-c0"/>
      </object_component>
      <object_component id="oc-bd">
         <name>.debug_line</name>
         <load_address>0xb70</load_address>
         <run_address>0xb70</run_address>
         <size>0xe0</size>
         <input_file_ref idref="fl-c0"/>
      </object_component>
      <object_component id="oc-200">
         <name>.debug_line</name>
         <load_address>0xc50</load_address>
         <run_address>0xc50</run_address>
         <size>0x9a</size>
         <input_file_ref idref="fl-c0"/>
      </object_component>
      <object_component id="oc-177">
         <name>.debug_line</name>
         <load_address>0xcea</load_address>
         <run_address>0xcea</run_address>
         <size>0x97</size>
         <input_file_ref idref="fl-c0"/>
      </object_component>
      <object_component id="oc-21b">
         <name>.debug_line</name>
         <load_address>0xd81</load_address>
         <run_address>0xd81</run_address>
         <size>0x9b</size>
         <input_file_ref idref="fl-c1"/>
      </object_component>
      <object_component id="oc-20b">
         <name>.debug_line</name>
         <load_address>0xe1c</load_address>
         <run_address>0xe1c</run_address>
         <size>0x2b</size>
         <input_file_ref idref="fl-c1"/>
      </object_component>
      <object_component id="oc-e1">
         <name>.debug_line</name>
         <load_address>0xe47</load_address>
         <run_address>0xe47</run_address>
         <size>0x2b6</size>
         <input_file_ref idref="fl-c1"/>
      </object_component>
      <object_component id="oc-260">
         <name>.debug_line</name>
         <load_address>0x10fd</load_address>
         <run_address>0x10fd</run_address>
         <size>0x91</size>
         <input_file_ref idref="fl-c2"/>
      </object_component>
      <object_component id="oc-183">
         <name>.debug_line</name>
         <load_address>0x118e</load_address>
         <run_address>0x118e</run_address>
         <size>0x13f</size>
         <input_file_ref idref="fl-c2"/>
      </object_component>
      <object_component id="oc-287">
         <name>.debug_line</name>
         <load_address>0x12cd</load_address>
         <run_address>0x12cd</run_address>
         <size>0x20</size>
         <input_file_ref idref="fl-c3"/>
      </object_component>
      <object_component id="oc-25c">
         <name>.debug_line</name>
         <load_address>0x12ed</load_address>
         <run_address>0x12ed</run_address>
         <size>0x2c</size>
         <input_file_ref idref="fl-c3"/>
      </object_component>
      <object_component id="oc-16f">
         <name>.debug_line</name>
         <load_address>0x1319</load_address>
         <run_address>0x1319</run_address>
         <size>0xc8</size>
         <input_file_ref idref="fl-c3"/>
      </object_component>
      <object_component id="oc-22e">
         <name>.debug_line</name>
         <load_address>0x13e1</load_address>
         <run_address>0x13e1</run_address>
         <size>0x32</size>
         <input_file_ref idref="fl-c4"/>
      </object_component>
      <object_component id="oc-e7">
         <name>.debug_line</name>
         <load_address>0x1413</load_address>
         <run_address>0x1413</run_address>
         <size>0x215</size>
         <input_file_ref idref="fl-c4"/>
      </object_component>
      <object_component id="oc-267">
         <name>.debug_line</name>
         <load_address>0x1628</load_address>
         <run_address>0x1628</run_address>
         <size>0x9b</size>
         <input_file_ref idref="fl-c5"/>
      </object_component>
      <object_component id="oc-19b">
         <name>.debug_line</name>
         <load_address>0x16c3</load_address>
         <run_address>0x16c3</run_address>
         <size>0xa4</size>
         <input_file_ref idref="fl-c5"/>
      </object_component>
      <object_component id="oc-26b">
         <name>.debug_line</name>
         <load_address>0x1767</load_address>
         <run_address>0x1767</run_address>
         <size>0x9a</size>
         <input_file_ref idref="fl-c5"/>
      </object_component>
      <object_component id="oc-218">
         <name>.debug_line</name>
         <load_address>0x1801</load_address>
         <run_address>0x1801</run_address>
         <size>0x97</size>
         <input_file_ref idref="fl-c5"/>
      </object_component>
      <object_component id="oc-230">
         <name>.debug_line</name>
         <load_address>0x1898</load_address>
         <run_address>0x1898</run_address>
         <size>0x32</size>
         <input_file_ref idref="fl-c6"/>
      </object_component>
      <object_component id="oc-ef">
         <name>.debug_line</name>
         <load_address>0x18ca</load_address>
         <run_address>0x18ca</run_address>
         <size>0x218</size>
         <input_file_ref idref="fl-c6"/>
      </object_component>
      <object_component id="oc-d2">
         <name>.debug_line</name>
         <load_address>0x1ae2</load_address>
         <run_address>0x1ae2</run_address>
         <size>0xd2</size>
         <input_file_ref idref="fl-c7"/>
      </object_component>
      <object_component id="oc-195">
         <name>.debug_line</name>
         <load_address>0x1bb4</load_address>
         <run_address>0x1bb4</run_address>
         <size>0x77</size>
         <input_file_ref idref="fl-c8"/>
      </object_component>
      <object_component id="oc-f6">
         <name>.debug_line</name>
         <load_address>0x1c2b</load_address>
         <run_address>0x1c2b</run_address>
         <size>0x77</size>
         <input_file_ref idref="fl-c8"/>
      </object_component>
      <object_component id="oc-c8">
         <name>.debug_line</name>
         <load_address>0x1ca2</load_address>
         <run_address>0x1ca2</run_address>
         <size>0xa8</size>
         <input_file_ref idref="fl-c9"/>
      </object_component>
      <object_component id="oc-c3">
         <name>.debug_line</name>
         <load_address>0x1d4a</load_address>
         <run_address>0x1d4a</run_address>
         <size>0x8e</size>
         <input_file_ref idref="fl-ca"/>
      </object_component>
      <object_component id="oc-1a6">
         <name>.debug_line</name>
         <load_address>0x1dd8</load_address>
         <run_address>0x1dd8</run_address>
         <size>0x5a</size>
         <input_file_ref idref="fl-cb"/>
      </object_component>
      <object_component id="oc-cf">
         <name>.debug_line</name>
         <load_address>0x1e32</load_address>
         <run_address>0x1e32</run_address>
         <size>0x67</size>
         <input_file_ref idref="fl-cc"/>
      </object_component>
      <object_component id="oc-b8">
         <name>.debug_line</name>
         <load_address>0x1e99</load_address>
         <run_address>0x1e99</run_address>
         <size>0x57</size>
         <input_file_ref idref="fl-cd"/>
      </object_component>
      <object_component id="oc-18d">
         <name>.debug_line</name>
         <load_address>0x1ef0</load_address>
         <run_address>0x1ef0</run_address>
         <size>0x50</size>
         <input_file_ref idref="fl-ce"/>
      </object_component>
      <object_component id="oc-f4">
         <name>.debug_line</name>
         <load_address>0x1f40</load_address>
         <run_address>0x1f40</run_address>
         <size>0x4c</size>
         <input_file_ref idref="fl-cf"/>
      </object_component>
      <object_component id="oc-124">
         <name>.debug_line</name>
         <load_address>0x1f8c</load_address>
         <run_address>0x1f8c</run_address>
         <size>0x92</size>
         <input_file_ref idref="fl-d0"/>
      </object_component>
      <object_component id="oc-48">
         <name>.debug_line</name>
         <load_address>0x201e</load_address>
         <run_address>0x201e</run_address>
         <size>0x4c</size>
         <input_file_ref idref="fl-d0"/>
      </object_component>
      <object_component id="oc-90">
         <name>.debug_line</name>
         <load_address>0x206a</load_address>
         <run_address>0x206a</run_address>
         <size>0x34</size>
         <input_file_ref idref="fl-d0"/>
      </object_component>
      <object_component id="oc-121">
         <name>.debug_line</name>
         <load_address>0x209e</load_address>
         <run_address>0x209e</run_address>
         <size>0x92</size>
         <input_file_ref idref="fl-d0"/>
      </object_component>
      <object_component id="oc-8b">
         <name>.debug_line</name>
         <load_address>0x2130</load_address>
         <run_address>0x2130</run_address>
         <size>0x20</size>
         <input_file_ref idref="fl-d1"/>
      </object_component>
      <object_component id="oc-22">
         <name>.debug_line</name>
         <load_address>0x2150</load_address>
         <run_address>0x2150</run_address>
         <size>0x55</size>
         <input_file_ref idref="fl-d1"/>
      </object_component>
      <object_component id="oc-40">
         <name>.debug_line</name>
         <load_address>0x21a5</load_address>
         <run_address>0x21a5</run_address>
         <size>0x3a</size>
         <input_file_ref idref="fl-d1"/>
      </object_component>
      <object_component id="oc-88">
         <name>.debug_line</name>
         <load_address>0x21df</load_address>
         <run_address>0x21df</run_address>
         <size>0x92</size>
         <input_file_ref idref="fl-d1"/>
      </object_component>
      <object_component id="oc-11d">
         <name>.debug_line</name>
         <load_address>0x2271</load_address>
         <run_address>0x2271</run_address>
         <size>0x20</size>
         <input_file_ref idref="fl-d2"/>
      </object_component>
      <object_component id="oc-1c">
         <name>.debug_line</name>
         <load_address>0x2291</load_address>
         <run_address>0x2291</run_address>
         <size>0xa9</size>
         <input_file_ref idref="fl-d2"/>
      </object_component>
      <object_component id="oc-30">
         <name>.debug_line</name>
         <load_address>0x233a</load_address>
         <run_address>0x233a</run_address>
         <size>0x3a</size>
         <input_file_ref idref="fl-d2"/>
      </object_component>
      <object_component id="oc-11a">
         <name>.debug_line</name>
         <load_address>0x2374</load_address>
         <run_address>0x2374</run_address>
         <size>0x9a</size>
         <input_file_ref idref="fl-d2"/>
      </object_component>
      <object_component id="oc-81">
         <name>.debug_line</name>
         <load_address>0x240e</load_address>
         <run_address>0x240e</run_address>
         <size>0x96</size>
         <input_file_ref idref="fl-d2"/>
      </object_component>
      <object_component id="oc-232">
         <name>.debug_line</name>
         <load_address>0x24a4</load_address>
         <run_address>0x24a4</run_address>
         <size>0x20</size>
         <input_file_ref idref="fl-d3"/>
      </object_component>
      <object_component id="oc-fb">
         <name>.debug_line</name>
         <load_address>0x24c4</load_address>
         <run_address>0x24c4</run_address>
         <size>0xad</size>
         <input_file_ref idref="fl-d3"/>
      </object_component>
      <object_component id="oc-274">
         <name>.debug_line</name>
         <load_address>0x2571</load_address>
         <run_address>0x2571</run_address>
         <size>0x2a</size>
         <input_file_ref idref="fl-d4"/>
      </object_component>
      <object_component id="oc-272">
         <name>.debug_line</name>
         <load_address>0x259b</load_address>
         <run_address>0x259b</run_address>
         <size>0x30</size>
         <input_file_ref idref="fl-d4"/>
      </object_component>
      <object_component id="oc-1b1">
         <name>.debug_line</name>
         <load_address>0x25cb</load_address>
         <run_address>0x25cb</run_address>
         <size>0x3fd</size>
         <input_file_ref idref="fl-d4"/>
      </object_component>
      <object_component id="oc-7d">
         <name>.debug_line</name>
         <load_address>0x29c8</load_address>
         <run_address>0x29c8</run_address>
         <size>0x33</size>
         <input_file_ref idref="fl-d5"/>
      </object_component>
      <object_component id="oc-59">
         <name>.debug_line</name>
         <load_address>0x29fb</load_address>
         <run_address>0x29fb</run_address>
         <size>0x45</size>
         <input_file_ref idref="fl-d5"/>
      </object_component>
      <object_component id="oc-264">
         <name>.debug_line</name>
         <load_address>0x2a40</load_address>
         <run_address>0x2a40</run_address>
         <size>0x20</size>
         <input_file_ref idref="fl-d6"/>
      </object_component>
      <object_component id="oc-262">
         <name>.debug_line</name>
         <load_address>0x2a60</load_address>
         <run_address>0x2a60</run_address>
         <size>0x2b</size>
         <input_file_ref idref="fl-d6"/>
      </object_component>
      <object_component id="oc-188">
         <name>.debug_line</name>
         <load_address>0x2a8b</load_address>
         <run_address>0x2a8b</run_address>
         <size>0x40</size>
         <input_file_ref idref="fl-d6"/>
      </object_component>
      <object_component id="oc-20f">
         <name>.debug_line</name>
         <load_address>0x2acb</load_address>
         <run_address>0x2acb</run_address>
         <size>0x45</size>
         <input_file_ref idref="fl-d7"/>
      </object_component>
      <object_component id="oc-26e">
         <name>.debug_line</name>
         <load_address>0x2b10</load_address>
         <run_address>0x2b10</run_address>
         <size>0x20</size>
         <input_file_ref idref="fl-d8"/>
      </object_component>
      <object_component id="oc-1a9">
         <name>.debug_line</name>
         <load_address>0x2b30</load_address>
         <run_address>0x2b30</run_address>
         <size>0x43</size>
         <input_file_ref idref="fl-d8"/>
      </object_component>
      <object_component id="oc-276">
         <name>.debug_line</name>
         <load_address>0x2b73</load_address>
         <run_address>0x2b73</run_address>
         <size>0x20</size>
         <input_file_ref idref="fl-d9"/>
      </object_component>
      <object_component id="oc-1b4">
         <name>.debug_line</name>
         <load_address>0x2b93</load_address>
         <run_address>0x2b93</run_address>
         <size>0x56</size>
         <input_file_ref idref="fl-d9"/>
      </object_component>
      <object_component id="oc-289">
         <name>.debug_line</name>
         <load_address>0x2be9</load_address>
         <run_address>0x2be9</run_address>
         <size>0x20</size>
         <input_file_ref idref="fl-da"/>
      </object_component>
      <object_component id="oc-223">
         <name>.debug_line</name>
         <load_address>0x2c09</load_address>
         <run_address>0x2c09</run_address>
         <size>0xa8</size>
         <input_file_ref idref="fl-da"/>
      </object_component>
      <object_component id="oc-39">
         <name>.debug_line</name>
         <load_address>0x2cb1</load_address>
         <run_address>0x2cb1</run_address>
         <size>0x88</size>
         <input_file_ref idref="fl-db"/>
      </object_component>
      <object_component id="oc-249">
         <name>.debug_line</name>
         <load_address>0x2d39</load_address>
         <run_address>0x2d39</run_address>
         <size>0xbf</size>
         <input_file_ref idref="fl-dd"/>
      </object_component>
      <object_component id="oc-138">
         <name>.debug_line</name>
         <load_address>0x2df8</load_address>
         <run_address>0x2df8</run_address>
         <size>0x6f</size>
         <input_file_ref idref="fl-dd"/>
      </object_component>
      <object_component id="oc-24d">
         <name>.debug_line</name>
         <load_address>0x2e67</load_address>
         <run_address>0x2e67</run_address>
         <size>0x2e</size>
         <input_file_ref idref="fl-dd"/>
      </object_component>
      <object_component id="oc-27d">
         <name>.debug_line</name>
         <load_address>0x2e95</load_address>
         <run_address>0x2e95</run_address>
         <size>0x9a</size>
         <input_file_ref idref="fl-dd"/>
      </object_component>
      <object_component id="oc-252">
         <name>.debug_line</name>
         <load_address>0x2f2f</load_address>
         <run_address>0x2f2f</run_address>
         <size>0x97</size>
         <input_file_ref idref="fl-dd"/>
      </object_component>
      <object_component id="oc-257">
         <name>.debug_line</name>
         <load_address>0x2fc6</load_address>
         <run_address>0x2fc6</run_address>
         <size>0x93</size>
         <input_file_ref idref="fl-dd"/>
      </object_component>
      <object_component id="oc-9e">
         <name>.debug_line</name>
         <load_address>0x3059</load_address>
         <run_address>0x3059</run_address>
         <size>0x40</size>
         <input_file_ref idref="fl-de"/>
      </object_component>
      <object_component id="oc-12b">
         <name>.debug_line</name>
         <load_address>0x3099</load_address>
         <run_address>0x3099</run_address>
         <size>0x3c</size>
         <input_file_ref idref="fl-e0"/>
      </object_component>
      <object_component id="oc-dc">
         <name>.debug_frame</name>
         <load_address>0x0</load_address>
         <run_address>0x0</run_address>
         <size>0x70</size>
         <input_file_ref idref="fl-2"/>
      </object_component>
      <object_component id="oc-78">
         <name>.debug_frame</name>
         <load_address>0x70</load_address>
         <run_address>0x70</run_address>
         <size>0x1ac</size>
         <input_file_ref idref="fl-3"/>
      </object_component>
      <object_component id="oc-6b">
         <name>.debug_frame</name>
         <load_address>0x21c</load_address>
         <run_address>0x21c</run_address>
         <size>0x6c</size>
         <input_file_ref idref="fl-4"/>
      </object_component>
      <object_component id="oc-72">
         <name>.debug_frame</name>
         <load_address>0x288</load_address>
         <run_address>0x288</run_address>
         <size>0xac</size>
         <input_file_ref idref="fl-5"/>
      </object_component>
      <object_component id="oc-b0">
         <name>.debug_frame</name>
         <load_address>0x334</load_address>
         <run_address>0x334</run_address>
         <size>0x70</size>
         <input_file_ref idref="fl-6"/>
      </object_component>
      <object_component id="oc-be">
         <name>.debug_frame</name>
         <load_address>0x3a4</load_address>
         <run_address>0x3a4</run_address>
         <size>0x6c</size>
         <input_file_ref idref="fl-c0"/>
      </object_component>
      <object_component id="oc-e0">
         <name>.debug_frame</name>
         <load_address>0x410</load_address>
         <run_address>0x410</run_address>
         <size>0x7c</size>
         <input_file_ref idref="fl-c1"/>
      </object_component>
      <object_component id="oc-182">
         <name>.debug_frame</name>
         <load_address>0x48c</load_address>
         <run_address>0x48c</run_address>
         <size>0x64</size>
         <input_file_ref idref="fl-c2"/>
      </object_component>
      <object_component id="oc-16e">
         <name>.debug_frame</name>
         <load_address>0x4f0</load_address>
         <run_address>0x4f0</run_address>
         <size>0x6c</size>
         <input_file_ref idref="fl-c3"/>
      </object_component>
      <object_component id="oc-e6">
         <name>.debug_frame</name>
         <load_address>0x55c</load_address>
         <run_address>0x55c</run_address>
         <size>0x70</size>
         <input_file_ref idref="fl-c4"/>
      </object_component>
      <object_component id="oc-19c">
         <name>.debug_frame</name>
         <load_address>0x5cc</load_address>
         <run_address>0x5cc</run_address>
         <size>0x64</size>
         <input_file_ref idref="fl-c5"/>
      </object_component>
      <object_component id="oc-ee">
         <name>.debug_frame</name>
         <load_address>0x630</load_address>
         <run_address>0x630</run_address>
         <size>0x70</size>
         <input_file_ref idref="fl-c6"/>
      </object_component>
      <object_component id="oc-45">
         <name>.debug_frame</name>
         <load_address>0x6a0</load_address>
         <run_address>0x6a0</run_address>
         <size>0x54</size>
         <input_file_ref idref="fl-d0"/>
      </object_component>
      <object_component id="oc-21">
         <name>.debug_frame</name>
         <load_address>0x6f4</load_address>
         <run_address>0x6f4</run_address>
         <size>0x54</size>
         <input_file_ref idref="fl-d1"/>
      </object_component>
      <object_component id="oc-18">
         <name>.debug_frame</name>
         <load_address>0x748</load_address>
         <run_address>0x748</run_address>
         <size>0x60</size>
         <input_file_ref idref="fl-d2"/>
      </object_component>
      <object_component id="oc-ff">
         <name>.debug_frame</name>
         <load_address>0x7a8</load_address>
         <run_address>0x7a8</run_address>
         <size>0x54</size>
         <input_file_ref idref="fl-d3"/>
      </object_component>
      <object_component id="oc-1b2">
         <name>.debug_frame</name>
         <load_address>0x7fc</load_address>
         <run_address>0x7fc</run_address>
         <size>0x78</size>
         <input_file_ref idref="fl-d4"/>
      </object_component>
      <object_component id="oc-5a">
         <name>.debug_frame</name>
         <load_address>0x874</load_address>
         <run_address>0x874</run_address>
         <size>0x50</size>
         <input_file_ref idref="fl-d5"/>
      </object_component>
      <object_component id="oc-187">
         <name>.debug_frame</name>
         <load_address>0x8c4</load_address>
         <run_address>0x8c4</run_address>
         <size>0x54</size>
         <input_file_ref idref="fl-d6"/>
      </object_component>
      <object_component id="oc-210">
         <name>.debug_frame</name>
         <load_address>0x918</load_address>
         <run_address>0x918</run_address>
         <size>0x54</size>
         <input_file_ref idref="fl-d7"/>
      </object_component>
      <object_component id="oc-1a8">
         <name>.debug_frame</name>
         <load_address>0x96c</load_address>
         <run_address>0x96c</run_address>
         <size>0x70</size>
         <input_file_ref idref="fl-d8"/>
      </object_component>
      <object_component id="oc-1b8">
         <name>.debug_frame</name>
         <load_address>0x9dc</load_address>
         <run_address>0x9dc</run_address>
         <size>0x70</size>
         <input_file_ref idref="fl-d9"/>
      </object_component>
      <object_component id="oc-224">
         <name>.debug_frame</name>
         <load_address>0xa4c</load_address>
         <run_address>0xa4c</run_address>
         <size>0x60</size>
         <input_file_ref idref="fl-da"/>
      </object_component>
      <object_component id="oc-137">
         <name>.debug_frame</name>
         <load_address>0xaac</load_address>
         <run_address>0xaac</run_address>
         <size>0x5c</size>
         <input_file_ref idref="fl-dd"/>
      </object_component>
      <object_component id="oc-9d">
         <name>.debug_frame</name>
         <load_address>0xb08</load_address>
         <run_address>0xb08</run_address>
         <size>0x54</size>
         <input_file_ref idref="fl-de"/>
      </object_component>
      <object_component id="oc-12c">
         <name>.debug_frame</name>
         <load_address>0xb5c</load_address>
         <run_address>0xb5c</run_address>
         <size>0x54</size>
         <input_file_ref idref="fl-e0"/>
      </object_component>
      <object_component id="oc-233">
         <name>.debug_abbrev</name>
         <load_address>0x0</load_address>
         <run_address>0x0</run_address>
         <size>0x71</size>
         <input_file_ref idref="fl-2"/>
      </object_component>
      <object_component id="oc-17f">
         <name>.debug_abbrev</name>
         <load_address>0x71</load_address>
         <run_address>0x71</run_address>
         <size>0x89</size>
         <input_file_ref idref="fl-2"/>
      </object_component>
      <object_component id="oc-237">
         <name>.debug_abbrev</name>
         <load_address>0xfa</load_address>
         <run_address>0xfa</run_address>
         <size>0xbd</size>
         <input_file_ref idref="fl-2"/>
      </object_component>
      <object_component id="oc-114">
         <name>.debug_abbrev</name>
         <load_address>0x1b7</load_address>
         <run_address>0x1b7</run_address>
         <size>0x69</size>
         <input_file_ref idref="fl-2"/>
      </object_component>
      <object_component id="oc-1d1">
         <name>.debug_abbrev</name>
         <load_address>0x220</load_address>
         <run_address>0x220</run_address>
         <size>0x97</size>
         <input_file_ref idref="fl-2"/>
      </object_component>
      <object_component id="oc-34">
         <name>.debug_abbrev</name>
         <load_address>0x2b7</load_address>
         <run_address>0x2b7</run_address>
         <size>0x1f</size>
         <input_file_ref idref="fl-2"/>
      </object_component>
      <object_component id="oc-1c5">
         <name>.debug_abbrev</name>
         <load_address>0x2d6</load_address>
[...]
      </symbol>
      <symbol id="sm-e">
         <name>__TI_prof_data_start</name>
         <value>0xffffffff</value>
      </symbol>
      <symbol id="sm-f">
         <name>__TI_prof_data_size</name>
         <value>0xffffffff</value>
      </symbol>
      <symbol id="sm-6d">
         <name>error</name>
         <value>0x3bc5</value>
         <object_component_ref idref="oc-d8"/>
      </symbol>
      <symbol id="sm-6e">
         <name>configHFXT</name>
         <value>0x3b25</value>
         <object_component_ref idref="oc-d8"/>
      </symbol>
      <symbol id="sm-141">
         <name>setServoAngle</name>
         <value>0x217</value>
         <object_component_ref idref="oc-73"/>
      </symbol>
      <symbol id="sm-142">
         <name>configureButtons</name>
         <value>0x599</value>
         <object_component_ref idref="oc-73"/>
      </symbol>
      <symbol id="sm-143">
         <name>fire</name>
         <value>0x20000002</value>
         <object_component_ref idref="oc-100"/>
      </symbol>
      <symbol id="sm-144">
         <name>playTone</name>
         <value>0x473</value>
         <object_component_ref idref="oc-73"/>
      </symbol>
      <symbol id="sm-145">
         <name>configureUART</name>
         <value>0x421</value>
         <object_component_ref idref="oc-73"/>
      </symbol>
      <symbol id="sm-146">
         <name>EUSCIA2_IRQHandler</name>
         <value>0xa1d</value>
         <object_component_ref idref="oc-73"/>
      </symbol>
      <symbol id="sm-147">
         <name>main</name>
         <value>0x6b9</value>
         <object_component_ref idref="oc-73"/>
      </symbol>
      <symbol id="sm-148">
         <name>armed</name>
         <value>0x20000001</value>
         <object_component_ref idref="oc-100"/>
      </symbol>
      <symbol id="sm-149">
         <name>debounce</name>
         <value>0x611</value>
         <object_component_ref idref="oc-73"/>
      </symbol>
      <symbol id="sm-14a">
         <name>ADC14_IRQHandler</name>
         <value>0x991</value>
         <object_component_ref idref="oc-73"/>
      </symbol>
      <symbol id="sm-14b">
         <name>adcResult</name>
         <value>0x20000004</value>
         <object_component_ref idref="oc-100"/>
      </symbol>
      <symbol id="sm-14c">
         <name>configureSpeakerLEDPayload</name>
         <value>0xe9</value>
         <object_component_ref idref="oc-73"/>
      </symbol>
      <symbol id="sm-14d">
         <name>ConfigureServo</name>
         <value>0x18b</value>
         <object_component_ref idref="oc-73"/>
      </symbol>
      <symbol id="sm-14e">
         <name>isButtonPressed</name>
         <value>0x639</value>
         <object_component_ref idref="oc-73"/>
      </symbol>
      <symbol id="sm-14f">
         <name>stopTone</name>
         <value>0x4ad</value>
         <object_component_ref idref="oc-73"/>
      </symbol>
      <symbol id="sm-150">
         <name>calculateAngle</name>
         <value>0x145</value>
         <object_component_ref idref="oc-73"/>
      </symbol>
      <symbol id="sm-151">
         <name>setFinAngles</name>
         <value>0x4fd</value>
         <object_component_ref idref="oc-73"/>
      </symbol>
      <symbol id="sm-166">
         <name>Reset_Handler</name>
         <value>0x402f</value>
         <object_component_ref idref="oc-67"/>
      </symbol>
      <symbol id="sm-167">
         <name>Default_Handler</name>
         <value>0x403b</value>
         <object_component_ref idref="oc-67"/>
      </symbol>
      <symbol id="sm-168">
         <name>interruptVectors</name>
         <value>0x0</value>
         <object_component_ref idref="oc-26"/>
      </symbol>
      <symbol id="sm-18e">
         <name>disableStepperMotor</name>
         <value>0x3891</value>
         <object_component_ref idref="oc-6d"/>
      </symbol>
      <symbol id="sm-18f">
         <name>steps</name>
         <value>0x20000008</value>
         <object_component_ref idref="oc-b2"/>
      </symbol>
      <symbol id="sm-190">
         <name>stepPeriod</name>
         <value>0x2000000c</value>
         <object_component_ref idref="oc-b2"/>
      </symbol>
      <symbol id="sm-191">
         <name>TA3_0_IRQHandler</name>
         <value>0x38ef</value>
         <object_component_ref idref="oc-6d"/>
      </symbol>
      <symbol id="sm-192">
         <name>initStepperMotor</name>
         <value>0x382d</value>
         <object_component_ref idref="oc-6d"/>
      </symbol>
      <symbol id="sm-193">
         <name>stepClockwise</name>
         <value>0x389b</value>
         <object_component_ref idref="oc-6d"/>
      </symbol>
      <symbol id="sm-194">
         <name>enableStepperMotor</name>
         <value>0x3887</value>
         <object_component_ref idref="oc-6d"/>
      </symbol>
      <symbol id="sm-1e2">
         <name>SystemInit</name>
         <value>0x2a49</value>
         <object_component_ref idref="oc-ab"/>
      </symbol>
      <symbol id="sm-1e3">
         <name>SystemCoreClockUpdate</name>
         <value>0x27d1</value>
         <object_component_ref idref="oc-ab"/>
      </symbol>
      <symbol id="sm-1e4">
         <name>SystemCoreClock</name>
         <value>0x20000014</value>
         <object_component_ref idref="oc-165"/>
      </symbol>
      <symbol id="sm-228">
         <name>atan2</name>
         <value>0x2e0d</value>
         <object_component_ref idref="oc-bb"/>
      </symbol>
      <symbol id="sm-229">
         <name>atan2l</name>
         <value>0x2e0d</value>
         <object_component_ref idref="oc-bb"/>
      </symbol>
      <symbol id="sm-2b5">
         <name>pow</name>
         <value>0xb0d</value>
         <object_component_ref idref="oc-de"/>
      </symbol>
      <symbol id="sm-2b6">
         <name>powl</name>
         <value>0xb0d</value>
         <object_component_ref idref="oc-de"/>
      </symbol>
      <symbol id="sm-2d8">
         <name>sqrtl</name>
         <value>0x348d</value>
         <object_component_ref idref="oc-180"/>
      </symbol>
      <symbol id="sm-2d9">
         <name>sqrt</name>
         <value>0x348d</value>
         <object_component_ref idref="oc-180"/>
      </symbol>
      <symbol id="sm-30f">
         <name>atanl</name>
         <value>0x2b21</value>
         <object_component_ref idref="oc-16c"/>
      </symbol>
      <symbol id="sm-310">
         <name>atan</name>
         <value>0x2b21</value>
         <object_component_ref idref="oc-16c"/>
      </symbol>
      <symbol id="sm-361">
         <name>cosl</name>
         <value>0x21f5</value>
         <object_component_ref idref="oc-e4"/>
      </symbol>
      <symbol id="sm-362">
         <name>cos</name>
         <value>0x21f5</value>
         <object_component_ref idref="oc-e4"/>
      </symbol>
      <symbol id="sm-389">
         <name>scalbn</name>
         <value>0x371d</value>
         <object_component_ref idref="oc-199"/>
      </symbol>
      <symbol id="sm-38a">
         <name>scalbnl</name>
         <value>0x371d</value>
         <object_component_ref idref="oc-199"/>
      </symbol>
      <symbol id="sm-38b">
         <name>ldexpl</name>
         <value>0x371d</value>
         <object_component_ref idref="oc-199"/>
      </symbol>
      <symbol id="sm-38c">
         <name>ldexp</name>
         <value>0x371d</value>
         <object_component_ref idref="oc-199"/>
      </symbol>
      <symbol id="sm-3dc">
         <name>sin</name>
         <value>0x1c15</value>
         <object_component_ref idref="oc-ea"/>
      </symbol>
      <symbol id="sm-3dd">
         <name>sinl</name>
         <value>0x1c15</value>
         <object_component_ref idref="oc-ea"/>
      </symbol>
      <symbol id="sm-3f4">
         <name>__aeabi_dsub</name>
         <value>0x2ff1</value>
         <object_component_ref idref="oc-d0"/>
      </symbol>
      <symbol id="sm-3f5">
         <name>__aeabi_dadd</name>
         <value>0x2ffb</value>
         <object_component_ref idref="oc-d0"/>
      </symbol>
      <symbol id="sm-417">
         <name>__aeabi_cdcmpeq</name>
         <value>0x3ca9</value>
         <object_component_ref idref="oc-194"/>
      </symbol>
      <symbol id="sm-418">
         <name>__aeabi_cdcmple</name>
         <value>0x3ca9</value>
         <object_component_ref idref="oc-194"/>
      </symbol>
      <symbol id="sm-419">
         <name>__aeabi_cdrcmple</name>
         <value>0x3d2f</value>
         <object_component_ref idref="oc-f5"/>
      </symbol>
      <symbol id="sm-42d">
         <name>__aeabi_ddiv</name>
         <value>0x35e5</value>
         <object_component_ref idref="oc-c6"/>
      </symbol>
      <symbol id="sm-438">
         <name>__aeabi_dmul</name>
         <value>0x3931</value>
         <object_component_ref idref="oc-c1"/>
      </symbol>
      <symbol id="sm-442">
         <name>__aeabi_d2iz</name>
         <value>0x3e8b</value>
         <object_component_ref idref="oc-1a2"/>
      </symbol>
      <symbol id="sm-44e">
         <name>__aeabi_d2f</name>
         <value>0x3db5</value>
         <object_component_ref idref="oc-cb"/>
      </symbol>
      <symbol id="sm-459">
         <name>__aeabi_f2d</name>
         <value>0x3f19</value>
         <object_component_ref idref="oc-b6"/>
      </symbol>
      <symbol id="sm-463">
         <name>__aeabi_i2d</name>
         <value>0x3f85</value>
         <object_component_ref idref="oc-18c"/>
      </symbol>
      <symbol id="sm-46d">
         <name>__aeabi_ui2d</name>
         <value>0x3fb3</value>
         <object_component_ref idref="oc-f0"/>
      </symbol>
      <symbol id="sm-486">
         <name>__TI_zero_init_nomemset</name>
         <value>0x3fd3</value>
         <object_component_ref idref="oc-43"/>
      </symbol>
      <symbol id="sm-49d">
         <name>__TI_decompress_none</name>
         <value>0x4021</value>
         <object_component_ref idref="oc-1d"/>
      </symbol>
      <symbol id="sm-4c0">
         <name>__TI_decompress_lzss</name>
         <value>0x3e23</value>
         <object_component_ref idref="oc-17"/>
      </symbol>
      <symbol id="sm-4cf">
         <name>strcmp</name>
         <value>0x4009</value>
         <object_component_ref idref="oc-fa"/>
      </symbol>
      <symbol id="sm-535">
         <name>__kernel_rem_pio2</name>
         <value>0x14dd</value>
         <object_component_ref idref="oc-1ad"/>
      </symbol>
      <symbol id="sm-548">
         <name>__stack</name>
         <value>0x2003fe00</value>
         <object_component_ref idref="oc-29"/>
      </symbol>
      <symbol id="sm-549">
         <name>_c_int00_noargs</name>
         <value>0x3f51</value>
         <object_component_ref idref="oc-55"/>
      </symbol>
      <symbol id="sm-55f">
         <name>__aeabi_errno_addr</name>
         <value>0x403d</value>
         <object_component_ref idref="oc-186"/>
      </symbol>
      <symbol id="sm-560">
         <name>errno</name>
         <value>0x20000010</value>
         <object_component_ref idref="oc-204"/>
      </symbol>
      <symbol id="sm-56a">
         <name>copysign</name>
         <value>0x3fef</value>
         <object_component_ref idref="oc-20d"/>
      </symbol>
      <symbol id="sm-56b">
         <name>copysignl</name>
         <value>0x3fef</value>
         <object_component_ref idref="oc-20d"/>
      </symbol>
      <symbol id="sm-581">
         <name>__kernel_cos</name>
         <value>0x331d</value>
         <object_component_ref idref="oc-1a7"/>
      </symbol>
      <symbol id="sm-598">
         <name>__kernel_sin</name>
         <value>0x31a9</value>
         <object_component_ref idref="oc-1b3"/>
      </symbol>
      <symbol id="sm-5b5">
         <name>floorl</name>
         <value>0x3a2d</value>
         <object_component_ref idref="oc-21f"/>
      </symbol>
      <symbol id="sm-5b6">
         <name>floor</name>
         <value>0x3a2d</value>
         <object_component_ref idref="oc-21f"/>
      </symbol>
      <symbol id="sm-5d1">
         <name>memcpy</name>
         <value>0x3c0d</value>
         <object_component_ref idref="oc-37"/>
      </symbol>
      <symbol id="sm-5d2">
         <name>__aeabi_memcpy</name>
         <value>0x3c0d</value>
         <object_component_ref idref="oc-37"/>
      </symbol>
      <symbol id="sm-5d3">
         <name>__aeabi_memcpy8</name>
         <value>0x3c0d</value>
         <object_component_ref idref="oc-37"/>
      </symbol>
      <symbol id="sm-5d4">
         <name>__aeabi_memcpy4</name>
         <value>0x3c0d</value>
         <object_component_ref idref="oc-37"/>
      </symbol>
      <symbol id="sm-5fd">
         <name>__TI_auto_init_nobinit_nopinit</name>
         <value>0x3ed5</value>
         <object_component_ref idref="oc-133"/>
      </symbol>
      <symbol id="sm-607">
         <name>_system_pre_init</name>
         <value>0x4045</value>
         <object_component_ref idref="oc-99"/>
      </symbol>
      <symbol id="sm-613">
         <name>C$$EXIT</name>
         <value>0x4049</value>
         <object_component_ref idref="oc-127"/>
      </symbol>
      <symbol id="sm-614">
         <name>abort</name>
         <value>0x4049</value>
         <object_component_ref idref="oc-127"/>
      </symbol>
      <symbol id="sm-617">
         <name>__TI_static_base__</name>
         <value>0x0</value>
      </symbol>
      <symbol id="sm-61a">
         <name>__mpu_init</name>
         <value>0x0</value>
      </symbol>
      <symbol id="sm-61b">
         <name>_system_post_cinit</name>
         <value>0x0</value>
      </symbol>
      <symbol id="sm-61c">
         <name>NMI_Handler</name>
         <value>0x403b</value>
      </symbol>
      <symbol id="sm-61d">
         <name>HardFault_Handler</name>
         <value>0x403b</value>
      </symbol>
      <symbol id="sm-61e">
         <name>MemManage_Handler</name>
         <value>0x403b</value>
      </symbol>
      <symbol id="sm-61f">
         <name>BusFault_Handler</name>
         <value>0x403b</value>
      </symbol>
      <symbol id="sm-620">
         <name>UsageFault_Handler</name>
         <value>0x403b</value>
      </symbol>
      <symbol id="sm-621">
         <name>SVC_Handler</name>
         <value>0x403b</value>
      </symbol>
      <symbol id="sm-622">
         <name>DebugMon_Handler</name>
         <value>0x403b</value>
      </symbol>
      <symbol id="sm-623">
         <name>PendSV_Handler</name>
         <value>0x403b</value>
      </symbol>
      <symbol id="sm-624">
         <name>SysTick_Handler</name>
         <value>0x403b</value>
      </symbol>
      <symbol id="sm-625">
         <name>PSS_IRQHandler</name>
         <value>0x403b</value>
      </symbol>
      <symbol id="sm-626">
         <name>CS_IRQHandler</name>
         <value>0x403b</value>
      </symbol>
      <symbol id="sm-627">
         <name>PCM_IRQHandler</name>
         <value>0x403b</value>
      </symbol>
      <symbol id="sm-628">
         <name>WDT_A_IRQHandler</name>
         <value>0x403b</value>
      </symbol>
      <symbol id="sm-629">
         <name>FPU_IRQHandler</name>
         <value>0x403b</value>
      </symbol>
      <symbol id="sm-62a">
         <name>FLCTL_A_IRQHandler</name>
         <value>0x403b</value>
      </symbol>
      <symbol id="sm-62b">
         <name>COMP_E0_IRQHandler</name>
         <value>0x403b</value>
      </symbol>
      <symbol id="sm-62c">
         <name>COMP_E1_IRQHandler</name>
         <value>0x403b</value>
      </symbol>
      <symbol id="sm-62d">
         <name>TA0_0_IRQHandler</name>
         <value>0x403b</value>
      </symbol>
      <symbol id="sm-62e">
         <name>TA0_N_IRQHandler</name>
         <value>0x403b</value>
      </symbol>
      <symbol id="sm-62f">
         <name>TA1_0_IRQHandler</name>
         <value>0x403b</value>
      </symbol>
      <symbol id="sm-630">
         <name>TA1_N_IRQHandler</name>
         <value>0x403b</value>
      </symbol>
      <symbol id="sm-631">
         <name>TA2_0_IRQHandler</name>
         <value>0x403b</value>
      </symbol>
      <symbol id="sm-632">
         <name>TA2_N_IRQHandler</name>
         <value>0x403b</value>
      </symbol>
      <symbol id="sm-633">
         <name>TA3_0_IRQHandler</name>
         <value>0x38ef</value>
      </symbol>
      <symbol id="sm-634">
         <name>TA3_N_IRQHandler</name>
         <value>0x403b</value>
      </symbol>
      <symbol id="sm-635">
         <name>EUSCIA0_IRQHandler</name>
         <value>0x403b</value>
      </symbol>
      <symbol id="sm-636">
         <name>EUSCIA1_IRQHandler</name>
         <value>0x403b</value>
      </symbol>
      <symbol id="sm-637">
         <name>EUSCIA2_IRQHandler</name>
         <value>0xa1d</value>
      </symbol>
      <symbol id="sm-638">
         <name>EUSCIA3_IRQHandler</name>
         <value>0x403b</value>
      </symbol>
      <symbol id="sm-639">
         <name>EUSCIB0_IRQHandler</name>
         <value>0x403b</value>
      </symbol>
      <symbol id="sm-63a">
         <name>EUSCIB1_IRQHandler</name>
         <value>0x403b</value>
      </symbol>
      <symbol id="sm-63b">
         <name>EUSCIB2_IRQHandler</name>
         <value>0x403b</value>
      </symbol>
      <symbol id="sm-63c">
         <name>EUSCIB3_IRQHandler</name>
         <value>0x403b</value>
      </symbol>
      <symbol id="sm-63d">
         <name>ADC14_IRQHandler</name>
         <value>0x991</value>
      </symbol>
      <symbol id="sm-63e">
         <name>T32_INT1_IRQHandler</name>
         <value>0x403b</value>
      </symbol>
      <symbol id="sm-63f">
         <name>T32_INT2_IRQHandler</name>
         <value>0x403b</value>
      </symbol>
      <symbol id="sm-640">
         <name>T32_INTC_IRQHandler</name>
         <value>0x403b</value>
      </symbol>
      <symbol id="sm-641">
         <name>AES256_IRQHandler</name>
         <value>0x403b</value>
      </symbol>
      <symbol id="sm-642">
         <name>RTC_C_IRQHandler</name>
         <value>0x403b</value>
      </symbol>
      <symbol id="sm-643">
         <name>DMA_ERR_IRQHandler</name>
         <value>0x403b</value>
      </symbol>
      <symbol id="sm-644">
         <name>DMA_INT3_IRQHandler</name>
         <value>0x403b</value>
      </symbol>
      <symbol id="sm-645">
         <name>DMA_INT2_IRQHandler</name>
         <value>0x403b</value>
      </symbol>
      <symbol id="sm-646">
         <name>DMA_INT1_IRQHandler</name>
         <value>0x403b</value>
      </symbol>
      <symbol id="sm-647">
         <name>DMA_INT0_IRQHandler</name>
         <value>0x403b</value>
      </symbol>
      <symbol id="sm-648">
         <name>PORT1_IRQHandler</name>
         <value>0x403b</value>
      </symbol>
      <symbol id="sm-649">
         <name>PORT2_IRQHandler</name>
         <value>0x403b</value>
      </symbol>
      <symbol id="sm-64a">
         <name>PORT3_IRQHandler</name>
         <value>0x403b</value>
      </symbol>
      <symbol id="sm-64b">
         <name>PORT4_IRQHandler</name>
         <value>0x403b</value>
      </symbol>
      <symbol id="sm-64c">
         <name>PORT5_IRQHandler</name>
         <value>0x403b</value>
      </symbol>
      <symbol id="sm-64d">
         <name>PORT6_IRQHandler</name>
         <value>0x403b</value>
      </symbol>
      <symbol id="sm-64e">
         <name>LCD_F_IRQHandler</name>
         <value>0x403b</value>
      </symbol>
   </symbol_table>
   <title>Link successful</title>
</link_info>
