******************************************************************************
                  TI ARM Linker PC v20.2.7                     
******************************************************************************
>> Linked Mon Feb 24 17:38:33 2025

OUTPUT FILE NAME:   <newProjectCauseRyanSucksatCoding.out>
ENTRY POINT SYMBOL: "_c_int00_noargs"  address: 00003e35


MEMORY CONFIGURATION

         name            origin    length      used     unused   attr    fill
----------------------  --------  ---------  --------  --------  ----  --------
  MAIN                  00000000   00200000  00004190  001fbe70  R  X
  INFO                  00200000   00008000  00000000  00008000  R  X
  SRAM_CODE             01000000   00040000  00000222  0003fdde  RW X
  SRAM_DATA             20000000   00040000  00000222  0003fdde  RW  


SEGMENT ALLOCATION MAP

run origin  load origin   length   init length attrs members
----------  ----------- ---------- ----------- ----- -------
00000000    00000000    00004190   00004190    r-x
  00000000    00000000    000000e8   000000e8    r-- .intvecs
  000000e8    000000e8    00003e48   00003e48    r-x .text
  00003f30    00003f30    00000220   00000220    r-- .const
  00004150    00004150    00000040   00000040    r-- .cinit
20000000    20000000    00000022   00000000    rw-
  20000000    20000000    00000018   00000000    rw- .data
  20000018    20000018    0000000a   00000000    rw- .bss
2003fe00    2003fe00    00000200   00000000    rw-
  2003fe00    2003fe00    00000200   00000000    rw- .stack


SECTION ALLOCATION MAP

 output                                  attributes/
section   page    origin      length       input sections
--------  ----  ----------  ----------   ----------------
.intvecs   0    00000000    000000e8     
                  00000000    000000e8     startup_msp432p4111_ccs.obj (.intvecs:retain)

.text      0    000000e8    00003e48     
                  000000e8    000009d0     rtsv7M4_T_le_v4SPD16_eabi.lib : e_pow.c.obj (.text:pow)
                  00000ab8    00000908     While.obj (.text)
                  000013c0    00000738     rtsv7M4_T_le_v4SPD16_eabi.lib : k_rem_pio2.c.obj (.text:__kernel_rem_pio2)
                  00001af8    000005e0                                   : s_sin.c.obj (.text:sin)
                  000020d8    000005dc                                   : s_cos.c.obj (.text:cos)
                  000026b4    00000350     system_msp432p4111.obj (.text)
                  00002a04    000002ec     rtsv7M4_T_le_v4SPD16_eabi.lib : s_atan.c.obj (.text:atan)
                  00002cf0    000001e4                                   : e_atan2.c.obj (.text:atan2)
                  00002ed4    000001b6                                   : fd_add_t2.asm.obj (.text)
                  0000308a    00000002     --HOLE-- [fill = 0]
                  0000308c    00000174                                   : k_sin.c.obj (.text:__kernel_sin)
                  00003200    00000170                                   : k_cos.c.obj (.text:__kernel_cos)
                  00003370    00000158                                   : e_sqrt.c.obj (.text:sqrt)
                  000034c8    00000136                                   : fd_div_t2.asm.obj (.text)
                  000035fe    00000002     --HOLE-- [fill = 0]
                  00003600    00000110                                   : s_scalbn.c.obj (.text:scalbn)
                  00003710    00000104     stepper.obj (.text)
                  00003814    000000fc     rtsv7M4_T_le_v4SPD16_eabi.lib : fd_mul_t2.asm.obj (.text)
                  00003910    000000f8                                   : s_floor.c.obj (.text:floor)
                  00003a08    000000e8     csHFXT.obj (.text)
                  00003af0    0000009c     rtsv7M4_T_le_v4SPD16_eabi.lib : memcpy_t2.asm.obj (.text)
                  00003b8c    00000086                                   : fd_cmp_t2.asm.obj (.text:__aeabi_cdcmple)
                  00003c12    00000086                                   : fd_cmp_t2.asm.obj (.text:__aeabi_cdrcmple)
                  00003c98    0000006e                                   : fd_tos_t2.asm.obj (.text)
                  00003d06    00000068                                   : copy_decompress_lzss.c.obj (.text:decompress:lzss:__TI_decompress_lzss)
                  00003d6e    00000048                                   : fd_toi_t2.asm.obj (.text)
                  00003db6    00000002     --HOLE-- [fill = 0]
                  00003db8    00000044                                   : autoinit.c.obj (.text:__TI_auto_init_nobinit_nopinit:__TI_auto_init_nobinit_nopinit)
                  00003dfc    00000038                                   : fs_tod_t2.asm.obj (.text)
                  00003e34    00000034                                   : boot_cortex_m.c.obj (.text:_c_int00_noargs:_c_int00_noargs)
                  00003e68    0000002e                                   : i_tofd_t2.asm.obj (.text)
                  00003e96    00000020                                   : u_tofd_t2.asm.obj (.text)
                  00003eb6    0000001c                                   : copy_zero_init.c.obj (.text:decompress:ZI:__TI_zero_init_nomemset:__TI_zero_init_nomemset)
                  00003ed2    0000001a                                   : s_copysign.c.obj (.text:copysign)
                  00003eec    00000018                                   : strcmp.c.obj (.text:strcmp)
                  00003f04    0000000e                                   : copy_decompress_none.c.obj (.text:decompress:none:__TI_decompress_none)
                  00003f12    0000000e     startup_msp432p4111_ccs.obj (.text)
                  00003f20    00000008     rtsv7M4_T_le_v4SPD16_eabi.lib : errno.c.obj (.text:__aeabi_errno_addr)
                  00003f28    00000004                                   : pre_init.c.obj (.text:_system_pre_init)
                  00003f2c    00000004                                   : exit.c.obj (.text:abort:abort)

.const     0    00003f30    00000220     
                  00003f30    00000158     rtsv7M4_T_le_v4SPD16_eabi.lib : k_rem_pio2.c.obj (.const:$O1$$)
                  00004088    00000098                                   : s_atan.c.obj (.const:$O1$$)
                  00004120    00000030                                   : e_pow.c.obj (.const:$O1$$)

.cinit     0    00004150    00000040     
                  00004150    00000015     (.cinit..data.load) [load image, compression = lzss]
                  00004165    00000003     --HOLE-- [fill = 0]
                  00004168    0000000c     (__TI_handler_table)
                  00004174    00000004     --HOLE-- [fill = 0]
                  00004178    00000008     (.cinit..bss.load) [load image, compression = zero_init]
                  00004180    00000010     (__TI_cinit_table)

.init_array 
*          0    00000000    00000000     UNINITIALIZED

.binit     0    00000000    00000000     

.data      0    20000000    00000018     UNINITIALIZED
                  20000000    00000007     While.obj (.data)
                  20000007    00000001     --HOLE--
                  20000008    00000007     stepper.obj (.data)
                  2000000f    00000001     --HOLE--
                  20000010    00000004     rtsv7M4_T_le_v4SPD16_eabi.lib : errno.c.obj (.data)
                  20000014    00000004     system_msp432p4111.obj (.data)

.bss       0    20000018    0000000a     UNINITIALIZED
                  20000018    00000008     While.obj (.bss:buffer$1)
                  20000020    00000002     While.obj (.bss)

.stack     0    2003fe00    00000200     UNINITIALIZED
                  2003fe00    00000004     rtsv7M4_T_le_v4SPD16_eabi.lib : boot_cortex_m.c.obj (.stack)
                  2003fe04    000001fc     --HOLE--

__llvm_prf_cnts 
*          0    20000000    00000000     UNINITIALIZED

MODULE SUMMARY

       Module                        code    ro data   rw data
       ------                        ----    -------   -------
    .\
       While.obj                     2312    0         34     
       system_msp432p4111.obj        848     0         8      
       stepper.obj                   260     0         14     
       startup_msp432p4111_ccs.obj   14      232       0      
       csHFXT.obj                    232     0         0      
    +--+-----------------------------+-------+---------+---------+
       Total:                        3666    232       56     
                                                              
    C:\ti\ccs1260\ccs\tools\compiler\ti-cgt-arm_20.2.7.LTS\lib\rtsv7M4_T_le_v4SPD16_eabi.lib
       e_pow.c.obj                   2512    48        0      
       k_rem_pio2.c.obj              1848    344       0      
       s_sin.c.obj                   1504    0         0      
       s_cos.c.obj                   1500    0         0      
       s_atan.c.obj                  748     152       0      
       e_atan2.c.obj                 484     0         0      
       fd_add_t2.asm.obj             438     0         0      
       k_sin.c.obj                   372     0         0      
       k_cos.c.obj                   368     0         0      
       e_sqrt.c.obj                  344     0         0      
       fd_div_t2.asm.obj             310     0         0      
       s_scalbn.c.obj                272     0         0      
       fd_cmp_t2.asm.obj             268     0         0      
       fd_mul_t2.asm.obj             252     0         0      
       s_floor.c.obj                 248     0         0      
       memcpy_t2.asm.obj             156     0         0      
       fd_tos_t2.asm.obj             110     0         0      
       copy_decompress_lzss.c.obj    104     0         0      
       fd_toi_t2.asm.obj             72      0         0      
       autoinit.c.obj                68      0         0      
       fs_tod_t2.asm.obj             56      0         0      
       boot_cortex_m.c.obj           52      0         0      
       i_tofd_t2.asm.obj             46      0         0      
       u_tofd_t2.asm.obj             32      0         0      
       copy_zero_init.c.obj          28      0         0      
       s_copysign.c.obj              26      0         0      
       strcmp.c.obj                  24      0         0      
       errno.c.obj                   8       0         8      
       copy_decompress_none.c.obj    14      0         0      
       exit.c.obj                    4       0         0      
       pre_init.c.obj                4       0         0      
    +--+-----------------------------+-------+---------+---------+
       Total:                        12272   544       8      
                                                              
       Stack:                        0       0         1024   
       Linker Generated:             0       57        0      
    +--+-----------------------------+-------+---------+---------+
       Grand Total:                  15938   833       1088   


LINKER GENERATED COPY TABLES

__TI_cinit_table @ 00004180 records: 2, size/record: 8, table size: 16
	.data: load addr=00004150, load size=00000015 bytes, run addr=20000000, run size=00000018 bytes, compression=lzss
	.bss: load addr=00004178, load size=00000008 bytes, run addr=20000018, run size=0000000a bytes, compression=zero_init


LINKER GENERATED HANDLER TABLE

__TI_handler_table @ 00004168 records: 3, size/record: 4, table size: 12
	index: 0, handler: __TI_decompress_lzss
	index: 1, handler: __TI_decompress_none
	index: 2, handler: __TI_zero_init


GLOBAL SYMBOLS: SORTED ALPHABETICALLY BY Name 

address   name                          
-------   ----                          
00001241  ADC14_IRQHandler              
00001241  ADC14_IRQHandler              
00003f1f  AES256_IRQHandler             
00003f1f  BusFault_Handler              
00003f2d  C$$EXIT                       
00003f1f  COMP_E0_IRQHandler            
00003f1f  COMP_E1_IRQHandler            
00003f1f  CS_IRQHandler                 
00000b5b  ConfigureServo                
00003f1f  DMA_ERR_IRQHandler            
00003f1f  DMA_INT0_IRQHandler           
00003f1f  DMA_INT1_IRQHandler           
00003f1f  DMA_INT2_IRQHandler           
00003f1f  DMA_INT3_IRQHandler           
00003f1f  DebugMon_Handler              
00003f1f  Default_Handler               
00003f1f  EUSCIA0_IRQHandler            
00003f1f  EUSCIA1_IRQHandler            
000012c1  EUSCIA2_IRQHandler            
000012c1  EUSCIA2_IRQHandler            
00003f1f  EUSCIA3_IRQHandler            
00003f1f  EUSCIB0_IRQHandler            
00003f1f  EUSCIB1_IRQHandler            
00003f1f  EUSCIB2_IRQHandler            
00003f1f  EUSCIB3_IRQHandler            
00003f1f  FLCTL_A_IRQHandler            
00003f1f  FPU_IRQHandler                
00003f1f  HardFault_Handler             
00003f1f  LCD_F_IRQHandler              
00003f1f  MemManage_Handler             
00003f1f  NMI_Handler                   
00003f1f  PCM_IRQHandler                
00003f1f  PORT1_IRQHandler              
00003f1f  PORT2_IRQHandler              
00003f1f  PORT3_IRQHandler              
00003f1f  PORT4_IRQHandler              
00003f1f  PORT5_IRQHandler              
00003f1f  PORT6_IRQHandler              
00003f1f  PSS_IRQHandler                
00003f1f  PendSV_Handler                
00003f1f  RTC_C_IRQHandler              
00003f13  Reset_Handler                 
00003f1f  SVC_Handler                   
00003f1f  SysTick_Handler               
20000014  SystemCoreClock               
000026b5  SystemCoreClockUpdate         
0000292d  SystemInit                    
00003f1f  T32_INT1_IRQHandler           
00003f1f  T32_INT2_IRQHandler           
00003f1f  T32_INTC_IRQHandler           
00003f1f  TA0_0_IRQHandler              
00003f1f  TA0_N_IRQHandler              
00003f1f  TA1_0_IRQHandler              
00003f1f  TA1_N_IRQHandler              
00003f1f  TA2_0_IRQHandler              
00003f1f  TA2_N_IRQHandler              
000037d3  TA3_0_IRQHandler              
000037d3  TA3_0_IRQHandler              
00003f1f  TA3_N_IRQHandler              
00003f1f  UsageFault_Handler            
4000480c  WDTCTL_SYM                    
00003f1f  WDT_A_IRQHandler              
20040000  __STACK_END                   
00000200  __STACK_SIZE                  
00004180  __TI_CINIT_Base               
00004190  __TI_CINIT_Limit              
00004168  __TI_Handler_Table_Base       
00004174  __TI_Handler_Table_Limit      
00003db9  __TI_auto_init_nobinit_nopinit
00003d07  __TI_decompress_lzss          
00003f05  __TI_decompress_none          
ffffffff  __TI_pprof_out_hndl           
ffffffff  __TI_prof_data_size           
ffffffff  __TI_prof_data_start          
00000000  __TI_static_base__            
00003eb7  __TI_zero_init_nomemset       
00003b8d  __aeabi_cdcmpeq               
00003b8d  __aeabi_cdcmple               
00003c13  __aeabi_cdrcmple              
00003c99  __aeabi_d2f                   
00003d6f  __aeabi_d2iz                  
00002edf  __aeabi_dadd                  
000034c9  __aeabi_ddiv                  
00003815  __aeabi_dmul                  
00002ed5  __aeabi_dsub                  
00003f21  __aeabi_errno_addr            
00003dfd  __aeabi_f2d                   
00003e69  __aeabi_i2d                   
00003af1  __aeabi_memcpy                
00003af1  __aeabi_memcpy4               
00003af1  __aeabi_memcpy8               
00003e97  __aeabi_ui2d                  
ffffffff  __binit__                     
ffffffff  __c_args__                    
00003201  __kernel_cos                  
000013c1  __kernel_rem_pio2             
0000308d  __kernel_sin                  
UNDEFED   __mpu_init                    
2003fe00  __stack                       
20000000  __start___llvm_prf_cnts       
20000000  __stop___llvm_prf_cnts        
00003e35  _c_int00_noargs               
UNDEFED   _system_post_cinit            
00003f29  _system_pre_init              
00003f2d  abort                         
20000004  adcResult                     
20000001  armed                         
00002a05  atan                          
00002cf1  atan2                         
00002cf1  atan2l                        
00002a05  atanl                         
ffffffff  binit                         
00000b15  calculateAngle                
00003a09  configHFXT                    
00000e43  configureSpeaker              
00000ab9  configureSpeakerLEDPayload    
00000df1  configureUART                 
00003ed3  copysign                      
00003ed3  copysignl                     
000020d9  cos                           
000020d9  cosl                          
00003775  disableStepperMotor           
0000376b  enableStepperMotor            
20000010  errno                         
00003aa9  error                         
20000002  fire                          
00003911  floor                         
00003911  floorl                        
00003711  initStepperMotor              
00000000  interruptVectors              
00003601  ldexp                         
00003601  ldexpl                        
00000fe9  main                          
00003af1  memcpy                        
00000e6d  playTone                      
000000e9  pow                           
000000e9  powl                          
00003601  scalbn                        
00003601  scalbnl                       
00000f01  setFinAngles                  
00000be7  setServoAngle                 
00001af9  sin                           
00001af9  sinl                          
00003371  sqrt                          
00003371  sqrtl                         
0000377f  stepClockwise                 
2000000c  stepPeriod                    
20000008  steps                         
00000ea7  stopTone                      
00003eed  strcmp                        


GLOBAL SYMBOLS: SORTED BY Symbol Address 

address   name                          
-------   ----                          
00000000  __TI_static_base__            
00000000  interruptVectors              
000000e9  pow                           
000000e9  powl                          
00000200  __STACK_SIZE                  
00000ab9  configureSpeakerLEDPayload    
00000b15  calculateAngle                
00000b5b  ConfigureServo                
00000be7  setServoAngle                 
00000df1  configureUART                 
00000e43  configureSpeaker              
00000e6d  playTone                      
00000ea7  stopTone                      
00000f01  setFinAngles                  
00000fe9  main                          
00001241  ADC14_IRQHandler              
00001241  ADC14_IRQHandler              
000012c1  EUSCIA2_IRQHandler            
000012c1  EUSCIA2_IRQHandler            
000013c1  __kernel_rem_pio2             
00001af9  sin                           
00001af9  sinl                          
000020d9  cos                           
000020d9  cosl                          
000026b5  SystemCoreClockUpdate         
0000292d  SystemInit                    
00002a05  atan                          
00002a05  atanl                         
00002cf1  atan2                         
00002cf1  atan2l                        
00002ed5  __aeabi_dsub                  
00002edf  __aeabi_dadd                  
0000308d  __kernel_sin                  
00003201  __kernel_cos                  
00003371  sqrt                          
00003371  sqrtl                         
000034c9  __aeabi_ddiv                  
00003601  ldexp                         
00003601  ldexpl                        
00003601  scalbn                        
00003601  scalbnl                       
00003711  initStepperMotor              
0000376b  enableStepperMotor            
00003775  disableStepperMotor           
0000377f  stepClockwise                 
000037d3  TA3_0_IRQHandler              
000037d3  TA3_0_IRQHandler              
00003815  __aeabi_dmul                  
00003911  floor                         
00003911  floorl                        
00003a09  configHFXT                    
00003aa9  error                         
00003af1  __aeabi_memcpy                
00003af1  __aeabi_memcpy4               
00003af1  __aeabi_memcpy8               
00003af1  memcpy                        
00003b8d  __aeabi_cdcmpeq               
00003b8d  __aeabi_cdcmple               
00003c13  __aeabi_cdrcmple              
00003c99  __aeabi_d2f                   
00003d07  __TI_decompress_lzss          
00003d6f  __aeabi_d2iz                  
00003db9  __TI_auto_init_nobinit_nopinit
00003dfd  __aeabi_f2d                   
00003e35  _c_int00_noargs               
00003e69  __aeabi_i2d                   
00003e97  __aeabi_ui2d                  
00003eb7  __TI_zero_init_nomemset       
00003ed3  copysign                      
00003ed3  copysignl                     
00003eed  strcmp                        
00003f05  __TI_decompress_none          
00003f13  Reset_Handler                 
00003f1f  AES256_IRQHandler             
00003f1f  BusFault_Handler              
00003f1f  COMP_E0_IRQHandler            
00003f1f  COMP_E1_IRQHandler            
00003f1f  CS_IRQHandler                 
00003f1f  DMA_ERR_IRQHandler            
00003f1f  DMA_INT0_IRQHandler           
00003f1f  DMA_INT1_IRQHandler           
00003f1f  DMA_INT2_IRQHandler           
00003f1f  DMA_INT3_IRQHandler           
00003f1f  DebugMon_Handler              
00003f1f  Default_Handler               
00003f1f  EUSCIA0_IRQHandler            
00003f1f  EUSCIA1_IRQHandler            
00003f1f  EUSCIA3_IRQHandler            
00003f1f  EUSCIB0_IRQHandler            
00003f1f  EUSCIB1_IRQHandler            
00003f1f  EUSCIB2_IRQHandler            
00003f1f  EUSCIB3_IRQHandler            
00003f1f  FLCTL_A_IRQHandler            
00003f1f  FPU_IRQHandler                
00003f1f  HardFault_Handler             
00003f1f  LCD_F_IRQHandler              
00003f1f  MemManage_Handler             
00003f1f  NMI_Handler                   
00003f1f  PCM_IRQHandler                
00003f1f  PORT1_IRQHandler              
00003f1f  PORT2_IRQHandler              
00003f1f  PORT3_IRQHandler              
00003f1f  PORT4_IRQHandler              
00003f1f  PORT5_IRQHandler              
00003f1f  PORT6_IRQHandler              
00003f1f  PSS_IRQHandler                
00003f1f  PendSV_Handler                
00003f1f  RTC_C_IRQHandler              
00003f1f  SVC_Handler                   
00003f1f  SysTick_Handler               
00003f1f  T32_INT1_IRQHandler           
00003f1f  T32_INT2_IRQHandler           
00003f1f  T32_INTC_IRQHandler           
00003f1f  TA0_0_IRQHandler              
00003f1f  TA0_N_IRQHandler              
00003f1f  TA1_0_IRQHandler              
00003f1f  TA1_N_IRQHandler              
00003f1f  TA2_0_IRQHandler              
00003f1f  TA2_N_IRQHandler              
00003f1f  TA3_N_IRQHandler              
00003f1f  UsageFault_Handler            
00003f1f  WDT_A_IRQHandler              
00003f21  __aeabi_errno_addr            
00003f29  _system_pre_init              
00003f2d  C$$EXIT                       
00003f2d  abort                         
00004168  __TI_Handler_Table_Base       
00004174  __TI_Handler_Table_Limit      
00004180  __TI_CINIT_Base               
00004190  __TI_CINIT_Limit              
20000000  __start___llvm_prf_cnts       
20000000  __stop___llvm_prf_cnts        
20000001  armed                         
20000002  fire                          
20000004  adcResult                     
20000008  steps                         
2000000c  stepPeriod                    
20000010  errno                         
20000014  SystemCoreClock               
2003fe00  __stack                       
20040000  __STACK_END                   
4000480c  WDTCTL_SYM                    
ffffffff  __TI_pprof_out_hndl           
ffffffff  __TI_prof_data_size           
ffffffff  __TI_prof_data_start          
ffffffff  __binit__                     
ffffffff  __c_args__                    
ffffffff  binit                         
UNDEFED   __mpu_init                    
UNDEFED   _system_post_cinit            

[150 symbols]
