<?xml version="1.0" encoding="ISO-8859-1" ?>
<link_info>
   <banner>TI ARM Linker PC v20.2.7.LTS</banner>
   <copyright>Copyright (c) 1996-2018 Texas Instruments Incorporated</copyright>
   <link_time>0x67bcf4e9</link_time>
   <link_errors>0x0</link_errors>
   <output_file>newProjectCauseRyanSucksatCoding.out</output_file>
   <entry_point>
      <name>_c_int00_noargs</name>
      <address>0x3e35</address>
   </entry_point>
   <input_file_list>
      <input_file id="fl-2">
         <path>.\</path>
         <kind>object</kind>
         <file>While.obj</file>
         <name>While.obj</name>
      </input_file>
      <input_file id="fl-3">
         <path>.\</path>
         <kind>object</kind>
         <file>csHFXT.obj</file>
         <name>csHFXT.obj</name>
      </input_file>
      <input_file id="fl-4">
         <path>.\</path>
         <kind>object</kind>
         <file>startup_msp432p4111_ccs.obj</file>
         <name>startup_msp432p4111_ccs.obj</name>
      </input_file>
      <input_file id="fl-5">
         <path>.\</path>
         <kind>object</kind>
         <file>stepper.obj</file>
         <name>stepper.obj</name>
      </input_file>
      <input_file id="fl-6">
         <path>.\</path>
         <kind>object</kind>
         <file>system_msp432p4111.obj</file>
         <name>system_msp432p4111.obj</name>
      </input_file>
      <input_file id="fl-a">
         <kind>object</kind>
         <file>&lt;internal&gt;</file>
         <name>&lt;internal&gt;</name>
      </input_file>
      <input_file id="fl-c0">
         <path>C:\ti\ccs1260\ccs\tools\compiler\ti-cgt-arm_20.2.7.LTS\lib\</path>
         <kind>archive</kind>
         <file>rtsv7M4_T_le_v4SPD16_eabi.lib</file>
         <name>e_atan2.c.obj</name>
      </input_file>
      <input_file id="fl-c1">
         <path>C:\ti\ccs1260\ccs\tools\compiler\ti-cgt-arm_20.2.7.LTS\lib\</path>
         <kind>archive</kind>
         <file>rtsv7M4_T_le_v4SPD16_eabi.lib</file>
         <name>e_pow.c.obj</name>
      </input_file>
      <input_file id="fl-c2">
         <path>C:\ti\ccs1260\ccs\tools\compiler\ti-cgt-arm_20.2.7.LTS\lib\</path>
         <kind>archive</kind>
         <file>rtsv7M4_T_le_v4SPD16_eabi.lib</file>
         <name>e_sqrt.c.obj</name>
      </input_file>
      <input_file id="fl-c3">
         <path>C:\ti\ccs1260\ccs\tools\compiler\ti-cgt-arm_20.2.7.LTS\lib\</path>
         <kind>archive</kind>
         <file>rtsv7M4_T_le_v4SPD16_eabi.lib</file>
         <name>s_atan.c.obj</name>
      </input_file>
      <input_file id="fl-c4">
         <path>C:\ti\ccs1260\ccs\tools\compiler\ti-cgt-arm_20.2.7.LTS\lib\</path>
         <kind>archive</kind>
         <file>rtsv7M4_T_le_v4SPD16_eabi.lib</file>
         <name>s_cos.c.obj</name>
      </input_file>
      <input_file id="fl-c5">
         <path>C:\ti\ccs1260\ccs\tools\compiler\ti-cgt-arm_20.2.7.LTS\lib\</path>
         <kind>archive</kind>
         <file>rtsv7M4_T_le_v4SPD16_eabi.lib</file>
         <name>s_scalbn.c.obj</name>
      </input_file>
      <input_file id="fl-c6">
         <path>C:\ti\ccs1260\ccs\tools\compiler\ti-cgt-arm_20.2.7.LTS\lib\</path>
         <kind>archive</kind>
         <file>rtsv7M4_T_le_v4SPD16_eabi.lib</file>
         <name>s_sin.c.obj</name>
      </input_file>
      <input_file id="fl-c7">
         <path>C:\ti\ccs1260\ccs\tools\compiler\ti-cgt-arm_20.2.7.LTS\lib\</path>
         <kind>archive</kind>
         <file>rtsv7M4_T_le_v4SPD16_eabi.lib</file>
         <name>fd_add_t2.asm.obj</name>
      </input_file>
      <input_file id="fl-c8">
         <path>C:\ti\ccs1260\ccs\tools\compiler\ti-cgt-arm_20.2.7.LTS\lib\</path>
         <kind>archive</kind>
         <file>rtsv7M4_T_le_v4SPD16_eabi.lib</file>
         <name>fd_cmp_t2.asm.obj</name>
      </input_file>
      <input_file id="fl-c9">
         <path>C:\ti\ccs1260\ccs\tools\compiler\ti-cgt-arm_20.2.7.LTS\lib\</path>
         <kind>archive</kind>
         <file>rtsv7M4_T_le_v4SPD16_eabi.lib</file>
         <name>fd_div_t2.asm.obj</name>
      </input_file>
      <input_file id="fl-ca">
         <path>C:\ti\ccs1260\ccs\tools\compiler\ti-cgt-arm_20.2.7.LTS\lib\</path>
         <kind>archive</kind>
         <file>rtsv7M4_T_le_v4SPD16_eabi.lib</file>
         <name>fd_mul_t2.asm.obj</name>
      </input_file>
      <input_file id="fl-cb">
         <path>C:\ti\ccs1260\ccs\tools\compiler\ti-cgt-arm_20.2.7.LTS\lib\</path>
         <kind>archive</kind>
         <file>rtsv7M4_T_le_v4SPD16_eabi.lib</file>
         <name>fd_toi_t2.asm.obj</name>
      </input_file>
      <input_file id="fl-cc">
         <path>C:\ti\ccs1260\ccs\tools\compiler\ti-cgt-arm_20.2.7.LTS\lib\</path>
         <kind>archive</kind>
         <file>rtsv7M4_T_le_v4SPD16_eabi.lib</file>
         <name>fd_tos_t2.asm.obj</name>
      </input_file>
      <input_file id="fl-cd">
         <path>C:\ti\ccs1260\ccs\tools\compiler\ti-cgt-arm_20.2.7.LTS\lib\</path>
         <kind>archive</kind>
         <file>rtsv7M4_T_le_v4SPD16_eabi.lib</file>
         <name>fs_tod_t2.asm.obj</name>
      </input_file>
      <input_file id="fl-ce">
         <path>C:\ti\ccs1260\ccs\tools\compiler\ti-cgt-arm_20.2.7.LTS\lib\</path>
         <kind>archive</kind>
         <file>rtsv7M4_T_le_v4SPD16_eabi.lib</file>
         <name>i_tofd_t2.asm.obj</name>
      </input_file>
      <input_file id="fl-cf">
         <path>C:\ti\ccs1260\ccs\tools\compiler\ti-cgt-arm_20.2.7.LTS\lib\</path>
         <kind>archive</kind>
         <file>rtsv7M4_T_le_v4SPD16_eabi.lib</file>
         <name>u_tofd_t2.asm.obj</name>
      </input_file>
      <input_file id="fl-d0">
         <path>C:\ti\ccs1260\ccs\tools\compiler\ti-cgt-arm_20.2.7.LTS\lib\</path>
         <kind>archive</kind>
         <file>rtsv7M4_T_le_v4SPD16_eabi.lib</file>
         <name>copy_zero_init.c.obj</name>
      </input_file>
      <input_file id="fl-d1">
         <path>C:\ti\ccs1260\ccs\tools\compiler\ti-cgt-arm_20.2.7.LTS\lib\</path>
         <kind>archive</kind>
         <file>rtsv7M4_T_le_v4SPD16_eabi.lib</file>
         <name>copy_decompress_none.c.obj</name>
      </input_file>
      <input_file id="fl-d2">
         <path>C:\ti\ccs1260\ccs\tools\compiler\ti-cgt-arm_20.2.7.LTS\lib\</path>
         <kind>archive</kind>
         <file>rtsv7M4_T_le_v4SPD16_eabi.lib</file>
         <name>copy_decompress_lzss.c.obj</name>
      </input_file>
      <input_file id="fl-d3">
         <path>C:\ti\ccs1260\ccs\tools\compiler\ti-cgt-arm_20.2.7.LTS\lib\</path>
         <kind>archive</kind>
         <file>rtsv7M4_T_le_v4SPD16_eabi.lib</file>
         <name>strcmp.c.obj</name>
      </input_file>
      <input_file id="fl-d4">
         <path>C:\ti\ccs1260\ccs\tools\compiler\ti-cgt-arm_20.2.7.LTS\lib\</path>
         <kind>archive</kind>
         <file>rtsv7M4_T_le_v4SPD16_eabi.lib</file>
         <name>k_rem_pio2.c.obj</name>
      </input_file>
      <input_file id="fl-d5">
         <path>C:\ti\ccs1260\ccs\tools\compiler\ti-cgt-arm_20.2.7.LTS\lib\</path>
         <kind>archive</kind>
         <file>rtsv7M4_T_le_v4SPD16_eabi.lib</file>
         <name>boot_cortex_m.c.obj</name>
      </input_file>
      <input_file id="fl-d6">
         <path>C:\ti\ccs1260\ccs\tools\compiler\ti-cgt-arm_20.2.7.LTS\lib\</path>
         <kind>archive</kind>
         <file>rtsv7M4_T_le_v4SPD16_eabi.lib</file>
         <name>errno.c.obj</name>
      </input_file>
      <input_file id="fl-d7">
         <path>C:\ti\ccs1260\ccs\tools\compiler\ti-cgt-arm_20.2.7.LTS\lib\</path>
         <kind>archive</kind>
         <file>rtsv7M4_T_le_v4SPD16_eabi.lib</file>
         <name>s_copysign.c.obj</name>
      </input_file>
      <input_file id="fl-d8">
         <path>C:\ti\ccs1260\ccs\tools\compiler\ti-cgt-arm_20.2.7.LTS\lib\</path>
         <kind>archive</kind>
         <file>rtsv7M4_T_le_v4SPD16_eabi.lib</file>
         <name>k_cos.c.obj</name>
      </input_file>
      <input_file id="fl-d9">
         <path>C:\ti\ccs1260\ccs\tools\compiler\ti-cgt-arm_20.2.7.LTS\lib\</path>
         <kind>archive</kind>
         <file>rtsv7M4_T_le_v4SPD16_eabi.lib</file>
         <name>k_sin.c.obj</name>
      </input_file>
      <input_file id="fl-da">
         <path>C:\ti\ccs1260\ccs\tools\compiler\ti-cgt-arm_20.2.7.LTS\lib\</path>
         <kind>archive</kind>
         <file>rtsv7M4_T_le_v4SPD16_eabi.lib</file>
         <name>s_floor.c.obj</name>
      </input_file>
      <input_file id="fl-db">
         <path>C:\ti\ccs1260\ccs\tools\compiler\ti-cgt-arm_20.2.7.LTS\lib\</path>
         <kind>archive</kind>
         <file>rtsv7M4_T_le_v4SPD16_eabi.lib</file>
         <name>memcpy_t2.asm.obj</name>
      </input_file>
      <input_file id="fl-dc">
         <path>C:\ti\ccs1260\ccs\tools\compiler\ti-cgt-arm_20.2.7.LTS\lib\</path>
         <kind>archive</kind>
         <file>rtsv7M4_T_le_v4SPD16_eabi.lib</file>
         <name>memset_t2.asm.obj</name>
      </input_file>
      <input_file id="fl-dd">
         <path>C:\ti\ccs1260\ccs\tools\compiler\ti-cgt-arm_20.2.7.LTS\lib\</path>
         <kind>archive</kind>
         <file>rtsv7M4_T_le_v4SPD16_eabi.lib</file>
         <name>autoinit.c.obj</name>
      </input_file>
      <input_file id="fl-de">
         <path>C:\ti\ccs1260\ccs\tools\compiler\ti-cgt-arm_20.2.7.LTS\lib\</path>
         <kind>archive</kind>
         <file>rtsv7M4_T_le_v4SPD16_eabi.lib</file>
         <name>pre_init.c.obj</name>
      </input_file>
      <input_file id="fl-df">
         <path>C:\ti\ccs1260\ccs\tools\compiler\ti-cgt-arm_20.2.7.LTS\lib\</path>
         <kind>archive</kind>
         <file>rtsv7M4_T_le_v4SPD16_eabi.lib</file>
         <name>cpy_tbl.c.obj</name>
      </input_file>
      <input_file id="fl-e0">
         <path>C:\ti\ccs1260\ccs\tools\compiler\ti-cgt-arm_20.2.7.LTS\lib\</path>
         <kind>archive</kind>
         <file>rtsv7M4_T_le_v4SPD16_eabi.lib</file>
         <name>exit.c.obj</name>
      </input_file>
      <input_file id="fl-e1">
         <path>C:\ti\ccs1260\ccs\tools\compiler\ti-cgt-arm_20.2.7.LTS\lib\</path>
         <kind>archive</kind>
         <file>rtsv7M4_T_le_v4SPD16_eabi.lib</file>
         <name>_lock.c.obj</name>
      </input_file>
      <input_file id="fl-e2">
         <path>C:\ti\ccs1260\ccs\tools\compiler\ti-cgt-arm_20.2.7.LTS\lib\</path>
         <kind>archive</kind>
         <file>rtsv7M4_T_le_v4SPD16_eabi.lib</file>
         <name>args_main.c.obj</name>
      </input_file>
   </input_file_list>
   <object_component_list>
      <object_component id="oc-26">
         <name>.intvecs:retain</name>
         <load_address>0x0</load_address>
         <run_address>0x0</run_address>
         <size>0xe8</size>
         <input_file_ref idref="fl-4"/>
      </object_component>
      <object_component id="oc-de">
         <name>.text:pow</name>
         <load_address>0xe8</load_address>
         <run_address>0xe8</run_address>
         <size>0x9d0</size>
         <input_file_ref idref="fl-c1"/>
      </object_component>
      <object_component id="oc-73">
         <name>.text</name>
         <load_address>0xab8</load_address>
         <run_address>0xab8</run_address>
         <size>0x908</size>
         <input_file_ref idref="fl-2"/>
      </object_component>
      <object_component id="oc-1ad">
         <name>.text:__kernel_rem_pio2</name>
         <load_address>0x13c0</load_address>
         <run_address>0x13c0</run_address>
         <size>0x738</size>
         <input_file_ref idref="fl-d4"/>
      </object_component>
      <object_component id="oc-ea">
         <name>.text:sin</name>
         <load_address>0x1af8</load_address>
         <run_address>0x1af8</run_address>
         <size>0x5e0</size>
         <input_file_ref idref="fl-c6"/>
      </object_component>
      <object_component id="oc-e4">
         <name>.text:cos</name>
         <load_address>0x20d8</load_address>
         <run_address>0x20d8</run_address>
         <size>0x5dc</size>
         <input_file_ref idref="fl-c4"/>
      </object_component>
      <object_component id="oc-ab">
         <name>.text</name>
         <load_address>0x26b4</load_address>
         <run_address>0x26b4</run_address>
         <size>0x350</size>
         <input_file_ref idref="fl-6"/>
      </object_component>
      <object_component id="oc-16c">
         <name>.text:atan</name>
         <load_address>0x2a04</load_address>
         <run_address>0x2a04</run_address>
         <size>0x2ec</size>
         <input_file_ref idref="fl-c3"/>
      </object_component>
      <object_component id="oc-bb">
         <name>.text:atan2</name>
         <load_address>0x2cf0</load_address>
         <run_address>0x2cf0</run_address>
         <size>0x1e4</size>
         <input_file_ref idref="fl-c0"/>
      </object_component>
      <object_component id="oc-d0">
         <name>.text</name>
         <load_address>0x2ed4</load_address>
         <run_address>0x2ed4</run_address>
         <size>0x1b6</size>
         <input_file_ref idref="fl-c7"/>
      </object_component>
      <object_component id="oc-1b3">
         <name>.text:__kernel_sin</name>
         <load_address>0x308c</load_address>
         <run_address>0x308c</run_address>
         <size>0x174</size>
         <input_file_ref idref="fl-d9"/>
      </object_component>
      <object_component id="oc-1a7">
         <name>.text:__kernel_cos</name>
         <load_address>0x3200</load_address>
         <run_address>0x3200</run_address>
         <size>0x170</size>
         <input_file_ref idref="fl-d8"/>
      </object_component>
      <object_component id="oc-180">
         <name>.text:sqrt</name>
         <load_address>0x3370</load_address>
         <run_address>0x3370</run_address>
         <size>0x158</size>
         <input_file_ref idref="fl-c2"/>
      </object_component>
      <object_component id="oc-c6">
         <name>.text</name>
         <load_address>0x34c8</load_address>
         <run_address>0x34c8</run_address>
         <size>0x136</size>
         <input_file_ref idref="fl-c9"/>
      </object_component>
      <object_component id="oc-199">
         <name>.text:scalbn</name>
         <load_address>0x3600</load_address>
         <run_address>0x3600</run_address>
         <size>0x110</size>
         <input_file_ref idref="fl-c5"/>
      </object_component>
      <object_component id="oc-6d">
         <name>.text</name>
         <load_address>0x3710</load_address>
         <run_address>0x3710</run_address>
         <size>0x104</size>
         <input_file_ref idref="fl-5"/>
      </object_component>
      <object_component id="oc-c1">
         <name>.text</name>
         <load_address>0x3814</load_address>
         <run_address>0x3814</run_address>
         <size>0xfc</size>
         <input_file_ref idref="fl-ca"/>
      </object_component>
      <object_component id="oc-21e">
         <name>.text:floor</name>
         <load_address>0x3910</load_address>
         <run_address>0x3910</run_address>
         <size>0xf8</size>
         <input_file_ref idref="fl-da"/>
      </object_component>
      <object_component id="oc-d8">
         <name>.text</name>
         <load_address>0x3a08</load_address>
         <run_address>0x3a08</run_address>
         <size>0xe8</size>
         <input_file_ref idref="fl-3"/>
      </object_component>
      <object_component id="oc-37">
         <name>.text</name>
         <load_address>0x3af0</load_address>
         <run_address>0x3af0</run_address>
         <size>0x9c</size>
         <input_file_ref idref="fl-db"/>
      </object_component>
      <object_component id="oc-194">
         <name>.text:__aeabi_cdcmple</name>
         <load_address>0x3b8c</load_address>
         <run_address>0x3b8c</run_address>
         <size>0x86</size>
         <input_file_ref idref="fl-c8"/>
      </object_component>
      <object_component id="oc-f5">
         <name>.text:__aeabi_cdrcmple</name>
         <load_address>0x3c12</load_address>
         <run_address>0x3c12</run_address>
         <size>0x86</size>
         <input_file_ref idref="fl-c8"/>
      </object_component>
      <object_component id="oc-cb">
         <name>.text</name>
         <load_address>0x3c98</load_address>
         <run_address>0x3c98</run_address>
         <size>0x6e</size>
         <input_file_ref idref="fl-cc"/>
      </object_component>
      <object_component id="oc-17">
         <name>.text:decompress:lzss:__TI_decompress_lzss</name>
         <load_address>0x3d06</load_address>
         <run_address>0x3d06</run_address>
         <size>0x68</size>
         <input_file_ref idref="fl-d2"/>
      </object_component>
      <object_component id="oc-1a2">
         <name>.text</name>
         <load_address>0x3d6e</load_address>
         <run_address>0x3d6e</run_address>
         <size>0x48</size>
         <input_file_ref idref="fl-cb"/>
      </object_component>
      <object_component id="oc-133">
         <name>.text:__TI_auto_init_nobinit_nopinit:__TI_auto_init_nobinit_nopinit</name>
         <load_address>0x3db8</load_address>
         <run_address>0x3db8</run_address>
         <size>0x44</size>
         <input_file_ref idref="fl-dd"/>
      </object_component>
      <object_component id="oc-b6">
         <name>.text</name>
         <load_address>0x3dfc</load_address>
         <run_address>0x3dfc</run_address>
         <size>0x38</size>
         <input_file_ref idref="fl-cd"/>
      </object_component>
      <object_component id="oc-55">
         <name>.text:_c_int00_noargs:_c_int00_noargs</name>
         <load_address>0x3e34</load_address>
         <run_address>0x3e34</run_address>
         <size>0x34</size>
         <input_file_ref idref="fl-d5"/>
      </object_component>
      <object_component id="oc-18c">
         <name>.text</name>
         <load_address>0x3e68</load_address>
         <run_address>0x3e68</run_address>
         <size>0x2e</size>
         <input_file_ref idref="fl-ce"/>
      </object_component>
      <object_component id="oc-f0">
         <name>.text</name>
         <load_address>0x3e96</load_address>
         <run_address>0x3e96</run_address>
         <size>0x20</size>
         <input_file_ref idref="fl-cf"/>
      </object_component>
      <object_component id="oc-43">
         <name>.text:decompress:ZI:__TI_zero_init_nomemset:__TI_zero_init_nomemset</name>
         <load_address>0x3eb6</load_address>
         <run_address>0x3eb6</run_address>
         <size>0x1c</size>
         <input_file_ref idref="fl-d0"/>
      </object_component>
      <object_component id="oc-20c">
         <name>.text:copysign</name>
         <load_address>0x3ed2</load_address>
         <run_address>0x3ed2</run_address>
         <size>0x1a</size>
         <input_file_ref idref="fl-d7"/>
      </object_component>
      <object_component id="oc-fa">
         <name>.text:strcmp</name>
         <load_address>0x3eec</load_address>
         <run_address>0x3eec</run_address>
         <size>0x18</size>
         <input_file_ref idref="fl-d3"/>
      </object_component>
      <object_component id="oc-1d">
         <name>.text:decompress:none:__TI_decompress_none</name>
         <load_address>0x3f04</load_address>
         <run_address>0x3f04</run_address>
         <size>0xe</size>
         <input_file_ref idref="fl-d1"/>
      </object_component>
      <object_component id="oc-67">
         <name>.text</name>
         <load_address>0x3f12</load_address>
         <run_address>0x3f12</run_address>
         <size>0xe</size>
         <input_file_ref idref="fl-4"/>
      </object_component>
      <object_component id="oc-186">
         <name>.text:__aeabi_errno_addr</name>
         <load_address>0x3f20</load_address>
         <run_address>0x3f20</run_address>
         <size>0x8</size>
         <input_file_ref idref="fl-d6"/>
      </object_component>
      <object_component id="oc-99">
         <name>.text:_system_pre_init</name>
         <load_address>0x3f28</load_address>
         <run_address>0x3f28</run_address>
         <size>0x4</size>
         <input_file_ref idref="fl-de"/>
      </object_component>
      <object_component id="oc-127">
         <name>.text:abort:abort</name>
         <load_address>0x3f2c</load_address>
         <run_address>0x3f2c</run_address>
         <size>0x4</size>
         <input_file_ref idref="fl-e0"/>
      </object_component>
      <object_component id="oc-224">
         <name>.const:$O1$$</name>
         <load_address>0x3f30</load_address>
         <run_address>0x3f30</run_address>
         <size>0x158</size>
         <input_file_ref idref="fl-d4"/>
      </object_component>
      <object_component id="oc-1f6">
         <name>.const:$O1$$</name>
         <load_address>0x4088</load_address>
         <run_address>0x4088</run_address>
         <size>0x98</size>
         <input_file_ref idref="fl-c3"/>
      </object_component>
      <object_component id="oc-191">
         <name>.const:$O1$$</name>
         <load_address>0x4120</load_address>
         <run_address>0x4120</run_address>
         <size>0x30</size>
         <input_file_ref idref="fl-c1"/>
      </object_component>
      <object_component id="oc-2b3">
         <name>.cinit..data.load</name>
         <load_address>0x4150</load_address>
         <run_address>0x4150</run_address>
         <size>0x15</size>
      </object_component>
      <object_component id="oc-2b1">
         <name>__TI_handler_table</name>
         <load_address>0x4168</load_address>
         <run_address>0x4168</run_address>
         <size>0xc</size>
      </object_component>
      <object_component id="oc-2b4">
         <name>.cinit..bss.load</name>
         <load_address>0x4178</load_address>
         <run_address>0x4178</run_address>
         <size>0x8</size>
      </object_component>
      <object_component id="oc-2b2">
         <name>__TI_cinit_table</name>
         <load_address>0x4180</load_address>
         <run_address>0x4180</run_address>
         <size>0x10</size>
      </object_component>
      <object_component id="oc-285">
         <name>.binit</name>
         <load_address>0x0</load_address>
         <run_address>0x0</run_address>
         <size>0x0</size>
      </object_component>
      <object_component id="oc-100">
         <name>.data</name>
         <load_address>0x20000000</load_address>
         <run_address>0x20000000</run_address>
         <size>0x7</size>
         <input_file_ref idref="fl-2"/>
      </object_component>
      <object_component id="oc-b2">
         <name>.data</name>
         <load_address>0x20000008</load_address>
         <run_address>0x20000008</run_address>
         <size>0x7</size>
         <input_file_ref idref="fl-5"/>
      </object_component>
      <object_component id="oc-165">
         <name>.data</name>
         <load_address>0x20000014</load_address>
         <run_address>0x20000014</run_address>
         <size>0x4</size>
         <input_file_ref idref="fl-6"/>
      </object_component>
      <object_component id="oc-203">
         <name>.data</name>
         <load_address>0x20000010</load_address>
         <run_address>0x20000010</run_address>
         <size>0x4</size>
         <input_file_ref idref="fl-d6"/>
      </object_component>
      <object_component id="oc-d5">
         <name>.bss</name>
         <uninitialized>true</uninitialized>
         <run_address>0x20000020</run_address>
         <size>0x2</size>
         <input_file_ref idref="fl-2"/>
      </object_component>
      <object_component id="oc-103">
         <name>.bss:buffer$1</name>
         <uninitialized>true</uninitialized>
         <run_address>0x20000018</run_address>
         <size>0x8</size>
         <input_file_ref idref="fl-2"/>
      </object_component>
      <object_component id="oc-29">
         <name>.stack</name>
         <uninitialized>true</uninitialized>
         <run_address>0x2003fe00</run_address>
         <size>0x4</size>
         <input_file_ref idref="fl-d5"/>
      </object_component>
      <object_component id="oc-2b6">
         <name>.stack</name>
         <uninitialized>true</uninitialized>
         <run_address>0x2003fe00</run_address>
         <size>0x0</size>
      </object_component>
      <object_component id="oc-10f">
         <name>.debug_info</name>
         <load_address>0x0</load_address>
         <run_address>0x0</run_address>
         <size>0x6be</size>
         <input_file_ref idref="fl-2"/>
      </object_component>
      <object_component id="oc-d6">
         <name>.debug_info</name>
         <load_address>0x6be</load_address>
         <run_address>0x6be</run_address>
         <size>0xee</size>
         <input_file_ref idref="fl-2"/>
      </object_component>
      <object_component id="oc-101">
         <name>.debug_info</name>
         <load_address>0x7ac</load_address>
         <run_address>0x7ac</run_address>
         <size>0x143</size>
         <input_file_ref idref="fl-2"/>
      </object_component>
      <object_component id="oc-74">
         <name>.debug_info</name>
         <load_address>0x8ef</load_address>
         <run_address>0x8ef</run_address>
         <size>0xb37</size>
         <input_file_ref idref="fl-2"/>
      </object_component>
      <object_component id="oc-1ca">
         <name>.debug_info</name>
         <load_address>0x1426</load_address>
         <run_address>0x1426</run_address>
         <size>0x3c27</size>
         <input_file_ref idref="fl-2"/>
      </object_component>
      <object_component id="oc-1cf">
         <name>.debug_info</name>
         <load_address>0x504d</load_address>
         <run_address>0x504d</run_address>
         <size>0x1055</size>
         <input_file_ref idref="fl-2"/>
      </object_component>
      <object_component id="oc-112">
         <name>.debug_info</name>
         <load_address>0x60a2</load_address>
         <run_address>0x60a2</run_address>
         <size>0x26b</size>
         <input_file_ref idref="fl-2"/>
      </object_component>
      <object_component id="oc-105">
         <name>.debug_info</name>
         <load_address>0x630d</load_address>
         <run_address>0x630d</run_address>
         <size>0x8b</size>
         <input_file_ref idref="fl-2"/>
      </object_component>
      <object_component id="oc-1c3">
         <name>.debug_info</name>
         <load_address>0x6398</load_address>
         <run_address>0x6398</run_address>
         <size>0x2a4</size>
         <input_file_ref idref="fl-2"/>
      </object_component>
      <object_component id="oc-10a">
         <name>.debug_info</name>
         <load_address>0x663c</load_address>
         <run_address>0x663c</run_address>
         <size>0xbb</size>
         <input_file_ref idref="fl-2"/>
      </object_component>
      <object_component id="oc-dc">
         <name>.debug_info</name>
         <load_address>0x66f7</load_address>
         <run_address>0x66f7</run_address>
         <size>0x168</size>
         <input_file_ref idref="fl-3"/>
      </object_component>
      <object_component id="oc-32">
         <name>.debug_info</name>
         <load_address>0x685f</load_address>
         <run_address>0x685f</run_address>
         <size>0x84</size>
         <input_file_ref idref="fl-3"/>
      </object_component>
      <object_component id="oc-7b">
         <name>.debug_info</name>
         <load_address>0x68e3</load_address>
         <run_address>0x68e3</run_address>
         <size>0x2dd</size>
         <input_file_ref idref="fl-4"/>
      </object_component>
      <object_component id="oc-27">
         <name>.debug_info</name>
         <load_address>0x6bc0</load_address>
         <run_address>0x6bc0</run_address>
         <size>0x109</size>
         <input_file_ref idref="fl-4"/>
      </object_component>
      <object_component id="oc-68">
         <name>.debug_info</name>
         <load_address>0x6cc9</load_address>
         <run_address>0x6cc9</run_address>
         <size>0x1d0</size>
         <input_file_ref idref="fl-4"/>
      </object_component>
      <object_component id="oc-b3">
         <name>.debug_info</name>
         <load_address>0x6e99</load_address>
         <run_address>0x6e99</run_address>
         <size>0x108</size>
         <input_file_ref idref="fl-5"/>
      </object_component>
      <object_component id="oc-6f">
         <name>.debug_info</name>
         <load_address>0x6fa1</load_address>
         <run_address>0x6fa1</run_address>
         <size>0x2cc</size>
         <input_file_ref idref="fl-5"/>
      </object_component>
      <object_component id="oc-166">
         <name>.debug_info</name>
         <load_address>0x726d</load_address>
         <run_address>0x726d</run_address>
         <size>0x102</size>
         <input_file_ref idref="fl-6"/>
      </object_component>
      <object_component id="oc-ac">
         <name>.debug_info</name>
         <load_address>0x736f</load_address>
         <run_address>0x736f</run_address>
         <size>0x274</size>
         <input_file_ref idref="fl-6"/>
      </object_component>
      <object_component id="oc-173">
         <name>.debug_info</name>
         <load_address>0x75e3</load_address>
         <run_address>0x75e3</run_address>
         <size>0x2a9</size>
         <input_file_ref idref="fl-c0"/>
      </object_component>
      <object_component id="oc-bd">
         <name>.debug_info</name>
         <load_address>0x788c</load_address>
         <run_address>0x788c</run_address>
         <size>0x247</size>
         <input_file_ref idref="fl-c0"/>
      </object_component>
      <object_component id="oc-1fc">
         <name>.debug_info</name>
         <load_address>0x7ad3</load_address>
         <run_address>0x7ad3</run_address>
         <size>0x46</size>
         <input_file_ref idref="fl-c0"/>
      </object_component>
      <object_component id="oc-174">
         <name>.debug_info</name>
         <load_address>0x7b19</load_address>
         <run_address>0x7b19</run_address>
         <size>0x39</size>
         <input_file_ref idref="fl-c0"/>
      </object_component>
      <object_component id="oc-1a0">
         <name>.debug_info</name>
         <load_address>0x7b52</load_address>
         <run_address>0x7b52</run_address>
         <size>0x35e</size>
         <input_file_ref idref="fl-c1"/>
      </object_component>
      <object_component id="oc-192">
         <name>.debug_info</name>
         <load_address>0x7eb0</load_address>
         <run_address>0x7eb0</run_address>
         <size>0x128</size>
         <input_file_ref idref="fl-c1"/>
      </object_component>
      <object_component id="oc-e1">
         <name>.debug_info</name>
         <load_address>0x7fd8</load_address>
         <run_address>0x7fd8</run_address>
         <size>0xbf2</size>
         <input_file_ref idref="fl-c1"/>
      </object_component>
      <object_component id="oc-202">
         <name>.debug_info</name>
         <load_address>0x8bca</load_address>
         <run_address>0x8bca</run_address>
         <size>0x2c5</size>
         <input_file_ref idref="fl-c2"/>
      </object_component>
      <object_component id="oc-184">
         <name>.debug_info</name>
         <load_address>0x8e8f</load_address>
         <run_address>0x8e8f</run_address>
         <size>0x24e</size>
         <input_file_ref idref="fl-c2"/>
      </object_component>
      <object_component id="oc-255">
         <name>.debug_info</name>
         <load_address>0x90dd</load_address>
         <run_address>0x90dd</run_address>
         <size>0x2f2</size>
         <input_file_ref idref="fl-c3"/>
      </object_component>
      <object_component id="oc-1f7">
         <name>.debug_info</name>
         <load_address>0x93cf</load_address>
         <run_address>0x93cf</run_address>
         <size>0x131</size>
         <input_file_ref idref="fl-c3"/>
      </object_component>
      <object_component id="oc-170">
         <name>.debug_info</name>
         <load_address>0x9500</load_address>
         <run_address>0x9500</run_address>
         <size>0x4ac</size>
         <input_file_ref idref="fl-c3"/>
      </object_component>
      <object_component id="oc-1ba">
         <name>.debug_info</name>
         <load_address>0x99ac</load_address>
         <run_address>0x99ac</run_address>
         <size>0x361</size>
         <input_file_ref idref="fl-c4"/>
      </object_component>
      <object_component id="oc-e6">
         <name>.debug_info</name>
         <load_address>0x9d0d</load_address>
         <run_address>0x9d0d</run_address>
         <size>0x79b</size>
         <input_file_ref idref="fl-c4"/>
      </object_component>
      <object_component id="oc-213">
         <name>.debug_info</name>
         <load_address>0xa4a8</load_address>
         <run_address>0xa4a8</run_address>
         <size>0x2f8</size>
         <input_file_ref idref="fl-c5"/>
      </object_component>
      <object_component id="oc-19c">
         <name>.debug_info</name>
         <load_address>0xa7a0</load_address>
         <run_address>0xa7a0</run_address>
         <size>0x225</size>
         <input_file_ref idref="fl-c5"/>
      </object_component>
      <object_component id="oc-260">
         <name>.debug_info</name>
         <load_address>0xa9c5</load_address>
         <run_address>0xa9c5</run_address>
         <size>0x39</size>
         <input_file_ref idref="fl-c5"/>
      </object_component>
      <object_component id="oc-214">
         <name>.debug_info</name>
         <load_address>0xa9fe</load_address>
         <run_address>0xa9fe</run_address>
         <size>0x2c</size>
         <input_file_ref idref="fl-c5"/>
      </object_component>
      <object_component id="oc-1bc">
         <name>.debug_info</name>
         <load_address>0xaa2a</load_address>
         <run_address>0xaa2a</run_address>
         <size>0x361</size>
         <input_file_ref idref="fl-c6"/>
      </object_component>
      <object_component id="oc-ee">
         <name>.debug_info</name>
         <load_address>0xad8b</load_address>
         <run_address>0xad8b</run_address>
         <size>0x7ae</size>
         <input_file_ref idref="fl-c6"/>
      </object_component>
      <object_component id="oc-d1">
         <name>.debug_info</name>
         <load_address>0xb539</load_address>
         <run_address>0xb539</run_address>
         <size>0x14c</size>
         <input_file_ref idref="fl-c7"/>
      </object_component>
      <object_component id="oc-196">
         <name>.debug_info</name>
         <load_address>0xb685</load_address>
         <run_address>0xb685</run_address>
         <size>0x128</size>
         <input_file_ref idref="fl-c8"/>
      </object_component>
      <object_component id="oc-f7">
         <name>.debug_info</name>
         <load_address>0xb7ad</load_address>
         <run_address>0xb7ad</run_address>
         <size>0x12a</size>
         <input_file_ref idref="fl-c8"/>
      </object_component>
      <object_component id="oc-c7">
         <name>.debug_info</name>
         <load_address>0xb8d7</load_address>
         <run_address>0xb8d7</run_address>
         <size>0x13a</size>
         <input_file_ref idref="fl-c9"/>
      </object_component>
      <object_component id="oc-c2">
         <name>.debug_info</name>
         <load_address>0xba11</load_address>
         <run_address>0xba11</run_address>
         <size>0x13a</size>
         <input_file_ref idref="fl-ca"/>
      </object_component>
      <object_component id="oc-1a4">
         <name>.debug_info</name>
         <load_address>0xbb4b</load_address>
         <run_address>0xbb4b</run_address>
         <size>0x12e</size>
         <input_file_ref idref="fl-cb"/>
      </object_component>
      <object_component id="oc-cc">
         <name>.debug_info</name>
         <load_address>0xbc79</load_address>
         <run_address>0xbc79</run_address>
         <size>0x13e</size>
         <input_file_ref idref="fl-cc"/>
      </object_component>
      <object_component id="oc-b8">
         <name>.debug_info</name>
         <load_address>0xbdb7</load_address>
         <run_address>0xbdb7</run_address>
         <size>0x12c</size>
         <input_file_ref idref="fl-cd"/>
      </object_component>
      <object_component id="oc-18e">
         <name>.debug_info</name>
         <load_address>0xbee3</load_address>
         <run_address>0xbee3</run_address>
         <size>0x12c</size>
         <input_file_ref idref="fl-ce"/>
      </object_component>
      <object_component id="oc-f1">
         <name>.debug_info</name>
         <load_address>0xc00f</load_address>
         <run_address>0xc00f</run_address>
         <size>0x12e</size>
         <input_file_ref idref="fl-cf"/>
      </object_component>
      <object_component id="oc-92">
         <name>.debug_info</name>
         <load_address>0xc13d</load_address>
         <run_address>0xc13d</run_address>
         <size>0x2d4</size>
         <input_file_ref idref="fl-d0"/>
      </object_component>
      <object_component id="oc-47">
         <name>.debug_info</name>
         <load_address>0xc411</load_address>
         <run_address>0xc411</run_address>
         <size>0x1d2</size>
         <input_file_ref idref="fl-d0"/>
      </object_component>
      <object_component id="oc-8d">
         <name>.debug_info</name>
         <load_address>0xc5e3</load_address>
         <run_address>0xc5e3</run_address>
         <size>0x46</size>
         <input_file_ref idref="fl-d0"/>
      </object_component>
      <object_component id="oc-11e">
         <name>.debug_info</name>
         <load_address>0xc629</load_address>
         <run_address>0xc629</run_address>
         <size>0x2c</size>
         <input_file_ref idref="fl-d0"/>
      </object_component>
      <object_component id="oc-42">
         <name>.debug_info</name>
         <load_address>0xc655</load_address>
         <run_address>0xc655</run_address>
         <size>0x2a8</size>
         <input_file_ref idref="fl-d1"/>
      </object_component>
      <object_component id="oc-21">
         <name>.debug_info</name>
         <load_address>0xc8fd</load_address>
         <run_address>0xc8fd</run_address>
         <size>0x1ea</size>
         <input_file_ref idref="fl-d1"/>
      </object_component>
      <object_component id="oc-3d">
         <name>.debug_info</name>
         <load_address>0xcae7</load_address>
         <run_address>0xcae7</run_address>
         <size>0x46</size>
         <input_file_ref idref="fl-d1"/>
      </object_component>
      <object_component id="oc-85">
         <name>.debug_info</name>
         <load_address>0xcb2d</load_address>
         <run_address>0xcb2d</run_address>
         <size>0x2c</size>
         <input_file_ref idref="fl-d1"/>
      </object_component>
      <object_component id="oc-83">
         <name>.debug_info</name>
         <load_address>0xcb59</load_address>
         <run_address>0xcb59</run_address>
         <size>0x29e</size>
         <input_file_ref idref="fl-d2"/>
      </object_component>
      <object_component id="oc-18">
         <name>.debug_info</name>
         <load_address>0xcdf7</load_address>
         <run_address>0xcdf7</run_address>
         <size>0x250</size>
         <input_file_ref idref="fl-d2"/>
      </object_component>
      <object_component id="oc-2d">
         <name>.debug_info</name>
         <load_address>0xd047</load_address>
         <run_address>0xd047</run_address>
         <size>0x60</size>
         <input_file_ref idref="fl-d2"/>
      </object_component>
      <object_component id="oc-117">
         <name>.debug_info</name>
         <load_address>0xd0a7</load_address>
         <run_address>0xd0a7</run_address>
         <size>0x46</size>
         <input_file_ref idref="fl-d2"/>
      </object_component>
      <object_component id="oc-7e">
         <name>.debug_info</name>
         <load_address>0xd0ed</load_address>
         <run_address>0xd0ed</run_address>
         <size>0x39</size>
         <input_file_ref idref="fl-d2"/>
      </object_component>
      <object_component id="oc-1c0">
         <name>.debug_info</name>
         <load_address>0xd126</load_address>
         <run_address>0xd126</run_address>
         <size>0x28a</size>
         <input_file_ref idref="fl-d3"/>
      </object_component>
      <object_component id="oc-fe">
         <name>.debug_info</name>
         <load_address>0xd3b0</load_address>
         <run_address>0xd3b0</run_address>
         <size>0x273</size>
         <input_file_ref idref="fl-d3"/>
      </object_component>
      <object_component id="oc-228">
         <name>.debug_info</name>
         <load_address>0xd623</load_address>
         <run_address>0xd623</run_address>
         <size>0x3aa</size>
         <input_file_ref idref="fl-d4"/>
      </object_component>
      <object_component id="oc-225">
         <name>.debug_info</name>
         <load_address>0xd9cd</load_address>
         <run_address>0xd9cd</run_address>
         <size>0x13a</size>
         <input_file_ref idref="fl-d4"/>
      </object_component>
      <object_component id="oc-1ae">
         <name>.debug_info</name>
         <load_address>0xdb07</load_address>
         <run_address>0xdb07</run_address>
         <size>0x72f</size>
         <input_file_ref idref="fl-d4"/>
      </object_component>
      <object_component id="oc-2a">
         <name>.debug_info</name>
         <load_address>0xe236</load_address>
         <run_address>0xe236</run_address>
         <size>0x10b</size>
         <input_file_ref idref="fl-d5"/>
      </object_component>
      <object_component id="oc-57">
         <name>.debug_info</name>
         <load_address>0xe341</load_address>
         <run_address>0xe341</run_address>
         <size>0x1a9</size>
         <input_file_ref idref="fl-d5"/>
      </object_component>
      <object_component id="oc-207">
         <name>.debug_info</name>
         <load_address>0xe4ea</load_address>
         <run_address>0xe4ea</run_address>
         <size>0x289</size>
         <input_file_ref idref="fl-d6"/>
      </object_component>
      <object_component id="oc-204">
         <name>.debug_info</name>
         <load_address>0xe773</load_address>
         <run_address>0xe773</run_address>
         <size>0x10e</size>
         <input_file_ref idref="fl-d6"/>
      </object_component>
      <object_component id="oc-189">
         <name>.debug_info</name>
         <load_address>0xe881</load_address>
         <run_address>0xe881</run_address>
         <size>0x14e</size>
         <input_file_ref idref="fl-d6"/>
      </object_component>
      <object_component id="oc-20e">
         <name>.debug_info</name>
         <load_address>0xe9cf</load_address>
         <run_address>0xe9cf</run_address>
         <size>0x161</size>
         <input_file_ref idref="fl-d7"/>
      </object_component>
      <object_component id="oc-21d">
         <name>.debug_info</name>
         <load_address>0xeb30</load_address>
         <run_address>0xeb30</run_address>
         <size>0x288</size>
         <input_file_ref idref="fl-d8"/>
      </object_component>
      <object_component id="oc-1a8">
         <name>.debug_info</name>
         <load_address>0xedb8</load_address>
         <run_address>0xedb8</run_address>
         <size>0x327</size>
         <input_file_ref idref="fl-d8"/>
      </object_component>
      <object_component id="oc-22b">
         <name>.debug_info</name>
         <load_address>0xf0df</load_address>
         <run_address>0xf0df</run_address>
         <size>0x28d</size>
         <input_file_ref idref="fl-d9"/>
      </object_component>
      <object_component id="oc-1b4">
         <name>.debug_info</name>
         <load_address>0xf36c</load_address>
         <run_address>0xf36c</run_address>
         <size>0x380</size>
         <input_file_ref idref="fl-d9"/>
      </object_component>
      <object_component id="oc-268">
         <name>.debug_info</name>
         <load_address>0xf6ec</load_address>
         <run_address>0xf6ec</run_address>
         <size>0x28a</size>
         <input_file_ref idref="fl-da"/>
      </object_component>
      <object_component id="oc-21f">
         <name>.debug_info</name>
         <load_address>0xf976</load_address>
         <run_address>0xf976</run_address>
         <size>0x22a</size>
         <input_file_ref idref="fl-da"/>
      </object_component>
      <object_component id="oc-38">
         <name>.debug_info</name>
         <load_address>0xfba0</load_address>
         <run_address>0xfba0</run_address>
         <size>0x119</size>
         <input_file_ref idref="fl-db"/>
      </object_component>
      <object_component id="oc-1df">
         <name>.debug_info</name>
         <load_address>0xfcb9</load_address>
         <run_address>0xfcb9</run_address>
         <size>0x4b3</size>
         <input_file_ref idref="fl-dd"/>
      </object_component>
      <object_component id="oc-134">
         <name>.debug_info</name>
         <load_address>0x1016c</load_address>
         <run_address>0x1016c</run_address>
         <size>0x1a6</size>
         <input_file_ref idref="fl-dd"/>
      </object_component>
      <object_component id="oc-242">
         <name>.debug_info</name>
         <load_address>0x10312</load_address>
         <run_address>0x10312</run_address>
         <size>0x39</size>
         <input_file_ref idref="fl-dd"/>
      </object_component>
      <object_component id="oc-272">
         <name>.debug_info</name>
         <load_address>0x1034b</load_address>
         <run_address>0x1034b</run_address>
         <size>0x39</size>
         <input_file_ref idref="fl-dd"/>
      </object_component>
      <object_component id="oc-247">
         <name>.debug_info</name>
         <load_address>0x10384</load_address>
         <run_address>0x10384</run_address>
         <size>0x39</size>
         <input_file_ref idref="fl-dd"/>
      </object_component>
      <object_component id="oc-24c">
         <name>.debug_info</name>
         <load_address>0x103bd</load_address>
         <run_address>0x103bd</run_address>
         <size>0xcd</size>
         <input_file_ref idref="fl-dd"/>
      </object_component>
      <object_component id="oc-9d">
         <name>.debug_info</name>
         <load_address>0x1048a</load_address>
         <run_address>0x1048a</run_address>
         <size>0x153</size>
         <input_file_ref idref="fl-de"/>
      </object_component>
      <object_component id="oc-129">
         <name>.debug_info</name>
         <load_address>0x105dd</load_address>
         <run_address>0x105dd</run_address>
         <size>0x122</size>
         <input_file_ref idref="fl-e0"/>
      </object_component>
      <object_component id="oc-2b7">
         <name>.debug_info</name>
         <load_address>0x106ff</load_address>
         <run_address>0x106ff</run_address>
         <size>0xb5</size>
      </object_component>
      <object_component id="oc-1c9">
         <name>.debug_line</name>
         <load_address>0x0</load_address>
         <run_address>0x0</run_address>
         <size>0x96</size>
         <input_file_ref idref="fl-2"/>
      </object_component>
      <object_component id="oc-17e">
         <name>.debug_line</name>
         <load_address>0x96</load_address>
         <run_address>0x96</run_address>
         <size>0x2e</size>
         <input_file_ref idref="fl-2"/>
      </object_component>
      <object_component id="oc-1c2">
         <name>.debug_line</name>
         <load_address>0xc4</load_address>
         <run_address>0xc4</run_address>
         <size>0x2e</size>
         <input_file_ref idref="fl-2"/>
      </object_component>
      <object_component id="oc-77">
         <name>.debug_line</name>
         <load_address>0xf2</load_address>
         <run_address>0xf2</run_address>
         <size>0x2b9</size>
         <input_file_ref idref="fl-2"/>
      </object_component>
      <object_component id="oc-1cd">
         <name>.debug_line</name>
         <load_address>0x3ab</load_address>
         <run_address>0x3ab</run_address>
         <size>0x58</size>
         <input_file_ref idref="fl-2"/>
      </object_component>
      <object_component id="oc-1d2">
         <name>.debug_line</name>
         <load_address>0x403</load_address>
         <run_address>0x403</run_address>
         <size>0x5b</size>
         <input_file_ref idref="fl-2"/>
      </object_component>
      <object_component id="oc-115">
         <name>.debug_line</name>
         <load_address>0x45e</load_address>
         <run_address>0x45e</run_address>
         <size>0x6f</size>
         <input_file_ref idref="fl-2"/>
      </object_component>
      <object_component id="oc-108">
         <name>.debug_line</name>
         <load_address>0x4cd</load_address>
         <run_address>0x4cd</run_address>
         <size>0x20</size>
         <input_file_ref idref="fl-2"/>
      </object_component>
      <object_component id="oc-1c6">
         <name>.debug_line</name>
         <load_address>0x4ed</load_address>
         <run_address>0x4ed</run_address>
         <size>0x73</size>
         <input_file_ref idref="fl-2"/>
      </object_component>
      <object_component id="oc-10d">
         <name>.debug_line</name>
         <load_address>0x560</load_address>
         <run_address>0x560</run_address>
         <size>0x70</size>
         <input_file_ref idref="fl-2"/>
      </object_component>
      <object_component id="oc-d9">
         <name>.debug_line</name>
         <load_address>0x5d0</load_address>
         <run_address>0x5d0</run_address>
         <size>0x7a</size>
         <input_file_ref idref="fl-3"/>
      </object_component>
      <object_component id="oc-35">
         <name>.debug_line</name>
         <load_address>0x64a</load_address>
         <run_address>0x64a</run_address>
         <size>0x20</size>
         <input_file_ref idref="fl-3"/>
      </object_component>
      <object_component id="oc-111">
         <name>.debug_line</name>
         <load_address>0x66a</load_address>
         <run_address>0x66a</run_address>
         <size>0x40</size>
         <input_file_ref idref="fl-4"/>
      </object_component>
      <object_component id="oc-7a">
         <name>.debug_line</name>
         <load_address>0x6aa</load_address>
         <run_address>0x6aa</run_address>
         <size>0x40</size>
         <input_file_ref idref="fl-4"/>
      </object_component>
      <object_component id="oc-6b">
         <name>.debug_line</name>
         <load_address>0x6ea</load_address>
         <run_address>0x6ea</run_address>
         <size>0x71</size>
         <input_file_ref idref="fl-4"/>
      </object_component>
      <object_component id="oc-16a">
         <name>.debug_line</name>
         <load_address>0x75b</load_address>
         <run_address>0x75b</run_address>
         <size>0x30</size>
         <input_file_ref idref="fl-5"/>
      </object_component>
      <object_component id="oc-6e">
         <name>.debug_line</name>
         <load_address>0x78b</load_address>
         <run_address>0x78b</run_address>
         <size>0xc2</size>
         <input_file_ref idref="fl-5"/>
      </object_component>
      <object_component id="oc-1f5">
         <name>.debug_line</name>
         <load_address>0x84d</load_address>
         <run_address>0x84d</run_address>
         <size>0x3b</size>
         <input_file_ref idref="fl-6"/>
      </object_component>
      <object_component id="oc-b0">
         <name>.debug_line</name>
         <load_address>0x888</load_address>
         <run_address>0x888</run_address>
         <size>0x140</size>
         <input_file_ref idref="fl-6"/>
      </object_component>
      <object_component id="oc-1fb">
         <name>.debug_line</name>
         <load_address>0x9c8</load_address>
         <run_address>0x9c8</run_address>
         <size>0x2a</size>
         <input_file_ref idref="fl-c0"/>
      </object_component>
      <object_component id="oc-bf">
         <name>.debug_line</name>
         <load_address>0x9f2</load_address>
         <run_address>0x9f2</run_address>
         <size>0xe0</size>
         <input_file_ref idref="fl-c0"/>
      </object_component>
      <object_component id="oc-1ff">
         <name>.debug_line</name>
         <load_address>0xad2</load_address>
         <run_address>0xad2</run_address>
         <size>0x9a</size>
         <input_file_ref idref="fl-c0"/>
      </object_component>
      <object_component id="oc-177">
         <name>.debug_line</name>
         <load_address>0xb6c</load_address>
         <run_address>0xb6c</run_address>
         <size>0x97</size>
         <input_file_ref idref="fl-c0"/>
      </object_component>
      <object_component id="oc-21a">
         <name>.debug_line</name>
         <load_address>0xc03</load_address>
         <run_address>0xc03</run_address>
         <size>0x9b</size>
         <input_file_ref idref="fl-c1"/>
      </object_component>
      <object_component id="oc-20a">
         <name>.debug_line</name>
         <load_address>0xc9e</load_address>
         <run_address>0xc9e</run_address>
         <size>0x2b</size>
         <input_file_ref idref="fl-c1"/>
      </object_component>
      <object_component id="oc-e0">
         <name>.debug_line</name>
         <load_address>0xcc9</load_address>
         <run_address>0xcc9</run_address>
         <size>0x2b6</size>
         <input_file_ref idref="fl-c1"/>
      </object_component>
      <object_component id="oc-258">
         <name>.debug_line</name>
         <load_address>0xf7f</load_address>
         <run_address>0xf7f</run_address>
         <size>0x91</size>
         <input_file_ref idref="fl-c2"/>
      </object_component>
      <object_component id="oc-182">
         <name>.debug_line</name>
         <load_address>0x1010</load_address>
         <run_address>0x1010</run_address>
         <size>0x13f</size>
         <input_file_ref idref="fl-c2"/>
      </object_component>
      <object_component id="oc-27f">
         <name>.debug_line</name>
         <load_address>0x114f</load_address>
         <run_address>0x114f</run_address>
         <size>0x20</size>
         <input_file_ref idref="fl-c3"/>
      </object_component>
      <object_component id="oc-254">
         <name>.debug_line</name>
         <load_address>0x116f</load_address>
         <run_address>0x116f</run_address>
         <size>0x2c</size>
         <input_file_ref idref="fl-c3"/>
      </object_component>
      <object_component id="oc-16e">
         <name>.debug_line</name>
         <load_address>0x119b</load_address>
         <run_address>0x119b</run_address>
         <size>0xc8</size>
         <input_file_ref idref="fl-c3"/>
      </object_component>
      <object_component id="oc-22d">
         <name>.debug_line</name>
         <load_address>0x1263</load_address>
         <run_address>0x1263</run_address>
         <size>0x32</size>
         <input_file_ref idref="fl-c4"/>
      </object_component>
      <object_component id="oc-e9">
         <name>.debug_line</name>
         <load_address>0x1295</load_address>
         <run_address>0x1295</run_address>
         <size>0x215</size>
         <input_file_ref idref="fl-c4"/>
      </object_component>
      <object_component id="oc-25f">
         <name>.debug_line</name>
         <load_address>0x14aa</load_address>
         <run_address>0x14aa</run_address>
         <size>0x9b</size>
         <input_file_ref idref="fl-c5"/>
      </object_component>
      <object_component id="oc-19a">
         <name>.debug_line</name>
         <load_address>0x1545</load_address>
         <run_address>0x1545</run_address>
         <size>0xa4</size>
         <input_file_ref idref="fl-c5"/>
      </object_component>
      <object_component id="oc-263">
         <name>.debug_line</name>
         <load_address>0x15e9</load_address>
         <run_address>0x15e9</run_address>
         <size>0x9a</size>
         <input_file_ref idref="fl-c5"/>
      </object_component>
      <object_component id="oc-217">
         <name>.debug_line</name>
         <load_address>0x1683</load_address>
         <run_address>0x1683</run_address>
         <size>0x97</size>
         <input_file_ref idref="fl-c5"/>
      </object_component>
      <object_component id="oc-22f">
         <name>.debug_line</name>
         <load_address>0x171a</load_address>
         <run_address>0x171a</run_address>
         <size>0x32</size>
         <input_file_ref idref="fl-c6"/>
      </object_component>
      <object_component id="oc-ed">
         <name>.debug_line</name>
         <load_address>0x174c</load_address>
         <run_address>0x174c</run_address>
         <size>0x218</size>
         <input_file_ref idref="fl-c6"/>
      </object_component>
      <object_component id="oc-d4">
         <name>.debug_line</name>
         <load_address>0x1964</load_address>
         <run_address>0x1964</run_address>
         <size>0xd2</size>
         <input_file_ref idref="fl-c7"/>
      </object_component>
      <object_component id="oc-198">
         <name>.debug_line</name>
         <load_address>0x1a36</load_address>
         <run_address>0x1a36</run_address>
         <size>0x77</size>
         <input_file_ref idref="fl-c8"/>
      </object_component>
      <object_component id="oc-f6">
         <name>.debug_line</name>
         <load_address>0x1aad</load_address>
         <run_address>0x1aad</run_address>
         <size>0x77</size>
         <input_file_ref idref="fl-c8"/>
      </object_component>
      <object_component id="oc-ca">
         <name>.debug_line</name>
         <load_address>0x1b24</load_address>
         <run_address>0x1b24</run_address>
         <size>0xa8</size>
         <input_file_ref idref="fl-c9"/>
      </object_component>
      <object_component id="oc-c5">
         <name>.debug_line</name>
         <load_address>0x1bcc</load_address>
         <run_address>0x1bcc</run_address>
         <size>0x8e</size>
         <input_file_ref idref="fl-ca"/>
      </object_component>
      <object_component id="oc-1a6">
         <name>.debug_line</name>
         <load_address>0x1c5a</load_address>
         <run_address>0x1c5a</run_address>
         <size>0x5a</size>
         <input_file_ref idref="fl-cb"/>
      </object_component>
      <object_component id="oc-cf">
         <name>.debug_line</name>
         <load_address>0x1cb4</load_address>
         <run_address>0x1cb4</run_address>
         <size>0x67</size>
         <input_file_ref idref="fl-cc"/>
      </object_component>
      <object_component id="oc-ba">
         <name>.debug_line</name>
         <load_address>0x1d1b</load_address>
         <run_address>0x1d1b</run_address>
         <size>0x57</size>
         <input_file_ref idref="fl-cd"/>
      </object_component>
      <object_component id="oc-18d">
         <name>.debug_line</name>
         <load_address>0x1d72</load_address>
         <run_address>0x1d72</run_address>
         <size>0x50</size>
         <input_file_ref idref="fl-ce"/>
      </object_component>
      <object_component id="oc-f4">
         <name>.debug_line</name>
         <load_address>0x1dc2</load_address>
         <run_address>0x1dc2</run_address>
         <size>0x4c</size>
         <input_file_ref idref="fl-cf"/>
      </object_component>
      <object_component id="oc-124">
         <name>.debug_line</name>
         <load_address>0x1e0e</load_address>
         <run_address>0x1e0e</run_address>
         <size>0x92</size>
         <input_file_ref idref="fl-d0"/>
      </object_component>
      <object_component id="oc-44">
         <name>.debug_line</name>
         <load_address>0x1ea0</load_address>
         <run_address>0x1ea0</run_address>
         <size>0x4c</size>
         <input_file_ref idref="fl-d0"/>
      </object_component>
      <object_component id="oc-90">
         <name>.debug_line</name>
         <load_address>0x1eec</load_address>
         <run_address>0x1eec</run_address>
         <size>0x34</size>
         <input_file_ref idref="fl-d0"/>
      </object_component>
      <object_component id="oc-121">
         <name>.debug_line</name>
         <load_address>0x1f20</load_address>
         <run_address>0x1f20</run_address>
         <size>0x92</size>
         <input_file_ref idref="fl-d0"/>
      </object_component>
      <object_component id="oc-8b">
         <name>.debug_line</name>
         <load_address>0x1fb2</load_address>
         <run_address>0x1fb2</run_address>
         <size>0x20</size>
         <input_file_ref idref="fl-d1"/>
      </object_component>
      <object_component id="oc-20">
         <name>.debug_line</name>
         <load_address>0x1fd2</load_address>
         <run_address>0x1fd2</run_address>
         <size>0x55</size>
         <input_file_ref idref="fl-d1"/>
      </object_component>
      <object_component id="oc-40">
         <name>.debug_line</name>
         <load_address>0x2027</load_address>
         <run_address>0x2027</run_address>
         <size>0x3a</size>
         <input_file_ref idref="fl-d1"/>
      </object_component>
      <object_component id="oc-88">
         <name>.debug_line</name>
         <load_address>0x2061</load_address>
         <run_address>0x2061</run_address>
         <size>0x92</size>
         <input_file_ref idref="fl-d1"/>
      </object_component>
      <object_component id="oc-11d">
         <name>.debug_line</name>
         <load_address>0x20f3</load_address>
         <run_address>0x20f3</run_address>
         <size>0x20</size>
         <input_file_ref idref="fl-d2"/>
      </object_component>
      <object_component id="oc-1c">
         <name>.debug_line</name>
         <load_address>0x2113</load_address>
         <run_address>0x2113</run_address>
         <size>0xa9</size>
         <input_file_ref idref="fl-d2"/>
      </object_component>
      <object_component id="oc-30">
         <name>.debug_line</name>
         <load_address>0x21bc</load_address>
         <run_address>0x21bc</run_address>
         <size>0x3a</size>
         <input_file_ref idref="fl-d2"/>
      </object_component>
      <object_component id="oc-11a">
         <name>.debug_line</name>
         <load_address>0x21f6</load_address>
         <run_address>0x21f6</run_address>
         <size>0x9a</size>
         <input_file_ref idref="fl-d2"/>
      </object_component>
      <object_component id="oc-81">
         <name>.debug_line</name>
         <load_address>0x2290</load_address>
         <run_address>0x2290</run_address>
         <size>0x96</size>
         <input_file_ref idref="fl-d2"/>
      </object_component>
      <object_component id="oc-231">
         <name>.debug_line</name>
         <load_address>0x2326</load_address>
         <run_address>0x2326</run_address>
         <size>0x20</size>
         <input_file_ref idref="fl-d3"/>
      </object_component>
      <object_component id="oc-fd">
         <name>.debug_line</name>
         <load_address>0x2346</load_address>
         <run_address>0x2346</run_address>
         <size>0xad</size>
         <input_file_ref idref="fl-d3"/>
      </object_component>
      <object_component id="oc-26c">
         <name>.debug_line</name>
         <load_address>0x23f3</load_address>
         <run_address>0x23f3</run_address>
         <size>0x2a</size>
         <input_file_ref idref="fl-d4"/>
      </object_component>
      <object_component id="oc-26a">
         <name>.debug_line</name>
         <load_address>0x241d</load_address>
         <run_address>0x241d</run_address>
         <size>0x30</size>
         <input_file_ref idref="fl-d4"/>
      </object_component>
      <object_component id="oc-1b1">
         <name>.debug_line</name>
         <load_address>0x244d</load_address>
         <run_address>0x244d</run_address>
         <size>0x3fd</size>
         <input_file_ref idref="fl-d4"/>
      </object_component>
      <object_component id="oc-7d">
         <name>.debug_line</name>
         <load_address>0x284a</load_address>
         <run_address>0x284a</run_address>
         <size>0x33</size>
         <input_file_ref idref="fl-d5"/>
      </object_component>
      <object_component id="oc-59">
         <name>.debug_line</name>
         <load_address>0x287d</load_address>
         <run_address>0x287d</run_address>
         <size>0x45</size>
         <input_file_ref idref="fl-d5"/>
      </object_component>
      <object_component id="oc-25c">
         <name>.debug_line</name>
         <load_address>0x28c2</load_address>
         <run_address>0x28c2</run_address>
         <size>0x20</size>
         <input_file_ref idref="fl-d6"/>
      </object_component>
      <object_component id="oc-25a">
         <name>.debug_line</name>
         <load_address>0x28e2</load_address>
         <run_address>0x28e2</run_address>
         <size>0x2b</size>
         <input_file_ref idref="fl-d6"/>
      </object_component>
      <object_component id="oc-187">
         <name>.debug_line</name>
         <load_address>0x290d</load_address>
         <run_address>0x290d</run_address>
         <size>0x40</size>
         <input_file_ref idref="fl-d6"/>
      </object_component>
      <object_component id="oc-210">
         <name>.debug_line</name>
         <load_address>0x294d</load_address>
         <run_address>0x294d</run_address>
         <size>0x45</size>
         <input_file_ref idref="fl-d7"/>
      </object_component>
      <object_component id="oc-266">
         <name>.debug_line</name>
         <load_address>0x2992</load_address>
         <run_address>0x2992</run_address>
         <size>0x20</size>
         <input_file_ref idref="fl-d8"/>
      </object_component>
      <object_component id="oc-1ac">
         <name>.debug_line</name>
         <load_address>0x29b2</load_address>
         <run_address>0x29b2</run_address>
         <size>0x43</size>
         <input_file_ref idref="fl-d8"/>
      </object_component>
      <object_component id="oc-26e">
         <name>.debug_line</name>
         <load_address>0x29f5</load_address>
         <run_address>0x29f5</run_address>
         <size>0x20</size>
         <input_file_ref idref="fl-d9"/>
      </object_component>
      <object_component id="oc-1b7">
         <name>.debug_line</name>
         <load_address>0x2a15</load_address>
         <run_address>0x2a15</run_address>
         <size>0x56</size>
         <input_file_ref idref="fl-d9"/>
      </object_component>
      <object_component id="oc-281">
         <name>.debug_line</name>
         <load_address>0x2a6b</load_address>
         <run_address>0x2a6b</run_address>
         <size>0x20</size>
         <input_file_ref idref="fl-da"/>
      </object_component>
      <object_component id="oc-222">
         <name>.debug_line</name>
         <load_address>0x2a8b</load_address>
         <run_address>0x2a8b</run_address>
         <size>0xa8</size>
         <input_file_ref idref="fl-da"/>
      </object_component>
      <object_component id="oc-3b">
         <name>.debug_line</name>
         <load_address>0x2b33</load_address>
         <run_address>0x2b33</run_address>
         <size>0x88</size>
         <input_file_ref idref="fl-db"/>
      </object_component>
      <object_component id="oc-241">
         <name>.debug_line</name>
         <load_address>0x2bbb</load_address>
         <run_address>0x2bbb</run_address>
         <size>0xbf</size>
         <input_file_ref idref="fl-dd"/>
      </object_component>
      <object_component id="oc-137">
         <name>.debug_line</name>
         <load_address>0x2c7a</load_address>
         <run_address>0x2c7a</run_address>
         <size>0x6f</size>
         <input_file_ref idref="fl-dd"/>
      </object_component>
      <object_component id="oc-245">
         <name>.debug_line</name>
         <load_address>0x2ce9</load_address>
         <run_address>0x2ce9</run_address>
         <size>0x2e</size>
         <input_file_ref idref="fl-dd"/>
      </object_component>
      <object_component id="oc-275">
         <name>.debug_line</name>
         <load_address>0x2d17</load_address>
         <run_address>0x2d17</run_address>
         <size>0x9a</size>
         <input_file_ref idref="fl-dd"/>
      </object_component>
      <object_component id="oc-24a">
         <name>.debug_line</name>
         <load_address>0x2db1</load_address>
         <run_address>0x2db1</run_address>
         <size>0x97</size>
         <input_file_ref idref="fl-dd"/>
      </object_component>
      <object_component id="oc-24f">
         <name>.debug_line</name>
         <load_address>0x2e48</load_address>
         <run_address>0x2e48</run_address>
         <size>0x93</size>
         <input_file_ref idref="fl-dd"/>
      </object_component>
      <object_component id="oc-9c">
         <name>.debug_line</name>
         <load_address>0x2edb</load_address>
         <run_address>0x2edb</run_address>
         <size>0x40</size>
         <input_file_ref idref="fl-de"/>
      </object_component>
      <object_component id="oc-12b">
         <name>.debug_line</name>
         <load_address>0x2f1b</load_address>
         <run_address>0x2f1b</run_address>
         <size>0x3c</size>
         <input_file_ref idref="fl-e0"/>
      </object_component>
      <object_component id="oc-78">
         <name>.debug_frame</name>
         <load_address>0x0</load_address>
         <run_address>0x0</run_address>
         <size>0x170</size>
         <input_file_ref idref="fl-2"/>
      </object_component>
      <object_component id="oc-da">
         <name>.debug_frame</name>
         <load_address>0x170</load_address>
         <run_address>0x170</run_address>
         <size>0x70</size>
         <input_file_ref idref="fl-3"/>
      </object_component>
      <object_component id="oc-6c">
         <name>.debug_frame</name>
         <load_address>0x1e0</load_address>
         <run_address>0x1e0</run_address>
         <size>0x6c</size>
         <input_file_ref idref="fl-4"/>
      </object_component>
      <object_component id="oc-72">
         <name>.debug_frame</name>
         <load_address>0x24c</load_address>
         <run_address>0x24c</run_address>
         <size>0xac</size>
         <input_file_ref idref="fl-5"/>
      </object_component>
      <object_component id="oc-af">
         <name>.debug_frame</name>
         <load_address>0x2f8</load_address>
         <run_address>0x2f8</run_address>
         <size>0x70</size>
         <input_file_ref idref="fl-6"/>
      </object_component>
      <object_component id="oc-c0">
         <name>.debug_frame</name>
         <load_address>0x368</load_address>
         <run_address>0x368</run_address>
         <size>0x6c</size>
         <input_file_ref idref="fl-c0"/>
      </object_component>
      <object_component id="oc-e3">
         <name>.debug_frame</name>
         <load_address>0x3d4</load_address>
         <run_address>0x3d4</run_address>
         <size>0x7c</size>
         <input_file_ref idref="fl-c1"/>
      </object_component>
      <object_component id="oc-183">
         <name>.debug_frame</name>
         <load_address>0x450</load_address>
         <run_address>0x450</run_address>
         <size>0x64</size>
         <input_file_ref idref="fl-c2"/>
      </object_component>
      <object_component id="oc-16f">
         <name>.debug_frame</name>
         <load_address>0x4b4</load_address>
         <run_address>0x4b4</run_address>
         <size>0x6c</size>
         <input_file_ref idref="fl-c3"/>
      </object_component>
      <object_component id="oc-e8">
         <name>.debug_frame</name>
         <load_address>0x520</load_address>
         <run_address>0x520</run_address>
         <size>0x70</size>
         <input_file_ref idref="fl-c4"/>
      </object_component>
      <object_component id="oc-19b">
         <name>.debug_frame</name>
         <load_address>0x590</load_address>
         <run_address>0x590</run_address>
         <size>0x64</size>
         <input_file_ref idref="fl-c5"/>
      </object_component>
      <object_component id="oc-ec">
         <name>.debug_frame</name>
         <load_address>0x5f4</load_address>
         <run_address>0x5f4</run_address>
         <size>0x70</size>
         <input_file_ref idref="fl-c6"/>
      </object_component>
      <object_component id="oc-45">
         <name>.debug_frame</name>
         <load_address>0x664</load_address>
         <run_address>0x664</run_address>
         <size>0x54</size>
         <input_file_ref idref="fl-d0"/>
      </object_component>
      <object_component id="oc-1e">
         <name>.debug_frame</name>
         <load_address>0x6b8</load_address>
         <run_address>0x6b8</run_address>
         <size>0x54</size>
         <input_file_ref idref="fl-d1"/>
      </object_component>
      <object_component id="oc-1b">
         <name>.debug_frame</name>
         <load_address>0x70c</load_address>
         <run_address>0x70c</run_address>
         <size>0x60</size>
         <input_file_ref idref="fl-d2"/>
      </object_component>
      <object_component id="oc-fc">
         <name>.debug_frame</name>
         <load_address>0x76c</load_address>
         <run_address>0x76c</run_address>
         <size>0x54</size>
         <input_file_ref idref="fl-d3"/>
      </object_component>
      <object_component id="oc-1b2">
         <name>.debug_frame</name>
         <load_address>0x7c0</load_address>
         <run_address>0x7c0</run_address>
         <size>0x78</size>
         <input_file_ref idref="fl-d4"/>
      </object_component>
      <object_component id="oc-5a">
         <name>.debug_frame</name>
         <load_address>0x838</load_address>
         <run_address>0x838</run_address>
         <size>0x50</size>
         <input_file_ref idref="fl-d5"/>
      </object_component>
      <object_component id="oc-188">
         <name>.debug_frame</name>
         <load_address>0x888</load_address>
         <run_address>0x888</run_address>
         <size>0x54</size>
         <input_file_ref idref="fl-d6"/>
      </object_component>
      <object_component id="oc-211">
         <name>.debug_frame</name>
         <load_address>0x8dc</load_address>
         <run_address>0x8dc</run_address>
         <size>0x54</size>
         <input_file_ref idref="fl-d7"/>
      </object_component>
      <object_component id="oc-1ab">
         <name>.debug_frame</name>
         <load_address>0x930</load_address>
         <run_address>0x930</run_address>
         <size>0x70</size>
         <input_file_ref idref="fl-d8"/>
      </object_component>
      <object_component id="oc-1b8">
         <name>.debug_frame</name>
         <load_address>0x9a0</load_address>
         <run_address>0x9a0</run_address>
         <size>0x70</size>
         <input_file_ref idref="fl-d9"/>
      </object_component>
      <object_component id="oc-223">
         <name>.debug_frame</name>
         <load_address>0xa10</load_address>
         <run_address>0xa10</run_address>
         <size>0x60</size>
         <input_file_ref idref="fl-da"/>
      </object_component>
      <object_component id="oc-138">
         <name>.debug_frame</name>
         <load_address>0xa70</load_address>
         <run_address>0xa70</run_address>
         <size>0x5c</size>
         <input_file_ref idref="fl-dd"/>
      </object_component>
      <object_component id="oc-9a">
         <name>.debug_frame</name>
         <load_address>0xacc</load_address>
         <run_address>0xacc</run_address>
         <size>0x54</size>
         <input_file_ref idref="fl-de"/>
      </object_component>
      <object_component id="oc-12c">
         <name>.debug_frame</name>
         <load_address>0xb20</load_address>
         <run_address>0xb20</run_address>
         <size>0x54</size>
         <input_file_ref idref="fl-e0"/>
      </object_component>
      <object_component id="oc-1c8">
         <name>.debug_abbrev</name>
         <load_address>0x0</load_address>
         <run_address>0x0</run_address>
         <size>0xd0</size>
         <input_file_ref idref="fl-2"/>
      </object_component>
      <object_component id="oc-17d">
         <name>.debug_abbrev</name>
         <load_address>0xd0</load_address>
         <run_address>0xd0</run_address>
         <size>0x27</size>
         <input_file_ref idref="fl-2"/>
      </object_component>
      <object_component id="oc-1c1">
         <name>.debug_abbrev</name>
         <load_address>0xf7</load_address>
         <run_address>0xf7</run_address>
         <size>0x3d</size>
         <input_file_ref idref="fl-2"/>
      </object_component>
      <object_component id="oc-104">
         <name>.debug_abbrev</name>
         <load_address>0x134</load_address>
         <run_address>0x134</run_address>
         <size>0x110</size>
         <input_file_ref idref="fl-2"/>
      </object_component>
      <object_component id="oc-1cc">
         <name>.debug_abbrev</name>
         <load_address>0x244</load_address>
         <run_address>0x244</run_address>
         <size>0xbd</size>
         <input_file_ref idref="fl-2"/>
      </object_component>
      <object_component id="oc-1d1">
         <name>.debug_abbrev</name>
         <load_address>0x301</load_address>
         <run_address>0x301</run_address>
         <size>0x97</size>
         <input_file_ref idref="fl-2"/>
      </object_component>
      <object_component id="oc-114">
         <name>.debug_abbrev</name>
         <load_address>0x398</load_address>
         <run_address>0x398</run_address>
         <size>0x69</size>
         <input_file_ref idref="fl-2"/>
      </object_component>
      <object_component id="oc-107">
         <name>.debug_abbrev</name>
         <load_address>0x401</load_address>
         <run_address>0x401</run_address>
         <size>0x1f</size>
         <input_file_ref idref="fl-2"/>
      </object_component>
      <object_component id="oc-1c5">
         <name>.debug_abbrev</name>
         <load_address>0x420</load_address>
         <run_address>0x420</run_address>
         <size>0x5c</size>
         <input_file_ref idref="fl-2"/>
      </object_component>
      <object_component id="oc-10c">
         <name>.debug_abbrev</name>
         <load_address>0x47c</load_address>
         <run_address>0x47c</run_address>
         <size>0x24</size>
         <input_file_ref idref="fl-2"/>
      </object_component>
      <object_component id="oc-17f">
         <name>.debug_abbrev</name>
         <load_address>0x4a0</load_address>
         <run_address>0x4a0</run_address>
         <size>0x89</size>
[...]
      <symbol id="sm-b">
         <name>__STACK_END</name>
         <value>0x20040000</value>
      </symbol>
      <symbol id="sm-c">
         <name>__c_args__</name>
         <value>0xffffffff</value>
      </symbol>
      <symbol id="sm-d">
         <name>__TI_pprof_out_hndl</name>
         <value>0xffffffff</value>
      </symbol>
      <symbol id="sm-e">
         <name>__TI_prof_data_start</name>
         <value>0xffffffff</value>
      </symbol>
      <symbol id="sm-f">
         <name>__TI_prof_data_size</name>
         <value>0xffffffff</value>
      </symbol>
      <symbol id="sm-f2">
         <name>setServoAngle</name>
         <value>0xbe7</value>
         <object_component_ref idref="oc-73"/>
      </symbol>
      <symbol id="sm-f3">
         <name>configureSpeaker</name>
         <value>0xe43</value>
         <object_component_ref idref="oc-73"/>
      </symbol>
      <symbol id="sm-f4">
         <name>fire</name>
         <value>0x20000002</value>
         <object_component_ref idref="oc-100"/>
      </symbol>
      <symbol id="sm-f5">
         <name>playTone</name>
         <value>0xe6d</value>
         <object_component_ref idref="oc-73"/>
      </symbol>
      <symbol id="sm-f6">
         <name>configureUART</name>
         <value>0xdf1</value>
         <object_component_ref idref="oc-73"/>
      </symbol>
      <symbol id="sm-f7">
         <name>EUSCIA2_IRQHandler</name>
         <value>0x12c1</value>
         <object_component_ref idref="oc-73"/>
      </symbol>
      <symbol id="sm-f8">
         <name>main</name>
         <value>0xfe9</value>
         <object_component_ref idref="oc-73"/>
      </symbol>
      <symbol id="sm-f9">
         <name>armed</name>
         <value>0x20000001</value>
         <object_component_ref idref="oc-100"/>
      </symbol>
      <symbol id="sm-fa">
         <name>ADC14_IRQHandler</name>
         <value>0x1241</value>
         <object_component_ref idref="oc-73"/>
      </symbol>
      <symbol id="sm-fb">
         <name>adcResult</name>
         <value>0x20000004</value>
         <object_component_ref idref="oc-100"/>
      </symbol>
      <symbol id="sm-fc">
         <name>configureSpeakerLEDPayload</name>
         <value>0xab9</value>
         <object_component_ref idref="oc-73"/>
      </symbol>
      <symbol id="sm-fd">
         <name>ConfigureServo</name>
         <value>0xb5b</value>
         <object_component_ref idref="oc-73"/>
      </symbol>
      <symbol id="sm-fe">
         <name>stopTone</name>
         <value>0xea7</value>
         <object_component_ref idref="oc-73"/>
      </symbol>
      <symbol id="sm-ff">
         <name>calculateAngle</name>
         <value>0xb15</value>
         <object_component_ref idref="oc-73"/>
      </symbol>
      <symbol id="sm-100">
         <name>setFinAngles</name>
         <value>0xf01</value>
         <object_component_ref idref="oc-73"/>
      </symbol>
      <symbol id="sm-126">
         <name>error</name>
         <value>0x3aa9</value>
         <object_component_ref idref="oc-d8"/>
      </symbol>
      <symbol id="sm-127">
         <name>configHFXT</name>
         <value>0x3a09</value>
         <object_component_ref idref="oc-d8"/>
      </symbol>
      <symbol id="sm-13c">
         <name>Reset_Handler</name>
         <value>0x3f13</value>
         <object_component_ref idref="oc-67"/>
      </symbol>
      <symbol id="sm-13d">
         <name>Default_Handler</name>
         <value>0x3f1f</value>
         <object_component_ref idref="oc-67"/>
      </symbol>
      <symbol id="sm-13e">
         <name>interruptVectors</name>
         <value>0x0</value>
         <object_component_ref idref="oc-26"/>
      </symbol>
      <symbol id="sm-164">
         <name>disableStepperMotor</name>
         <value>0x3775</value>
         <object_component_ref idref="oc-6d"/>
      </symbol>
      <symbol id="sm-165">
         <name>steps</name>
         <value>0x20000008</value>
         <object_component_ref idref="oc-b2"/>
      </symbol>
      <symbol id="sm-166">
         <name>stepPeriod</name>
         <value>0x2000000c</value>
         <object_component_ref idref="oc-b2"/>
      </symbol>
      <symbol id="sm-167">
         <name>TA3_0_IRQHandler</name>
         <value>0x37d3</value>
         <object_component_ref idref="oc-6d"/>
      </symbol>
      <symbol id="sm-168">
         <name>initStepperMotor</name>
         <value>0x3711</value>
         <object_component_ref idref="oc-6d"/>
      </symbol>
      <symbol id="sm-169">
         <name>stepClockwise</name>
         <value>0x377f</value>
         <object_component_ref idref="oc-6d"/>
      </symbol>
      <symbol id="sm-16a">
         <name>enableStepperMotor</name>
         <value>0x376b</value>
         <object_component_ref idref="oc-6d"/>
      </symbol>
      <symbol id="sm-1b8">
         <name>SystemInit</name>
         <value>0x292d</value>
         <object_component_ref idref="oc-ab"/>
      </symbol>
      <symbol id="sm-1b9">
         <name>SystemCoreClockUpdate</name>
         <value>0x26b5</value>
         <object_component_ref idref="oc-ab"/>
      </symbol>
      <symbol id="sm-1ba">
         <name>SystemCoreClock</name>
         <value>0x20000014</value>
         <object_component_ref idref="oc-165"/>
      </symbol>
      <symbol id="sm-1fe">
         <name>atan2</name>
         <value>0x2cf1</value>
         <object_component_ref idref="oc-bb"/>
      </symbol>
      <symbol id="sm-1ff">
         <name>atan2l</name>
         <value>0x2cf1</value>
         <object_component_ref idref="oc-bb"/>
      </symbol>
      <symbol id="sm-28b">
         <name>pow</name>
         <value>0xe9</value>
         <object_component_ref idref="oc-de"/>
      </symbol>
      <symbol id="sm-28c">
         <name>powl</name>
         <value>0xe9</value>
         <object_component_ref idref="oc-de"/>
      </symbol>
      <symbol id="sm-2ae">
         <name>sqrtl</name>
         <value>0x3371</value>
         <object_component_ref idref="oc-180"/>
      </symbol>
      <symbol id="sm-2af">
         <name>sqrt</name>
         <value>0x3371</value>
         <object_component_ref idref="oc-180"/>
      </symbol>
      <symbol id="sm-2e5">
         <name>atanl</name>
         <value>0x2a05</value>
         <object_component_ref idref="oc-16c"/>
      </symbol>
      <symbol id="sm-2e6">
         <name>atan</name>
         <value>0x2a05</value>
         <object_component_ref idref="oc-16c"/>
      </symbol>
      <symbol id="sm-337">
         <name>cosl</name>
         <value>0x20d9</value>
         <object_component_ref idref="oc-e4"/>
      </symbol>
      <symbol id="sm-338">
         <name>cos</name>
         <value>0x20d9</value>
         <object_component_ref idref="oc-e4"/>
      </symbol>
      <symbol id="sm-35f">
         <name>scalbn</name>
         <value>0x3601</value>
         <object_component_ref idref="oc-199"/>
      </symbol>
      <symbol id="sm-360">
         <name>scalbnl</name>
         <value>0x3601</value>
         <object_component_ref idref="oc-199"/>
      </symbol>
      <symbol id="sm-361">
         <name>ldexpl</name>
         <value>0x3601</value>
         <object_component_ref idref="oc-199"/>
      </symbol>
      <symbol id="sm-362">
         <name>ldexp</name>
         <value>0x3601</value>
         <object_component_ref idref="oc-199"/>
      </symbol>
      <symbol id="sm-3b2">
         <name>sin</name>
         <value>0x1af9</value>
         <object_component_ref idref="oc-ea"/>
      </symbol>
      <symbol id="sm-3b3">
         <name>sinl</name>
         <value>0x1af9</value>
         <object_component_ref idref="oc-ea"/>
      </symbol>
      <symbol id="sm-3ca">
         <name>__aeabi_dsub</name>
         <value>0x2ed5</value>
         <object_component_ref idref="oc-d0"/>
      </symbol>
      <symbol id="sm-3cb">
         <name>__aeabi_dadd</name>
         <value>0x2edf</value>
         <object_component_ref idref="oc-d0"/>
      </symbol>
      <symbol id="sm-3ed">
         <name>__aeabi_cdcmpeq</name>
         <value>0x3b8d</value>
         <object_component_ref idref="oc-194"/>
      </symbol>
      <symbol id="sm-3ee">
         <name>__aeabi_cdcmple</name>
         <value>0x3b8d</value>
         <object_component_ref idref="oc-194"/>
      </symbol>
      <symbol id="sm-3ef">
         <name>__aeabi_cdrcmple</name>
         <value>0x3c13</value>
         <object_component_ref idref="oc-f5"/>
      </symbol>
      <symbol id="sm-403">
         <name>__aeabi_ddiv</name>
         <value>0x34c9</value>
         <object_component_ref idref="oc-c6"/>
      </symbol>
      <symbol id="sm-40e">
         <name>__aeabi_dmul</name>
         <value>0x3815</value>
         <object_component_ref idref="oc-c1"/>
      </symbol>
      <symbol id="sm-418">
         <name>__aeabi_d2iz</name>
         <value>0x3d6f</value>
         <object_component_ref idref="oc-1a2"/>
      </symbol>
      <symbol id="sm-424">
         <name>__aeabi_d2f</name>
         <value>0x3c99</value>
         <object_component_ref idref="oc-cb"/>
      </symbol>
      <symbol id="sm-42f">
         <name>__aeabi_f2d</name>
         <value>0x3dfd</value>
         <object_component_ref idref="oc-b6"/>
      </symbol>
      <symbol id="sm-439">
         <name>__aeabi_i2d</name>
         <value>0x3e69</value>
         <object_component_ref idref="oc-18c"/>
      </symbol>
      <symbol id="sm-443">
         <name>__aeabi_ui2d</name>
         <value>0x3e97</value>
         <object_component_ref idref="oc-f0"/>
      </symbol>
      <symbol id="sm-45c">
         <name>__TI_zero_init_nomemset</name>
         <value>0x3eb7</value>
         <object_component_ref idref="oc-43"/>
      </symbol>
      <symbol id="sm-473">
         <name>__TI_decompress_none</name>
         <value>0x3f05</value>
         <object_component_ref idref="oc-1d"/>
      </symbol>
      <symbol id="sm-496">
         <name>__TI_decompress_lzss</name>
         <value>0x3d07</value>
         <object_component_ref idref="oc-17"/>
      </symbol>
      <symbol id="sm-4a5">
         <name>strcmp</name>
         <value>0x3eed</value>
         <object_component_ref idref="oc-fa"/>
      </symbol>
      <symbol id="sm-50b">
         <name>__kernel_rem_pio2</name>
         <value>0x13c1</value>
         <object_component_ref idref="oc-1ad"/>
      </symbol>
      <symbol id="sm-51e">
         <name>__stack</name>
         <value>0x2003fe00</value>
         <object_component_ref idref="oc-29"/>
      </symbol>
      <symbol id="sm-51f">
         <name>_c_int00_noargs</name>
         <value>0x3e35</value>
         <object_component_ref idref="oc-55"/>
      </symbol>
      <symbol id="sm-535">
         <name>__aeabi_errno_addr</name>
         <value>0x3f21</value>
         <object_component_ref idref="oc-186"/>
      </symbol>
      <symbol id="sm-536">
         <name>errno</name>
         <value>0x20000010</value>
         <object_component_ref idref="oc-203"/>
      </symbol>
      <symbol id="sm-540">
         <name>copysign</name>
         <value>0x3ed3</value>
         <object_component_ref idref="oc-20c"/>
      </symbol>
      <symbol id="sm-541">
         <name>copysignl</name>
         <value>0x3ed3</value>
         <object_component_ref idref="oc-20c"/>
      </symbol>
      <symbol id="sm-557">
         <name>__kernel_cos</name>
         <value>0x3201</value>
         <object_component_ref idref="oc-1a7"/>
      </symbol>
      <symbol id="sm-56e">
         <name>__kernel_sin</name>
         <value>0x308d</value>
         <object_component_ref idref="oc-1b3"/>
      </symbol>
      <symbol id="sm-58b">
         <name>floorl</name>
         <value>0x3911</value>
         <object_component_ref idref="oc-21e"/>
      </symbol>
      <symbol id="sm-58c">
         <name>floor</name>
         <value>0x3911</value>
         <object_component_ref idref="oc-21e"/>
      </symbol>
      <symbol id="sm-5a7">
         <name>memcpy</name>
         <value>0x3af1</value>
         <object_component_ref idref="oc-37"/>
      </symbol>
      <symbol id="sm-5a8">
         <name>__aeabi_memcpy</name>
         <value>0x3af1</value>
         <object_component_ref idref="oc-37"/>
      </symbol>
      <symbol id="sm-5a9">
         <name>__aeabi_memcpy8</name>
         <value>0x3af1</value>
         <object_component_ref idref="oc-37"/>
      </symbol>
      <symbol id="sm-5aa">
         <name>__aeabi_memcpy4</name>
         <value>0x3af1</value>
         <object_component_ref idref="oc-37"/>
      </symbol>
      <symbol id="sm-5d3">
         <name>__TI_auto_init_nobinit_nopinit</name>
         <value>0x3db9</value>
         <object_component_ref idref="oc-133"/>
      </symbol>
      <symbol id="sm-5dd">
         <name>_system_pre_init</name>
         <value>0x3f29</value>
         <object_component_ref idref="oc-99"/>
      </symbol>
      <symbol id="sm-5e9">
         <name>C$$EXIT</name>
         <value>0x3f2d</value>
         <object_component_ref idref="oc-127"/>
      </symbol>
      <symbol id="sm-5ea">
         <name>abort</name>
         <value>0x3f2d</value>
         <object_component_ref idref="oc-127"/>
      </symbol>
      <symbol id="sm-5ed">
         <name>__TI_static_base__</name>
         <value>0x0</value>
      </symbol>
      <symbol id="sm-5f0">
         <name>__mpu_init</name>
         <value>0x0</value>
      </symbol>
      <symbol id="sm-5f1">
         <name>_system_post_cinit</name>
         <value>0x0</value>
      </symbol>
      <symbol id="sm-5f2">
         <name>NMI_Handler</name>
         <value>0x3f1f</value>
      </symbol>
      <symbol id="sm-5f3">
         <name>HardFault_Handler</name>
         <value>0x3f1f</value>
      </symbol>
      <symbol id="sm-5f4">
         <name>MemManage_Handler</name>
         <value>0x3f1f</value>
      </symbol>
      <symbol id="sm-5f5">
         <name>BusFault_Handler</name>
         <value>0x3f1f</value>
      </symbol>
      <symbol id="sm-5f6">
         <name>UsageFault_Handler</name>
         <value>0x3f1f</value>
      </symbol>
      <symbol id="sm-5f7">
         <name>SVC_Handler</name>
         <value>0x3f1f</value>
      </symbol>
      <symbol id="sm-5f8">
         <name>DebugMon_Handler</name>
         <value>0x3f1f</value>
      </symbol>
      <symbol id="sm-5f9">
         <name>PendSV_Handler</name>
         <value>0x3f1f</value>
      </symbol>
      <symbol id="sm-5fa">
         <name>SysTick_Handler</name>
         <value>0x3f1f</value>
      </symbol>
      <symbol id="sm-5fb">
         <name>PSS_IRQHandler</name>
         <value>0x3f1f</value>
      </symbol>
      <symbol id="sm-5fc">
         <name>CS_IRQHandler</name>
         <value>0x3f1f</value>
      </symbol>
      <symbol id="sm-5fd">
         <name>PCM_IRQHandler</name>
         <value>0x3f1f</value>
      </symbol>
      <symbol id="sm-5fe">
         <name>WDT_A_IRQHandler</name>
         <value>0x3f1f</value>
      </symbol>
      <symbol id="sm-5ff">
         <name>FPU_IRQHandler</name>
         <value>0x3f1f</value>
      </symbol>
      <symbol id="sm-600">
         <name>FLCTL_A_IRQHandler</name>
         <value>0x3f1f</value>
      </symbol>
      <symbol id="sm-601">
         <name>COMP_E0_IRQHandler</name>
         <value>0x3f1f</value>
      </symbol>
      <symbol id="sm-602">
         <name>COMP_E1_IRQHandler</name>
         <value>0x3f1f</value>
      </symbol>
      <symbol id="sm-603">
         <name>TA0_0_IRQHandler</name>
         <value>0x3f1f</value>
      </symbol>
      <symbol id="sm-604">
         <name>TA0_N_IRQHandler</name>
         <value>0x3f1f</value>
      </symbol>
      <symbol id="sm-605">
         <name>TA1_0_IRQHandler</name>
         <value>0x3f1f</value>
      </symbol>
      <symbol id="sm-606">
         <name>TA1_N_IRQHandler</name>
         <value>0x3f1f</value>
      </symbol>
      <symbol id="sm-607">
         <name>TA2_0_IRQHandler</name>
         <value>0x3f1f</value>
      </symbol>
      <symbol id="sm-608">
         <name>TA2_N_IRQHandler</name>
         <value>0x3f1f</value>
      </symbol>
      <symbol id="sm-609">
         <name>TA3_0_IRQHandler</name>
         <value>0x37d3</value>
      </symbol>
      <symbol id="sm-60a">
         <name>TA3_N_IRQHandler</name>
         <value>0x3f1f</value>
      </symbol>
      <symbol id="sm-60b">
         <name>EUSCIA0_IRQHandler</name>
         <value>0x3f1f</value>
      </symbol>
      <symbol id="sm-60c">
         <name>EUSCIA1_IRQHandler</name>
         <value>0x3f1f</value>
      </symbol>
      <symbol id="sm-60d">
         <name>EUSCIA2_IRQHandler</name>
         <value>0x12c1</value>
      </symbol>
      <symbol id="sm-60e">
         <name>EUSCIA3_IRQHandler</name>
         <value>0x3f1f</value>
      </symbol>
      <symbol id="sm-60f">
         <name>EUSCIB0_IRQHandler</name>
         <value>0x3f1f</value>
      </symbol>
      <symbol id="sm-610">
         <name>EUSCIB1_IRQHandler</name>
         <value>0x3f1f</value>
      </symbol>
      <symbol id="sm-611">
         <name>EUSCIB2_IRQHandler</name>
         <value>0x3f1f</value>
      </symbol>
      <symbol id="sm-612">
         <name>EUSCIB3_IRQHandler</name>
         <value>0x3f1f</value>
      </symbol>
      <symbol id="sm-613">
         <name>ADC14_IRQHandler</name>
         <value>0x1241</value>
      </symbol>
      <symbol id="sm-614">
         <name>T32_INT1_IRQHandler</name>
         <value>0x3f1f</value>
      </symbol>
      <symbol id="sm-615">
         <name>T32_INT2_IRQHandler</name>
         <value>0x3f1f</value>
      </symbol>
      <symbol id="sm-616">
         <name>T32_INTC_IRQHandler</name>
         <value>0x3f1f</value>
      </symbol>
      <symbol id="sm-617">
         <name>AES256_IRQHandler</name>
         <value>0x3f1f</value>
      </symbol>
      <symbol id="sm-618">
         <name>RTC_C_IRQHandler</name>
         <value>0x3f1f</value>
      </symbol>
      <symbol id="sm-619">
         <name>DMA_ERR_IRQHandler</name>
         <value>0x3f1f</value>
      </symbol>
      <symbol id="sm-61a">
         <name>DMA_INT3_IRQHandler</name>
         <value>0x3f1f</value>
      </symbol>
      <symbol id="sm-61b">
         <name>DMA_INT2_IRQHandler</name>
         <value>0x3f1f</value>
      </symbol>
      <symbol id="sm-61c">
         <name>DMA_INT1_IRQHandler</name>
         <value>0x3f1f</value>
      </symbol>
      <symbol id="sm-61d">
         <name>DMA_INT0_IRQHandler</name>
         <value>0x3f1f</value>
      </symbol>
      <symbol id="sm-61e">
         <name>PORT1_IRQHandler</name>
         <value>0x3f1f</value>
      </symbol>
      <symbol id="sm-61f">
         <name>PORT2_IRQHandler</name>
         <value>0x3f1f</value>
      </symbol>
      <symbol id="sm-620">
         <name>PORT3_IRQHandler</name>
         <value>0x3f1f</value>
      </symbol>
      <symbol id="sm-621">
         <name>PORT4_IRQHandler</name>
         <value>0x3f1f</value>
      </symbol>
      <symbol id="sm-622">
         <name>PORT5_IRQHandler</name>
         <value>0x3f1f</value>
      </symbol>
      <symbol id="sm-623">
         <name>PORT6_IRQHandler</name>
         <value>0x3f1f</value>
      </symbol>
      <symbol id="sm-624">
         <name>LCD_F_IRQHandler</name>
         <value>0x3f1f</value>
      </symbol>
   </symbol_table>
   <title>Link successful</title>
</link_info>
